


ARM Macro Assembler    Page 1 


    1 00000000                 AREA             |RESET|, CODE, READONLY
    2 00000000         DRVSTART
                               PROC
    3 00000000                 EXPORT           DRVSTART
    4 00000000                 IMPORT           __main
    5 00000000 BF00            NOP
    6 00000002 BF00            NOP
    7 00000004         ; Ìø×ªµ½ C ¿âÈë¿Ú __main£ºÍê³É .data ¿½±´ + .bss ÇåÁã£¨s
                       catter loading£©
    8 00000004         ; ºó×Ô¶¯µ÷ÓÃ main()¡£Ö±½ÓÌø main »áÌø¹ýÔËÐÐÊ±³õÊ¼»¯µ¼ÖÂÈ
                       «¾Ö±äÁ¿Î´³õÊ¼»¯¡£
    9 00000004 4801            LDR              R0, = __main
   10 00000006 4700            BX               R0
   11 00000008 E7FE            B                .
   12 0000000A                 ENDP
   13 0000000A         
   14 0000000A 00 00           ALIGN
   15 0000000C                 END
              00000000 
Command Line: --debug --xref --diag_suppress=9931 --cpu=Cortex-M4.fp.sp --apcs=
interwork --depend=bled_drv\svcrt_drv_start.d -obled_drv\svcrt_drv_start.o -IE:
\mdk5\pack\Keil\STM32F4xx_DFP\2.17.0\Drivers\CMSIS\Device\ST\STM32F4xx\Include 
--predefine="__UVISION_VERSION SETA 535" --predefine="STM32F427xx SETA 1" --lis
t=svcrt_drv_start.lst ..\..\..\..\..\kernelsrc\sdk\driver_sdk\svcrt_drv_start.s



ARM Macro Assembler    Page 1 Alphabetic symbol ordering
Relocatable symbols

DRVSTART 00000000

Symbol: DRVSTART
   Definitions
      At line 2 in file ..\..\..\..\..\kernelsrc\sdk\driver_sdk\svcrt_drv_start
.s
   Uses
      At line 3 in file ..\..\..\..\..\kernelsrc\sdk\driver_sdk\svcrt_drv_start
.s
Comment: DRVSTART used once
RESET 00000000

Symbol: RESET
   Definitions
      At line 1 in file ..\..\..\..\..\kernelsrc\sdk\driver_sdk\svcrt_drv_start
.s
   Uses
      None
Comment: RESET unused
2 symbols



ARM Macro Assembler    Page 1 Alphabetic symbol ordering
External symbols

__main 00000000

Symbol: __main
   Definitions
      At line 4 in file ..\..\..\..\..\kernelsrc\sdk\driver_sdk\svcrt_drv_start
.s
   Uses
      At line 9 in file ..\..\..\..\..\kernelsrc\sdk\driver_sdk\svcrt_drv_start
.s
Comment: __main used once
1 symbol
338 symbols in table
