*** Using Compiler 'V5.06 update 7 (build 960)', folder: 'D:\Keil_v5\ARM\ARMCC\Bin'
Rebuild target 'SVCRTOS_TEST'
Note: source file '../Core/Src/system_stm32f4xx.c' - object file renamed from 'SVCRTOS_TEST\system_stm32f4xx.o' to 'SVCRTOS_TEST\system_stm32f4xx_1.o'.Before Build - User command #1: python ..\..\..\..\..\tools\gen_scatter.py --target kernel --output ..\..\..\..\..\build\kernel.sct
[gen_scatter] kernel        -> ..\..\..\..\..\build\kernel.sct
assembling startup_stm32f427xx.s...
compiling system_stm32f4xx.c...
compiling usart.c...
compiling rtc.c...
compiling sdio.c...
compiling gpio.c...
compiling spi.c...
compiling main.c...
compiling usb_otg.c...
compiling svcrt_fifo.c...
compiling stm32f4xx_hal_msp.c...
compiling svcrt_event.c...
compiling svcrt_mq.c...
compiling svcrt_sync.c...
compiling stm32f4xx_it.c...
compiling svcrt_task.c...
compiling svcrt_ptable.c...
compiling svcrt_dev.c...
compiling svcrt_cfg.c...
compiling svcrt_fault.c...
compiling svcrt_init.c...
compiling svcrt_timer.c...
assembling svcrt_context.S...
compiling svcrt_installer.c...
compiling svcrt_mpu.c...
compiling svcrt_loader.c...
compiling svcrt_board.c...
compiling drvuart.c...
compiling drvled.c...
compiling drvflash.c...
compiling svcrt_port.c...
compiling stm32f4xx_hal_rtc.c...
compiling stm32f4xx_hal_rtc_ex.c...
compiling stm32f4xx_hal_rcc.c...
compiling stm32f4xx_hal_flash.c...
compiling stm32f4xx_hal_rcc_ex.c...
compiling stm32f4xx_hal_flash_ex.c...
compiling stm32f4xx_hal_gpio.c...
compiling stm32f4xx_hal_flash_ramfunc.c...
compiling stm32f4xx_hal_dma.c...
compiling stm32f4xx_hal_cortex.c...
compiling stm32f4xx_hal_pwr.c...
compiling stm32f4xx_hal_pwr_ex.c...
compiling stm32f4xx_hal_dma_ex.c...
compiling stm32f4xx_hal.c...
compiling stm32f4xx_hal_exti.c...
compiling stm32f4xx_hal_mmc.c...
compiling stm32f4xx_ll_sdmmc.c...
compiling stm32f4xx_hal_sd.c...
compiling stm32f4xx_hal_spi.c...
compiling stm32f4xx_hal_pcd.c...
compiling stm32f4xx_hal_uart.c...
compiling stm32f4xx_hal_pcd_ex.c...
compiling stm32f4xx_ll_usb.c...
linking...
Program Size: Code=18126 RO-data=490 RW-data=136 ZI-data=20808  
FromELF: creating hex file...
"SVCRTOS_TEST\SVCRTOS_TEST.axf" - 0 Error(s), 0 Warning(s).
Build Time Elapsed:  00:01:01
