<html>
<body>
<pre>
<h1>µVision Build Log</h1>
<h2>Tool Versions:</h2>
IDE-Version: ¦ÌVision V5.41.0.0
Copyright (C) 2024 ARM Ltd and ARM Germany GmbH. All rights reserved.
License Information: qq xw, 1, LIC=EXJT4-FVSNR-2ZCW4-F60C8-70GQ8-AFNFA
 
Tool Versions:
Toolchain:       MDK-ARM Plus  Version: 5.41.0.0
Toolchain Path:  D:\Keil_v5\ARM\ARMCC\Bin
C Compiler:      Armcc.exe V5.06 update 7 (build 960)
Assembler:       Armasm.exe V5.06 update 7 (build 960)
Linker/Locator:  ArmLink.exe V5.06 update 7 (build 960)
Library Manager: ArmAr.exe V5.06 update 7 (build 960)
Hex Converter:   FromElf.exe V5.06 update 7 (build 960)
CPU DLL:         SARMCM3.DLL V5.41.0.0
Dialog DLL:      DCM.DLL V1.17.5.0
Target DLL:      CMSIS_AGDI.dll V1.33.21.0
Dialog DLL:      TCM.DLL V1.56.4.0
 
<h2>Project:</h2>
D:\¹¤×÷\git_project\svcrtos_new\example\stm32f427\kernel\SVCRTOS_TEST\MDK-ARM\SVCRTOS_TEST.uvprojx
Project File Date:  09/11/2026

<h2>Output:</h2>
*** Using Compiler 'V5.06 update 7 (build 960)', folder: 'D:\Keil_v5\ARM\ARMCC\Bin'
Rebuild target 'SVCRTOS_TEST'
Note: source file '../Core/Src/system_stm32f4xx.c' - object file renamed from 'SVCRTOS_TEST\system_stm32f4xx.o' to 'SVCRTOS_TEST\system_stm32f4xx_1.o'.
assembling startup_stm32f427xx.s...
compiling system_stm32f4xx.c...
compiling rtc.c...
compiling usart.c...
compiling gpio.c...
compiling spi.c...
compiling usb_otg.c...
compiling sdio.c...
compiling main.c...
compiling svcrt_fifo.c...
compiling svcrt_sync.c...
compiling svcrt_mq.c...
compiling svcrt_cfg.c...
compiling svcrt_event.c...
compiling stm32f4xx_hal_msp.c...
compiling svcrt_task.c...
compiling stm32f4xx_it.c...
compiling svcrt_dev.c...
assembling svcrt_context.S...
compiling oslib.c...
compiling svcrt_timer.c...
compiling svcrt_fault.c...
compiling svcrt_port.c...
compiling drvuart.c...
compiling drvled.c...
compiling svcrt_board.c...
compiling stm32f4xx_hal_rtc.c...
compiling stm32f4xx_hal_rtc_ex.c...
compiling stm32f4xx_hal_flash_ramfunc.c...
compiling stm32f4xx_hal_flash_ex.c...
compiling stm32f4xx_hal_dma.c...
compiling stm32f4xx_hal_gpio.c...
compiling stm32f4xx_hal_flash.c...
compiling stm32f4xx_hal_rcc_ex.c...
compiling stm32f4xx_hal_dma_ex.c...
compiling stm32f4xx_hal_rcc.c...
compiling stm32f4xx_hal_exti.c...
compiling stm32f4xx_hal_cortex.c...
compiling stm32f4xx_ll_sdmmc.c...
compiling stm32f4xx_hal_pwr.c...
compiling stm32f4xx_hal_pwr_ex.c...
compiling stm32f4xx_hal_mmc.c...
compiling stm32f4xx_hal.c...
compiling stm32f4xx_hal_sd.c...
compiling stm32f4xx_hal_pcd_ex.c...
compiling stm32f4xx_hal_pcd.c...
compiling stm32f4xx_hal_spi.c...
compiling stm32f4xx_ll_usb.c...
compiling stm32f4xx_hal_uart.c...
linking...
Program Size: Code=12558 RO-data=490 RW-data=100 ZI-data=20148  
FromELF: creating hex file...
"SVCRTOS_TEST\SVCRTOS_TEST.axf" - 0 Error(s), 0 Warning(s).

<h2>Software Packages used:</h2>

Package Vendor: ARM
                https://www.keil.com/pack/ARM.CMSIS.6.1.0.pack
                ARM::CMSIS@6.1.0
                CMSIS (Common Microcontroller Software Interface Standard)
   * Component: CORE Version: 6.1.0

Package Vendor: Keil
                http://www.keil.com/pack/Keil.STM32F4xx_DFP.2.15.0.pack
                Keil::STM32F4xx_DFP@2.15.0
                STMicroelectronics STM32F4 Series Device Support, Drivers and Examples

<h2>Collection of Component include folders:</h2>
  ./RTE/_SVCRTOS_TEST
  D:/Users/xw/AppData/Local/Arm/Packs/ARM/CMSIS/6.1.0/CMSIS/Core/Include
  D:/Users/xw/AppData/Local/Arm/Packs/Keil/STM32F4xx_DFP/2.15.0/Drivers/CMSIS/Device/ST/STM32F4xx/Include

<h2>Collection of Component Files used:</h2>

   * Component: ARM::CMSIS:CORE@6.1.0
      Include file:  CMSIS/Core/Include/tz_context.h
Build Time Elapsed:  00:00:51
</pre>
</body>
</html>
