Component: ARM Compiler 5.06 update 7 (build 960) Tool: armlink [4d3601]

==============================================================================

Section Cross References

    startup_stm32f427xx.o(STACK) refers (Special) to heapauxi.o(.text) for __use_two_region_memory
    startup_stm32f427xx.o(HEAP) refers (Special) to heapauxi.o(.text) for __use_two_region_memory
    startup_stm32f427xx.o(RESET) refers (Special) to heapauxi.o(.text) for __use_two_region_memory
    startup_stm32f427xx.o(RESET) refers to startup_stm32f427xx.o(STACK) for __initial_sp
    startup_stm32f427xx.o(RESET) refers to startup_stm32f427xx.o(.text) for Reset_Handler
    startup_stm32f427xx.o(RESET) refers to stm32f4xx_it.o(i.NMI_Handler) for NMI_Handler
    startup_stm32f427xx.o(RESET) refers to svcrt_board.o(i.HardFault_Handler) for HardFault_Handler
    startup_stm32f427xx.o(RESET) refers to stm32f4xx_it.o(i.MemManage_Handler) for MemManage_Handler
    startup_stm32f427xx.o(RESET) refers to stm32f4xx_it.o(i.BusFault_Handler) for BusFault_Handler
    startup_stm32f427xx.o(RESET) refers to stm32f4xx_it.o(i.UsageFault_Handler) for UsageFault_Handler
    startup_stm32f427xx.o(RESET) refers to context_rvds.o(.text) for SVC_Handler
    startup_stm32f427xx.o(RESET) refers to stm32f4xx_it.o(i.DebugMon_Handler) for DebugMon_Handler
    startup_stm32f427xx.o(RESET) refers to svcrt_board.o(i.SysTick_Handler) for SysTick_Handler
    startup_stm32f427xx.o(RESET) refers to drvuart.o(i.USART1_IRQHandler) for USART1_IRQHandler
    startup_stm32f427xx.o(.text) refers (Special) to heapauxi.o(.text) for __use_two_region_memory
    startup_stm32f427xx.o(.text) refers to system_stm32f4xx.o(i.SystemInit) for SystemInit
    startup_stm32f427xx.o(.text) refers to __main.o(!!!main) for __main
    startup_stm32f427xx.o(.text) refers to startup_stm32f427xx.o(HEAP) for Heap_Mem
    startup_stm32f427xx.o(.text) refers to startup_stm32f427xx.o(STACK) for Stack_Mem
    main.o(i.SystemClock_Config) refers to rt_memclr_w.o(.text) for __aeabi_memclr4
    main.o(i.SystemClock_Config) refers to stm32f4xx_hal_rcc.o(i.HAL_RCC_OscConfig) for HAL_RCC_OscConfig
    main.o(i.SystemClock_Config) refers to stm32f4xx_hal_rcc.o(i.HAL_RCC_ClockConfig) for HAL_RCC_ClockConfig
    main.o(i.main) refers to stm32f4xx_hal.o(i.HAL_Init) for HAL_Init
    main.o(i.main) refers to main.o(i.SystemClock_Config) for SystemClock_Config
    main.o(i.main) refers to gpio.o(i.MX_GPIO_Init) for MX_GPIO_Init
    main.o(i.main) refers to svcrt_board.o(i.svcrt_port_board_init) for svcrt_port_board_init
    main.o(i.main) refers to svcrt_cfg.o(i.svcrt_cfg_load) for svcrt_cfg_load
    main.o(i.main) refers to svcrt_board.o(i.svcrt_port_irq_init) for svcrt_port_irq_init
    main.o(i.main) refers to svcrt_event.o(i.svcrt_event_module_init) for svcrt_event_module_init
    main.o(i.main) refers to svcrt_dev.o(i.svcrt_dev_module_init) for svcrt_dev_module_init
    main.o(i.main) refers to svcrt_board.o(i.svcrt_dev_board_init) for svcrt_dev_board_init
    main.o(i.main) refers to svcrt_mpu.o(i.svcrt_mpu_module_init) for svcrt_mpu_module_init
    main.o(i.main) refers to svcrt_board.o(i.svcrt_port_start_timer) for svcrt_port_start_timer
    main.o(i.main) refers to main.o(i.svcrt_start_idle) for svcrt_start_idle
    main.o(i.svcrt_start_idle) refers to svcrt_board.o(i.svcrt_port_set_psp) for svcrt_port_set_psp
    main.o(i.svcrt_start_idle) refers to svcrt_board.o(i.svcrt_port_set_idle_mpu) for svcrt_port_set_idle_mpu
    main.o(i.svcrt_start_idle) refers to svcrt_board.o(i.svcrt_port_get_control) for svcrt_port_get_control
    main.o(i.svcrt_start_idle) refers to svcrt_board.o(i.svcrt_port_set_control) for svcrt_port_set_control
    main.o(i.svcrt_start_idle) refers to svcrt_board.o(i.svcrt_port_isb) for svcrt_port_isb
    main.o(i.svcrt_start_idle) refers to svcrt_board.o(i.svcrt_port_wfi) for svcrt_port_wfi
    main.o(i.svcrt_start_idle) refers to main.o(.bss) for .bss
    gpio.o(i.MX_GPIO_Init) refers to rt_memclr_w.o(.text) for __aeabi_memclr4
    gpio.o(i.MX_GPIO_Init) refers to stm32f4xx_hal_gpio.o(i.HAL_GPIO_WritePin) for HAL_GPIO_WritePin
    gpio.o(i.MX_GPIO_Init) refers to stm32f4xx_hal_gpio.o(i.HAL_GPIO_Init) for HAL_GPIO_Init
    usart.o(i.HAL_UART_MspDeInit) refers to stm32f4xx_hal_gpio.o(i.HAL_GPIO_DeInit) for HAL_GPIO_DeInit
    usart.o(i.HAL_UART_MspInit) refers to rt_memclr_w.o(.text) for __aeabi_memclr4
    usart.o(i.HAL_UART_MspInit) refers to stm32f4xx_hal_gpio.o(i.HAL_GPIO_Init) for HAL_GPIO_Init
    system_stm32f4xx.o(i.SystemCoreClockUpdate) refers to system_stm32f4xx.o(.data) for .data
    system_stm32f4xx.o(i.SystemCoreClockUpdate) refers to system_stm32f4xx.o(.constdata) for .constdata
    svcrt_task.o(i.SVC_Server) refers to svcrt_event.o(i.svcrt_event_set_internal) for svcrt_event_set_internal
    svcrt_task.o(i.SVC_Server) refers to svcrt_event.o(i.svcrt_event_create_internal) for svcrt_event_create_internal
[...]
    Removing stm32f4xx_hal_uart.o(.revsh_text), (4 bytes).
    Removing stm32f4xx_hal_uart.o(.rrx_text), (6 bytes).
    Removing stm32f4xx_hal_uart.o(i.HAL_HalfDuplex_EnableReceiver), (50 bytes).
    Removing stm32f4xx_hal_uart.o(i.HAL_HalfDuplex_EnableTransmitter), (50 bytes).
    Removing stm32f4xx_hal_uart.o(i.HAL_HalfDuplex_Init), (110 bytes).
    Removing stm32f4xx_hal_uart.o(i.HAL_LIN_Init), (130 bytes).
    Removing stm32f4xx_hal_uart.o(i.HAL_LIN_SendBreak), (60 bytes).
    Removing stm32f4xx_hal_uart.o(i.HAL_MultiProcessor_EnterMuteMode), (62 bytes).
    Removing stm32f4xx_hal_uart.o(i.HAL_MultiProcessor_ExitMuteMode), (62 bytes).
    Removing stm32f4xx_hal_uart.o(i.HAL_MultiProcessor_Init), (144 bytes).
    Removing stm32f4xx_hal_uart.o(i.HAL_UARTEx_GetRxEventType), (4 bytes).
    Removing stm32f4xx_hal_uart.o(i.HAL_UARTEx_ReceiveToIdle), (240 bytes).
    Removing stm32f4xx_hal_uart.o(i.HAL_UARTEx_ReceiveToIdle_DMA), (74 bytes).
    Removing stm32f4xx_hal_uart.o(i.HAL_UARTEx_ReceiveToIdle_IT), (78 bytes).
    Removing stm32f4xx_hal_uart.o(i.HAL_UARTEx_RxEventCallback), (2 bytes).
    Removing stm32f4xx_hal_uart.o(i.HAL_UART_Abort), (210 bytes).
    Removing stm32f4xx_hal_uart.o(i.HAL_UART_AbortCpltCallback), (2 bytes).
    Removing stm32f4xx_hal_uart.o(i.HAL_UART_AbortReceive), (148 bytes).
    Removing stm32f4xx_hal_uart.o(i.HAL_UART_AbortReceiveCpltCallback), (2 bytes).
    Removing stm32f4xx_hal_uart.o(i.HAL_UART_AbortReceive_IT), (152 bytes).
    Removing stm32f4xx_hal_uart.o(i.HAL_UART_AbortTransmit), (98 bytes).
    Removing stm32f4xx_hal_uart.o(i.HAL_UART_AbortTransmitCpltCallback), (2 bytes).
    Removing stm32f4xx_hal_uart.o(i.HAL_UART_AbortTransmit_IT), (104 bytes).
    Removing stm32f4xx_hal_uart.o(i.HAL_UART_Abort_IT), (244 bytes).
    Removing stm32f4xx_hal_uart.o(i.HAL_UART_DMAPause), (120 bytes).
    Removing stm32f4xx_hal_uart.o(i.HAL_UART_DMAResume), (114 bytes).
    Removing stm32f4xx_hal_uart.o(i.HAL_UART_DMAStop), (112 bytes).
    Removing stm32f4xx_hal_uart.o(i.HAL_UART_DeInit), (54 bytes).
    Removing stm32f4xx_hal_uart.o(i.HAL_UART_ErrorCallback), (2 bytes).
    Removing stm32f4xx_hal_uart.o(i.HAL_UART_GetError), (4 bytes).
    Removing stm32f4xx_hal_uart.o(i.HAL_UART_GetState), (10 bytes).
    Removing stm32f4xx_hal_uart.o(i.HAL_UART_IRQHandler), (640 bytes).
    Removing stm32f4xx_hal_uart.o(i.HAL_UART_MspDeInit), (2 bytes).
    Removing stm32f4xx_hal_uart.o(i.HAL_UART_MspInit), (2 bytes).
    Removing stm32f4xx_hal_uart.o(i.HAL_UART_Receive), (176 bytes).
    Removing stm32f4xx_hal_uart.o(i.HAL_UART_Receive_DMA), (28 bytes).
    Removing stm32f4xx_hal_uart.o(i.HAL_UART_Receive_IT), (28 bytes).
    Removing stm32f4xx_hal_uart.o(i.HAL_UART_RxCpltCallback), (2 bytes).
    Removing stm32f4xx_hal_uart.o(i.HAL_UART_RxHalfCpltCallback), (2 bytes).
    Removing stm32f4xx_hal_uart.o(i.HAL_UART_Transmit), (160 bytes).
    Removing stm32f4xx_hal_uart.o(i.HAL_UART_Transmit_DMA), (132 bytes).
    Removing stm32f4xx_hal_uart.o(i.HAL_UART_Transmit_IT), (50 bytes).
    Removing stm32f4xx_hal_uart.o(i.HAL_UART_TxCpltCallback), (2 bytes).
    Removing stm32f4xx_hal_uart.o(i.HAL_UART_TxHalfCpltCallback), (2 bytes).
    Removing stm32f4xx_hal_uart.o(i.UART_DMAAbortOnError), (14 bytes).
    Removing stm32f4xx_hal_uart.o(i.UART_DMAError), (74 bytes).
    Removing stm32f4xx_hal_uart.o(i.UART_DMAReceiveCplt), (134 bytes).
    Removing stm32f4xx_hal_uart.o(i.UART_DMARxAbortCallback), (44 bytes).
    Removing stm32f4xx_hal_uart.o(i.UART_DMARxHalfCplt), (30 bytes).
    Removing stm32f4xx_hal_uart.o(i.UART_DMARxOnlyAbortCallback), (22 bytes).
    Removing stm32f4xx_hal_uart.o(i.UART_DMATransmitCplt), (66 bytes).
    Removing stm32f4xx_hal_uart.o(i.UART_DMATxAbortCallback), (44 bytes).
    Removing stm32f4xx_hal_uart.o(i.UART_DMATxHalfCplt), (10 bytes).
    Removing stm32f4xx_hal_uart.o(i.UART_DMATxOnlyAbortCallback), (20 bytes).
    Removing stm32f4xx_hal_uart.o(i.UART_EndRxTransfer), (78 bytes).
    Removing stm32f4xx_hal_uart.o(i.UART_EndTxTransfer), (28 bytes).
    Removing stm32f4xx_hal_uart.o(i.UART_Receive_IT), (194 bytes).
    Removing stm32f4xx_hal_uart.o(i.UART_Start_Receive_DMA), (160 bytes).
    Removing stm32f4xx_hal_uart.o(i.UART_Start_Receive_IT), (54 bytes).
    Removing stm32f4xx_hal_uart.o(i.UART_WaitOnFlagUntilTimeout), (114 bytes).

297 unused section(s) (total 17232 bytes) removed from the image.

==============================================================================

Image Symbol Table

    Local Symbols

    Symbol Name                              Value     Ov Type        Size  Object(Section)

    ../Core/Src/gpio.c                       0x00000000   Number         0  gpio.o ABSOLUTE
    ../Core/Src/main.c                       0x00000000   Number         0  main.o ABSOLUTE
    ../Core/Src/stm32f4xx_hal_msp.c          0x00000000   Number         0  stm32f4xx_hal_msp.o ABSOLUTE
    ../Core/Src/stm32f4xx_it.c               0x00000000   Number         0  stm32f4xx_it.o ABSOLUTE
    ../Core/Src/system_stm32f4xx.c           0x00000000   Number         0  system_stm32f4xx.o ABSOLUTE
    ../Core/Src/usart.c                      0x00000000   Number         0  usart.o ABSOLUTE
    ../Drivers/STM32F4xx_HAL_Driver/Src/stm32f4xx_hal.c 0x00000000   Number         0  stm32f4xx_hal.o ABSOLUTE
    ../Drivers/STM32F4xx_HAL_Driver/Src/stm32f4xx_hal_cortex.c 0x00000000   Number         0  stm32f4xx_hal_cortex.o ABSOLUTE
    ../Drivers/STM32F4xx_HAL_Driver/Src/stm32f4xx_hal_dma.c 0x00000000   Number         0  stm32f4xx_hal_dma.o ABSOLUTE
    ../Drivers/STM32F4xx_HAL_Driver/Src/stm32f4xx_hal_dma_ex.c 0x00000000   Number         0  stm32f4xx_hal_dma_ex.o ABSOLUTE
    ../Drivers/STM32F4xx_HAL_Driver/Src/stm32f4xx_hal_exti.c 0x00000000   Number         0  stm32f4xx_hal_exti.o ABSOLUTE
    ../Drivers/STM32F4xx_HAL_Driver/Src/stm32f4xx_hal_flash.c 0x00000000   Number         0  stm32f4xx_hal_flash.o ABSOLUTE
    ../Drivers/STM32F4xx_HAL_Driver/Src/stm32f4xx_hal_flash_ex.c 0x00000000   Number         0  stm32f4xx_hal_flash_ex.o ABSOLUTE
    ../Drivers/STM32F4xx_HAL_Driver/Src/stm32f4xx_hal_flash_ramfunc.c 0x00000000   Number         0  stm32f4xx_hal_flash_ramfunc.o ABSOLUTE
    ../Drivers/STM32F4xx_HAL_Driver/Src/stm32f4xx_hal_gpio.c 0x00000000   Number         0  stm32f4xx_hal_gpio.o ABSOLUTE
    ../Drivers/STM32F4xx_HAL_Driver/Src/stm32f4xx_hal_pwr.c 0x00000000   Number         0  stm32f4xx_hal_pwr.o ABSOLUTE
    ../Drivers/STM32F4xx_HAL_Driver/Src/stm32f4xx_hal_pwr_ex.c 0x00000000   Number         0  stm32f4xx_hal_pwr_ex.o ABSOLUTE
    ../Drivers/STM32F4xx_HAL_Driver/Src/stm32f4xx_hal_rcc.c 0x00000000   Number         0  stm32f4xx_hal_rcc.o ABSOLUTE
    ../Drivers/STM32F4xx_HAL_Driver/Src/stm32f4xx_hal_rcc_ex.c 0x00000000   Number         0  stm32f4xx_hal_rcc_ex.o ABSOLUTE
    ../Drivers/STM32F4xx_HAL_Driver/Src/stm32f4xx_hal_uart.c 0x00000000   Number         0  stm32f4xx_hal_uart.o ABSOLUTE
    ../clib/angel/boardlib.s                 0x00000000   Number         0  boardshut.o ABSOLUTE
    ../clib/angel/boardlib.s                 0x00000000   Number         0  boardinit3.o ABSOLUTE
    ../clib/angel/boardlib.s                 0x00000000   Number         0  boardinit2.o ABSOLUTE
    ../clib/angel/boardlib.s                 0x00000000   Number         0  boardinit1.o ABSOLUTE
    ../clib/angel/handlers.s                 0x00000000   Number         0  __scatter_copy.o ABSOLUTE
    ../clib/angel/handlers.s                 0x00000000   Number         0  __scatter_zi.o ABSOLUTE
    ../clib/angel/kernel.s                   0x00000000   Number         0  __rtentry2.o ABSOLUTE
    ../clib/angel/kernel.s                   0x00000000   Number         0  rtexit2.o ABSOLUTE
    ../clib/angel/kernel.s                   0x00000000   Number         0  __rtentry.o ABSOLUTE
    ../clib/angel/kernel.s                   0x00000000   Number         0  __rtentry4.o ABSOLUTE
    ../clib/angel/kernel.s                   0x00000000   Number         0  rtexit.o ABSOLUTE
    ../clib/angel/rt.s                       0x00000000   Number         0  rt_raise.o ABSOLUTE
    ../clib/angel/rt.s                       0x00000000   Number         0  aeabi_ldiv0_sigfpe.o ABSOLUTE
    ../clib/angel/rt.s                       0x00000000   Number         0  aeabi_ldiv0.o ABSOLUTE
    ../clib/angel/rt.s                       0x00000000   Number         0  rt_div0.o ABSOLUTE
    ../clib/angel/scatter.s                  0x00000000   Number         0  __scatter.o ABSOLUTE
    ../clib/angel/startup.s                  0x00000000   Number         0  __main.o ABSOLUTE
    ../clib/angel/sys.s                      0x00000000   Number         0  indicate_semi.o ABSOLUTE
    ../clib/angel/sys.s                      0x00000000   Number         0  libspace.o ABSOLUTE
    ../clib/angel/sys.s                      0x00000000   Number         0  use_no_semi.o ABSOLUTE
    ../clib/angel/sys.s                      0x00000000   Number         0  sys_stackheap_outer.o ABSOLUTE
    ../clib/angel/sysapp.c                   0x00000000   Number         0  sys_exit.o ABSOLUTE
    ../clib/angel/sysapp.c                   0x00000000   Number         0  sys_command.o ABSOLUTE
    ../clib/angel/sysapp.c                   0x00000000   Number         0  sys_wrch.o ABSOLUTE
    ../clib/armsys.c                         0x00000000   Number         0  argv_veneer.o ABSOLUTE
    ../clib/armsys.c                         0x00000000   Number         0  argv_veneer.o ABSOLUTE
    ../clib/armsys.c                         0x00000000   Number         0  _get_argv_nomalloc.o ABSOLUTE
    ../clib/armsys.c                         0x00000000   Number         0  no_argv.o ABSOLUTE
    ../clib/heapalloc.c                      0x00000000   Number         0  hrguard.o ABSOLUTE
    ../clib/heapaux.c                        0x00000000   Number         0  heapauxi.o ABSOLUTE
    ../clib/libinit.s                        0x00000000   Number         0  libshutdown.o ABSOLUTE
    ../clib/libinit.s                        0x00000000   Number         0  libinit2.o ABSOLUTE
    ../clib/libinit.s                        0x00000000   Number         0  libinit.o ABSOLUTE
    ../clib/libinit.s                        0x00000000   Number         0  libshutdown2.o ABSOLUTE
    ../clib/longlong.s                       0x00000000   Number         0  lludivv7m.o ABSOLUTE
    ../clib/memcpset.s                       0x00000000   Number         0  rt_memclr_w.o ABSOLUTE
    ../clib/signal.c                         0x00000000   Number         0  defsig_rtmem_outer.o ABSOLUTE
    ../clib/signal.c                         0x00000000   Number         0  defsig_rtmem_inner.o ABSOLUTE
    ../clib/signal.c                         0x00000000   Number         0  defsig_segv_inner.o ABSOLUTE
    ../clib/signal.c                         0x00000000   Number         0  defsig_rtred_inner.o ABSOLUTE
    ../clib/signal.c                         0x00000000   Number         0  defsig_abrt_inner.o ABSOLUTE
    ../clib/signal.c                         0x00000000   Number         0  defsig_cppl_inner.o ABSOLUTE
    ../clib/signal.c                         0x00000000   Number         0  defsig_general.o ABSOLUTE
    ../clib/signal.c                         0x00000000   Number         0  __raise.o ABSOLUTE
    ../clib/signal.c                         0x00000000   Number         0  defsig_fpe_inner.o ABSOLUTE
    ../clib/signal.c                         0x00000000   Number         0  defsig_other.o ABSOLUTE
    ../clib/signal.c                         0x00000000   Number         0  defsig_rtmem_formal.o ABSOLUTE
    ../clib/signal.c                         0x00000000   Number         0  defsig_exit.o ABSOLUTE
    ../clib/signal.c                         0x00000000   Number         0  defsig_pvfn_inner.o ABSOLUTE
    ../clib/signal.c                         0x00000000   Number         0  defsig_fpe_formal.o ABSOLUTE
    ../clib/signal.c                         0x00000000   Number         0  defsig_fpe_outer.o ABSOLUTE
    ../clib/signal.c                         0x00000000   Number         0  defsig_stak_inner.o ABSOLUTE
    ../clib/signal.s                         0x00000000   Number         0  defsig.o ABSOLUTE
    ../clib/stdlib.c                         0x00000000   Number         0  exit.o ABSOLUTE
    ../fplib/fpinit.s                        0x00000000   Number         0  fpinit.o ABSOLUTE
    ..\..\..\..\..\board\stm32f427\context_rvds.S 0x00000000   Number         0  context_rvds.o ABSOLUTE
    ..\..\..\..\..\board\stm32f427\drvled.c  0x00000000   Number         0  drvled.o ABSOLUTE
    ..\..\..\..\..\board\stm32f427\drvuart.c 0x00000000   Number         0  drvuart.o ABSOLUTE
    ..\..\..\..\..\board\stm32f427\svcrt_board.c 0x00000000   Number         0  svcrt_board.o ABSOLUTE
    ..\..\..\..\..\board\stm32f427\svcrt_mpu.c 0x00000000   Number         0  svcrt_mpu.o ABSOLUTE
    ..\..\..\..\..\kernelsrc\src\svcrt_cfg.c 0x00000000   Number         0  svcrt_cfg.o ABSOLUTE
    ..\..\..\..\..\kernelsrc\src\svcrt_dev.c 0x00000000   Number         0  svcrt_dev.o ABSOLUTE
    ..\..\..\..\..\kernelsrc\src\svcrt_event.c 0x00000000   Number         0  svcrt_event.o ABSOLUTE
    ..\..\..\..\..\kernelsrc\src\svcrt_fifo.c 0x00000000   Number         0  svcrt_fifo.o ABSOLUTE
    ..\..\..\..\..\kernelsrc\src\svcrt_task.c 0x00000000   Number         0  svcrt_task.o ABSOLUTE
    ..\Core\Src\gpio.c                       0x00000000   Number         0  gpio.o ABSOLUTE
    ..\Core\Src\main.c                       0x00000000   Number         0  main.o ABSOLUTE
    ..\Core\Src\stm32f4xx_hal_msp.c          0x00000000   Number         0  stm32f4xx_hal_msp.o ABSOLUTE
    ..\Core\Src\stm32f4xx_it.c               0x00000000   Number         0  stm32f4xx_it.o ABSOLUTE
    ..\Core\Src\system_stm32f4xx.c           0x00000000   Number         0  system_stm32f4xx.o ABSOLUTE
    ..\Core\Src\usart.c                      0x00000000   Number         0  usart.o ABSOLUTE
    ..\Drivers\STM32F4xx_HAL_Driver\Src\stm32f4xx_hal.c 0x00000000   Number         0  stm32f4xx_hal.o ABSOLUTE
    ..\Drivers\STM32F4xx_HAL_Driver\Src\stm32f4xx_hal_cortex.c 0x00000000   Number         0  stm32f4xx_hal_cortex.o ABSOLUTE
    ..\Drivers\STM32F4xx_HAL_Driver\Src\stm32f4xx_hal_dma.c 0x00000000   Number         0  stm32f4xx_hal_dma.o ABSOLUTE
    ..\Drivers\STM32F4xx_HAL_Driver\Src\stm32f4xx_hal_dma_ex.c 0x00000000   Number         0  stm32f4xx_hal_dma_ex.o ABSOLUTE
    ..\Drivers\STM32F4xx_HAL_Driver\Src\stm32f4xx_hal_exti.c 0x00000000   Number         0  stm32f4xx_hal_exti.o ABSOLUTE
    ..\Drivers\STM32F4xx_HAL_Driver\Src\stm32f4xx_hal_flash.c 0x00000000   Number         0  stm32f4xx_hal_flash.o ABSOLUTE
    ..\Drivers\STM32F4xx_HAL_Driver\Src\stm32f4xx_hal_flash_ex.c 0x00000000   Number         0  stm32f4xx_hal_flash_ex.o ABSOLUTE
    ..\Drivers\STM32F4xx_HAL_Driver\Src\stm32f4xx_hal_flash_ramfunc.c 0x00000000   Number         0  stm32f4xx_hal_flash_ramfunc.o ABSOLUTE
    ..\Drivers\STM32F4xx_HAL_Driver\Src\stm32f4xx_hal_gpio.c 0x00000000   Number         0  stm32f4xx_hal_gpio.o ABSOLUTE
    ..\Drivers\STM32F4xx_HAL_Driver\Src\stm32f4xx_hal_pwr.c 0x00000000   Number         0  stm32f4xx_hal_pwr.o ABSOLUTE
    ..\Drivers\STM32F4xx_HAL_Driver\Src\stm32f4xx_hal_pwr_ex.c 0x00000000   Number         0  stm32f4xx_hal_pwr_ex.o ABSOLUTE
    ..\Drivers\STM32F4xx_HAL_Driver\Src\stm32f4xx_hal_rcc.c 0x00000000   Number         0  stm32f4xx_hal_rcc.o ABSOLUTE
    ..\Drivers\STM32F4xx_HAL_Driver\Src\stm32f4xx_hal_rcc_ex.c 0x00000000   Number         0  stm32f4xx_hal_rcc_ex.o ABSOLUTE
    ..\Drivers\STM32F4xx_HAL_Driver\Src\stm32f4xx_hal_uart.c 0x00000000   Number         0  stm32f4xx_hal_uart.o ABSOLUTE
    ..\\..\\..\\..\\..\\board\\stm32f427\\drvled.c 0x00000000   Number         0  drvled.o ABSOLUTE
    ..\\..\\..\\..\\..\\board\\stm32f427\\drvuart.c 0x00000000   Number         0  drvuart.o ABSOLUTE
    ..\\..\\..\\..\\..\\board\\stm32f427\\svcrt_board.c 0x00000000   Number         0  svcrt_board.o ABSOLUTE
    ..\\..\\..\\..\\..\\board\\stm32f427\\svcrt_mpu.c 0x00000000   Number         0  svcrt_mpu.o ABSOLUTE
    dc.s                                     0x00000000   Number         0  dc.o ABSOLUTE
    startup_stm32f427xx.s                    0x00000000   Number         0  startup_stm32f427xx.o ABSOLUTE
    RESET                                    0x08000000   Section      428  startup_stm32f427xx.o(RESET)
    !!!main                                  0x080001ac   Section        8  __main.o(!!!main)
    !!!scatter                               0x080001b4   Section       52  __scatter.o(!!!scatter)
    !!handler_copy                           0x080001e8   Section       26  __scatter_copy.o(!!handler_copy)
    !!handler_zi                             0x08000204   Section       28  __scatter_zi.o(!!handler_zi)
    .ARM.Collect$$libinit$$00000000          0x08000220   Section        2  libinit.o(.ARM.Collect$$libinit$$00000000)
    .ARM.Collect$$libinit$$00000001          0x08000222   Section        4  libinit2.o(.ARM.Collect$$libinit$$00000001)
    .ARM.Collect$$libinit$$00000004          0x08000226   Section        0  libinit2.o(.ARM.Collect$$libinit$$00000004)
    .ARM.Collect$$libinit$$0000000A          0x08000226   Section        0  libinit2.o(.ARM.Collect$$libinit$$0000000A)
    .ARM.Collect$$libinit$$0000000C          0x08000226   Section        0  libinit2.o(.ARM.Collect$$libinit$$0000000C)
    .ARM.Collect$$libinit$$0000000E          0x08000226   Section        0  libinit2.o(.ARM.Collect$$libinit$$0000000E)
    .ARM.Collect$$libinit$$00000011          0x08000226   Section        0  libinit2.o(.ARM.Collect$$libinit$$00000011)
    .ARM.Collect$$libinit$$00000013          0x08000226   Section        0  libinit2.o(.ARM.Collect$$libinit$$00000013)
    .ARM.Collect$$libinit$$00000015          0x08000226   Section        0  libinit2.o(.ARM.Collect$$libinit$$00000015)
    .ARM.Collect$$libinit$$00000017          0x08000226   Section        0  libinit2.o(.ARM.Collect$$libinit$$00000017)
    .ARM.Collect$$libinit$$00000019          0x08000226   Section        0  libinit2.o(.ARM.Collect$$libinit$$00000019)
    .ARM.Collect$$libinit$$0000001B          0x08000226   Section        0  libinit2.o(.ARM.Collect$$libinit$$0000001B)
    .ARM.Collect$$libinit$$0000001D          0x08000226   Section        0  libinit2.o(.ARM.Collect$$libinit$$0000001D)
    .ARM.Collect$$libinit$$0000001F          0x08000226   Section        0  libinit2.o(.ARM.Collect$$libinit$$0000001F)
    .ARM.Collect$$libinit$$00000021          0x08000226   Section        0  libinit2.o(.ARM.Collect$$libinit$$00000021)
    .ARM.Collect$$libinit$$00000023          0x08000226   Section        0  libinit2.o(.ARM.Collect$$libinit$$00000023)
    .ARM.Collect$$libinit$$00000025          0x08000226   Section        0  libinit2.o(.ARM.Collect$$libinit$$00000025)
    .ARM.Collect$$libinit$$0000002C          0x08000226   Section        0  libinit2.o(.ARM.Collect$$libinit$$0000002C)
    .ARM.Collect$$libinit$$0000002E          0x08000226   Section        0  libinit2.o(.ARM.Collect$$libinit$$0000002E)
    .ARM.Collect$$libinit$$00000030          0x08000226   Section        0  libinit2.o(.ARM.Collect$$libinit$$00000030)
    .ARM.Collect$$libinit$$00000032          0x08000226   Section        0  libinit2.o(.ARM.Collect$$libinit$$00000032)
    .ARM.Collect$$libinit$$00000033          0x08000226   Section        2  libinit2.o(.ARM.Collect$$libinit$$00000033)
    .ARM.Collect$$libshutdown$$00000000      0x08000228   Section        2  libshutdown.o(.ARM.Collect$$libshutdown$$00000000)
    .ARM.Collect$$libshutdown$$00000002      0x0800022a   Section        0  libshutdown2.o(.ARM.Collect$$libshutdown$$00000002)
    .ARM.Collect$$libshutdown$$00000004      0x0800022a   Section        0  libshutdown2.o(.ARM.Collect$$libshutdown$$00000004)
    .ARM.Collect$$libshutdown$$00000006      0x0800022a   Section        0  libshutdown2.o(.ARM.Collect$$libshutdown$$00000006)
    .ARM.Collect$$libshutdown$$00000009      0x0800022a   Section        0  libshutdown2.o(.ARM.Collect$$libshutdown$$00000009)
    .ARM.Collect$$libshutdown$$0000000C      0x0800022a   Section        0  libshutdown2.o(.ARM.Collect$$libshutdown$$0000000C)
    .ARM.Collect$$libshutdown$$0000000E      0x0800022a   Section        0  libshutdown2.o(.ARM.Collect$$libshutdown$$0000000E)
    .ARM.Collect$$libshutdown$$00000011      0x0800022a   Section        0  libshutdown2.o(.ARM.Collect$$libshutdown$$00000011)
    .ARM.Collect$$libshutdown$$00000012      0x0800022a   Section        2  libshutdown2.o(.ARM.Collect$$libshutdown$$00000012)
    .ARM.Collect$$rtentry$$00000000          0x0800022c   Section        0  __rtentry.o(.ARM.Collect$$rtentry$$00000000)
    .ARM.Collect$$rtentry$$00000002          0x0800022c   Section        0  __rtentry2.o(.ARM.Collect$$rtentry$$00000002)
    .ARM.Collect$$rtentry$$00000004          0x0800022c   Section        6  __rtentry4.o(.ARM.Collect$$rtentry$$00000004)
    .ARM.Collect$$rtentry$$00000009          0x08000232   Section        0  __rtentry2.o(.ARM.Collect$$rtentry$$00000009)
    .ARM.Collect$$rtentry$$0000000A          0x08000232   Section        4  __rtentry2.o(.ARM.Collect$$rtentry$$0000000A)
    .ARM.Collect$$rtentry$$0000000C          0x08000236   Section        0  __rtentry2.o(.ARM.Collect$$rtentry$$0000000C)
    .ARM.Collect$$rtentry$$0000000D          0x08000236   Section        8  __rtentry2.o(.ARM.Collect$$rtentry$$0000000D)
    .ARM.Collect$$rtexit$$00000000           0x0800023e   Section        2  rtexit.o(.ARM.Collect$$rtexit$$00000000)
    .ARM.Collect$$rtexit$$00000002           0x08000240   Section        0  rtexit2.o(.ARM.Collect$$rtexit$$00000002)
    .ARM.Collect$$rtexit$$00000003           0x08000240   Section        4  rtexit2.o(.ARM.Collect$$rtexit$$00000003)
    .ARM.Collect$$rtexit$$00000004           0x08000244   Section        6  rtexit2.o(.ARM.Collect$$rtexit$$00000004)
    .text                                    0x0800024c   Section       64  startup_stm32f427xx.o(.text)
    $v0                                      0x0800024c   Number         0  startup_stm32f427xx.o(.text)
    .text                                    0x0800028c   Section       68  context_rvds.o(.text)
    $v0                                      0x0800028c   Number         0  context_rvds.o(.text)
    .text                                    0x080002d0   Section      238  lludivv7m.o(.text)
    .text                                    0x080003be   Section       78  rt_memclr_w.o(.text)
    .text                                    0x0800040c   Section        0  heapauxi.o(.text)
    .text                                    0x08000412   Section       74  sys_stackheap_outer.o(.text)
    .text                                    0x0800045c   Section        0  exit.o(.text)
    .text                                    0x08000470   Section        8  libspace.o(.text)
    .text                                    0x08000478   Section        0  sys_exit.o(.text)
    .text                                    0x08000484   Section        2  use_no_semi.o(.text)
    .text                                    0x08000486   Section        0  indicate_semi.o(.text)
    i.BusFault_Handler                       0x08000486   Section        0  stm32f4xx_it.o(i.BusFault_Handler)
    i.DebugMon_Handler                       0x08000488   Section        0  stm32f4xx_it.o(i.DebugMon_Handler)
    i.HAL_GPIO_Init                          0x0800048c   Section        0  stm32f4xx_hal_gpio.o(i.HAL_GPIO_Init)
    i.HAL_GPIO_WritePin                      0x080006c0   Section        0  stm32f4xx_hal_gpio.o(i.HAL_GPIO_WritePin)
    i.HAL_GetTick                            0x080006cc   Section        0  stm32f4xx_hal.o(i.HAL_GetTick)
    i.HAL_Init                               0x080006d8   Section        0  stm32f4xx_hal.o(i.HAL_Init)
    i.HAL_InitTick                           0x0800070c   Section        0  stm32f4xx_hal.o(i.HAL_InitTick)
    i.HAL_MspInit                            0x0800074c   Section        0  stm32f4xx_hal_msp.o(i.HAL_MspInit)
    i.HAL_NVIC_EnableIRQ                     0x0800077c   Section        0  stm32f4xx_hal_cortex.o(i.HAL_NVIC_EnableIRQ)
    i.HAL_NVIC_SetPriority                   0x08000798   Section        0  stm32f4xx_hal_cortex.o(i.HAL_NVIC_SetPriority)
    i.HAL_NVIC_SetPriorityGrouping           0x080007d8   Section        0  stm32f4xx_hal_cortex.o(i.HAL_NVIC_SetPriorityGrouping)
    i.HAL_RCC_ClockConfig                    0x080007fc   Section        0  stm32f4xx_hal_rcc.o(i.HAL_RCC_ClockConfig)
    i.HAL_RCC_GetPCLK1Freq                   0x08000930   Section        0  stm32f4xx_hal_rcc.o(i.HAL_RCC_GetPCLK1Freq)
    i.HAL_RCC_GetPCLK2Freq                   0x08000950   Section        0  stm32f4xx_hal_rcc.o(i.HAL_RCC_GetPCLK2Freq)
    i.HAL_RCC_GetSysClockFreq                0x08000970   Section        0  stm32f4xx_hal_rcc.o(i.HAL_RCC_GetSysClockFreq)
    i.HAL_RCC_OscConfig                      0x080009d0   Section        0  stm32f4xx_hal_rcc.o(i.HAL_RCC_OscConfig)
    i.HAL_SYSTICK_Config                     0x08000d3c   Section        0  stm32f4xx_hal_cortex.o(i.HAL_SYSTICK_Config)
    i.HAL_UART_Init                          0x08000d64   Section        0  stm32f4xx_hal_uart.o(i.HAL_UART_Init)
    i.HAL_UART_MspInit                       0x08000dc8   Section        0  usart.o(i.HAL_UART_MspInit)
    i.HardFault_Handler                      0x08000e34   Section        0  svcrt_board.o(i.HardFault_Handler)
    i.MX_GPIO_Init                           0x08000e38   Section        0  gpio.o(i.MX_GPIO_Init)
    i.MemManage_Handler                      0x08000f20   Section        0  stm32f4xx_it.o(i.MemManage_Handler)
    i.NMI_Handler                            0x08000f22   Section        0  stm32f4xx_it.o(i.NMI_Handler)
    i.SVC_Server                             0x08000f24   Section        0  svcrt_task.o(i.SVC_Server)
    i.SysTick_Handler                        0x08001004   Section        0  svcrt_board.o(i.SysTick_Handler)
    i.SystemClock_Config                     0x08001008   Section        0  main.o(i.SystemClock_Config)
    i.SystemInit                             0x080010a4   Section        0  system_stm32f4xx.o(i.SystemInit)
    i.UART_SetConfig                         0x080010b4   Section        0  stm32f4xx_hal_uart.o(i.UART_SetConfig)
    UART_SetConfig                           0x080010b5   Thumb Code   258  stm32f4xx_hal_uart.o(i.UART_SetConfig)
    i.USART1_IRQHandler                      0x080011c0   Section        0  drvuart.o(i.USART1_IRQHandler)
    i.UsageFault_Handler                     0x080011cc   Section        0  stm32f4xx_it.o(i.UsageFault_Handler)
    i.__NVIC_SetPriority                     0x080011ce   Section        0  svcrt_board.o(i.__NVIC_SetPriority)
    __NVIC_SetPriority                       0x080011cf   Thumb Code    32  svcrt_board.o(i.__NVIC_SetPriority)
    i.__NVIC_SetPriority                     0x080011ee   Section        0  stm32f4xx_hal_cortex.o(i.__NVIC_SetPriority)
    __NVIC_SetPriority                       0x080011ef   Thumb Code    32  stm32f4xx_hal_cortex.o(i.__NVIC_SetPriority)
    i.handle_usart_service                   0x0800120e   Section        0  drvuart.o(i.handle_usart_service)
    handle_usart_service                     0x0800120f   Thumb Code    94  drvuart.o(i.handle_usart_service)
    i.led_drv_close                          0x0800126c   Section        0  drvled.o(i.led_drv_close)
    i.led_drv_ctrl                           0x08001294   Section        0  drvled.o(i.led_drv_ctrl)
    i.led_drv_open                           0x08001298   Section        0  drvled.o(i.led_drv_open)
    i.led_drv_read                           0x080012f0   Section        0  drvled.o(i.led_drv_read)
    i.led_drv_write                          0x08001308   Section        0  drvled.o(i.led_drv_write)
    i.main                                   0x08001360   Section        0  main.o(i.main)
    i.svcrt_cfg_load                         0x08001394   Section        0  svcrt_cfg.o(i.svcrt_cfg_load)
    i.svcrt_dev_board_init                   0x080013a0   Section        0  svcrt_board.o(i.svcrt_dev_board_init)
    i.svcrt_dev_close_internal               0x080013d0   Section        0  svcrt_dev.o(i.svcrt_dev_close_internal)
    i.svcrt_dev_ctrl_internal                0x08001420   Section        0  svcrt_dev.o(i.svcrt_dev_ctrl_internal)
    i.svcrt_dev_module_init                  0x08001464   Section        0  svcrt_dev.o(i.svcrt_dev_module_init)
    i.svcrt_dev_open_internal                0x08001494   Section        0  svcrt_dev.o(i.svcrt_dev_open_internal)
    i.svcrt_dev_read_internal                0x080014f0   Section        0  svcrt_dev.o(i.svcrt_dev_read_internal)
    i.svcrt_dev_register                     0x08001534   Section        0  svcrt_dev.o(i.svcrt_dev_register)
    i.svcrt_dev_write_internal               0x080015b4   Section        0  svcrt_dev.o(i.svcrt_dev_write_internal)
    i.svcrt_event_create_internal            0x080015f8   Section        0  svcrt_event.o(i.svcrt_event_create_internal)
    i.svcrt_event_module_init                0x08001634   Section        0  svcrt_event.o(i.svcrt_event_module_init)
    i.svcrt_event_set_internal               0x08001664   Section        0  svcrt_event.o(i.svcrt_event_set_internal)
    i.svcrt_event_wait_internal              0x08001698   Section        0  svcrt_event.o(i.svcrt_event_wait_internal)
    i.svcrt_fifo_create                      0x080016ec   Section        0  svcrt_fifo.o(i.svcrt_fifo_create)
    i.svcrt_fifo_read                        0x08001706   Section        0  svcrt_fifo.o(i.svcrt_fifo_read)
    i.svcrt_fifo_write                       0x08001744   Section        0  svcrt_fifo.o(i.svcrt_fifo_write)
    i.svcrt_hardfault_handler                0x0800177c   Section        0  svcrt_task.o(i.svcrt_hardfault_handler)
    i.svcrt_kernel_get_time                  0x080017a4   Section        0  svcrt_task.o(i.svcrt_kernel_get_time)
    i.svcrt_kernel_tick_handler              0x080017b0   Section        0  svcrt_task.o(i.svcrt_kernel_tick_handler)
    i.svcrt_mpu_module_init                  0x080017e0   Section        0  svcrt_mpu.o(i.svcrt_mpu_module_init)
    i.svcrt_mpu_set                          0x08001820   Section        0  svcrt_mpu.o(i.svcrt_mpu_set)
    i.svcrt_mpu_set_app                      0x080018c8   Section        0  svcrt_mpu.o(i.svcrt_mpu_set_app)
    i.svcrt_port_board_init                  0x08001908   Section        0  svcrt_board.o(i.svcrt_port_board_init)
    i.svcrt_port_disable_irq                 0x08001918   Section        0  svcrt_board.o(i.svcrt_port_disable_irq)
    i.svcrt_port_dmb                         0x0800191c   Section        0  svcrt_board.o(i.svcrt_port_dmb)
    i.svcrt_port_dsb                         0x08001922   Section        0  svcrt_board.o(i.svcrt_port_dsb)
    i.svcrt_port_enable_irq                  0x08001928   Section        0  svcrt_board.o(i.svcrt_port_enable_irq)
    i.svcrt_port_get_control                 0x0800192c   Section        0  svcrt_board.o(i.svcrt_port_get_control)
    i.svcrt_port_get_systick_load            0x08001932   Section        0  svcrt_board.o(i.svcrt_port_get_systick_load)
    i.svcrt_port_get_systick_val             0x0800193a   Section        0  svcrt_board.o(i.svcrt_port_get_systick_val)
    i.svcrt_port_irq_init                    0x08001944   Section        0  svcrt_board.o(i.svcrt_port_irq_init)
    i.svcrt_port_isb                         0x0800197c   Section        0  svcrt_board.o(i.svcrt_port_isb)
    i.svcrt_port_set_control                 0x08001982   Section        0  svcrt_board.o(i.svcrt_port_set_control)
    i.svcrt_port_set_idle_mpu                0x0800198c   Section        0  svcrt_board.o(i.svcrt_port_set_idle_mpu)
    i.svcrt_port_set_psp                     0x08001998   Section        0  svcrt_board.o(i.svcrt_port_set_psp)
    i.svcrt_port_start_timer                 0x080019a0   Section        0  svcrt_board.o(i.svcrt_port_start_timer)
    i.svcrt_port_switch_task                 0x080019d8   Section        0  svcrt_board.o(i.svcrt_port_switch_task)
    i.svcrt_port_wfe                         0x080019e8   Section        0  svcrt_board.o(i.svcrt_port_wfe)
    i.svcrt_port_wfi                         0x080019ec   Section        0  svcrt_board.o(i.svcrt_port_wfi)
    i.svcrt_sched_activate                   0x080019f0   Section        0  svcrt_task.o(i.svcrt_sched_activate)
    i.svcrt_sched_is_switching               0x08001a60   Section        0  svcrt_task.o(i.svcrt_sched_is_switching)
    i.svcrt_sched_next                       0x08001a94   Section        0  svcrt_task.o(i.svcrt_sched_next)
    i.svcrt_start_idle                       0x08001b54   Section        0  main.o(i.svcrt_start_idle)
    svcrt_start_idle                         0x08001b55   Thumb Code    40  main.o(i.svcrt_start_idle)
    i.svcrt_task_delay_internal              0x08001b88   Section        0  svcrt_task.o(i.svcrt_task_delay_internal)
    i.svcrt_task_get_current                 0x08001bc8   Section        0  svcrt_task.o(i.svcrt_task_get_current)
    i.svcrt_task_kill_internal               0x08001bf4   Section        0  svcrt_task.o(i.svcrt_task_kill_internal)
    i.svcrt_task_wait_internal               0x08001c24   Section        0  svcrt_task.o(i.svcrt_task_wait_internal)
    i.svcrt_task_wait_period_internal        0x08001c68   Section        0  svcrt_task.o(i.svcrt_task_wait_period_internal)
    i.uart_drv_close                         0x08001c9c   Section        0  drvuart.o(i.uart_drv_close)
    i.uart_drv_ctrl                          0x08001cbc   Section        0  drvuart.o(i.uart_drv_ctrl)
    i.uart_drv_open                          0x08001cc0   Section        0  drvuart.o(i.uart_drv_open)
    i.uart_drv_read                          0x08001da8   Section        0  drvuart.o(i.uart_drv_read)
    i.uart_drv_write                         0x08001dbc   Section        0  drvuart.o(i.uart_drv_write)
    x$fpl$fpinit                             0x08001df0   Section       10  fpinit.o(x$fpl$fpinit)
    $v0                                      0x08001df0   Number         0  fpinit.o(x$fpl$fpinit)
    .constdata                               0x08001dfa   Section       16  system_stm32f4xx.o(.constdata)
    .constdata                               0x08001e0a   Section        8  system_stm32f4xx.o(.constdata)
    .data                                    0x20000000   Section        4  system_stm32f4xx.o(.data)
    .data                                    0x20000004   Section       16  svcrt_task.o(.data)
    svcrt_idle_stack_ptr                     0x20000010   Data           4  svcrt_task.o(.data)
    .data                                    0x20000014   Section        4  svcrt_dev.o(.data)
    svcrt_dev_count                          0x20000014   Data           4  svcrt_dev.o(.data)
    .data                                    0x20000018   Section        4  svcrt_cfg.o(.data)
    .data                                    0x2000001c   Section       20  drvuart.o(.data)
    .data                                    0x20000030   Section       20  drvled.o(.data)
    .data                                    0x20000044   Section        8  drvled.o(.data)
    sysled_1                                 0x20000044   Data           8  drvled.o(.data)
    .data                                    0x2000004c   Section       12  stm32f4xx_hal.o(.data)
    .bss                                     0x20000058   Section      400  main.o(.bss)
    svcrt_idle_stack                         0x20000058   Data         400  main.o(.bss)
    .bss                                     0x200001e8   Section      160  svcrt_dev.o(.bss)
    svcrt_dev_list                           0x200001e8   Data         128  svcrt_dev.o(.bss)
    svcrt_dev_handles                        0x20000268   Data          32  svcrt_dev.o(.bss)
    .bss                                     0x20000288   Section      320  svcrt_event.o(.bss)
    svcrt_events                             0x20000288   Data         320  svcrt_event.o(.bss)
    .bss                                     0x200003c8   Section      868  svcrt_cfg.o(.bss)
    .bss                                     0x2000072c   Section      348  drvuart.o(.bss)
    uart_dev_list                            0x2000072c   Data          20  drvuart.o(.bss)
    uart_pipe_array                          0x20000740   Data         256  drvuart.o(.bss)
    uart_handle                              0x20000840   Data          72  drvuart.o(.bss)
    .bss                                     0x20000888   Section       96  libspace.o(.bss)
    HEAP                                     0x200008e8   Section      512  startup_stm32f427xx.o(HEAP)
    Heap_Mem                                 0x200008e8   Data         512  startup_stm32f427xx.o(HEAP)
    STACK                                    0x20000ae8   Section     1024  startup_stm32f427xx.o(STACK)
    Stack_Mem                                0x20000ae8   Data        1024  startup_stm32f427xx.o(STACK)
    __initial_sp                             0x20000ee8   Data           0  startup_stm32f427xx.o(STACK)

    Global Symbols

    Symbol Name                              Value     Ov Type        Size  Object(Section)

    BuildAttributes$$THM_ISAv4$E$P$D$K$B$S$7EM$VFPi3$EXTD16$VFPS$VFMA$PE$A:L22UL41UL21$X:L11$S22US41US21$IEEE1$IW$USESV6$~STKCKD$USESV7$~SHL$OSPACE$ROPI$EBA8$UX$STANDARDLIB$REQ8$PRES8$EABIv2 0x00000000   Number         0  anon$$obj.o ABSOLUTE
    __ARM_use_no_argv                        0x00000000   Number         0  main.o ABSOLUTE
    __ARM_exceptions_init                     - Undefined Weak Reference
    __alloca_initialize                       - Undefined Weak Reference
    __arm_fini_                               - Undefined Weak Reference
    __arm_preinit_                            - Undefined Weak Reference
    __cpp_initialize__aeabi_                  - Undefined Weak Reference
    __cxa_finalize                            - Undefined Weak Reference
    __rt_locale                               - Undefined Weak Reference
    __sigvec_lookup                           - Undefined Weak Reference
    _atexit_init                              - Undefined Weak Reference
    _call_atexit_fns                          - Undefined Weak Reference
    _clock_init                               - Undefined Weak Reference
    _fp_trap_init                             - Undefined Weak Reference
    _fp_trap_shutdown                         - Undefined Weak Reference
    _get_lc_collate                           - Undefined Weak Reference
    _get_lc_ctype                             - Undefined Weak Reference
    _get_lc_monetary                          - Undefined Weak Reference
    _get_lc_numeric                           - Undefined Weak Reference
    _get_lc_time                              - Undefined Weak Reference
    _getenv_init                              - Undefined Weak Reference
    _handle_redirection                       - Undefined Weak Reference
    _init_alloc                               - Undefined Weak Reference
    _init_user_alloc                          - Undefined Weak Reference
    _initio                                   - Undefined Weak Reference
    _rand_init                                - Undefined Weak Reference
    _signal_finish                            - Undefined Weak Reference
    _signal_init                              - Undefined Weak Reference
    _terminate_alloc                          - Undefined Weak Reference
    _terminate_user_alloc                     - Undefined Weak Reference
    _terminateio                              - Undefined Weak Reference
    __Vectors_Size                           0x000001ac   Number         0  startup_stm32f427xx.o ABSOLUTE
    __Vectors                                0x08000000   Data           4  startup_stm32f427xx.o(RESET)
    __Vectors_End                            0x080001ac   Data           0  startup_stm32f427xx.o(RESET)
    __main                                   0x080001ad   Thumb Code     8  __main.o(!!!main)
    __scatterload                            0x080001b5   Thumb Code     0  __scatter.o(!!!scatter)
    __scatterload_rt2                        0x080001b5   Thumb Code    44  __scatter.o(!!!scatter)
    __scatterload_rt2_thumb_only             0x080001b5   Thumb Code     0  __scatter.o(!!!scatter)
    __scatterload_null                       0x080001c3   Thumb Code     0  __scatter.o(!!!scatter)
    __scatterload_copy                       0x080001e9   Thumb Code    26  __scatter_copy.o(!!handler_copy)
    __scatterload_zeroinit                   0x08000205   Thumb Code    28  __scatter_zi.o(!!handler_zi)
    __rt_lib_init                            0x08000221   Thumb Code     0  libinit.o(.ARM.Collect$$libinit$$00000000)
    __rt_lib_init_fp_1                       0x08000223   Thumb Code     0  libinit2.o(.ARM.Collect$$libinit$$00000001)
    __rt_lib_init_alloca_1                   0x08000227   Thumb Code     0  libinit2.o(.ARM.Collect$$libinit$$0000002E)
    __rt_lib_init_argv_1                     0x08000227   Thumb Code     0  libinit2.o(.ARM.Collect$$libinit$$0000002C)
    __rt_lib_init_atexit_1                   0x08000227   Thumb Code     0  libinit2.o(.ARM.Collect$$libinit$$0000001B)
    __rt_lib_init_clock_1                    0x08000227   Thumb Code     0  libinit2.o(.ARM.Collect$$libinit$$00000021)
    __rt_lib_init_cpp_1                      0x08000227   Thumb Code     0  libinit2.o(.ARM.Collect$$libinit$$00000032)
    __rt_lib_init_exceptions_1               0x08000227   Thumb Code     0  libinit2.o(.ARM.Collect$$libinit$$00000030)
    __rt_lib_init_fp_trap_1                  0x08000227   Thumb Code     0  libinit2.o(.ARM.Collect$$libinit$$0000001F)
    __rt_lib_init_getenv_1                   0x08000227   Thumb Code     0  libinit2.o(.ARM.Collect$$libinit$$00000023)
    __rt_lib_init_heap_1                     0x08000227   Thumb Code     0  libinit2.o(.ARM.Collect$$libinit$$0000000A)
    __rt_lib_init_lc_collate_1               0x08000227   Thumb Code     0  libinit2.o(.ARM.Collect$$libinit$$00000011)
    __rt_lib_init_lc_ctype_1                 0x08000227   Thumb Code     0  libinit2.o(.ARM.Collect$$libinit$$00000013)
    __rt_lib_init_lc_monetary_1              0x08000227   Thumb Code     0  libinit2.o(.ARM.Collect$$libinit$$00000015)
    __rt_lib_init_lc_numeric_1               0x08000227   Thumb Code     0  libinit2.o(.ARM.Collect$$libinit$$00000017)
    __rt_lib_init_lc_time_1                  0x08000227   Thumb Code     0  libinit2.o(.ARM.Collect$$libinit$$00000019)
    __rt_lib_init_preinit_1                  0x08000227   Thumb Code     0  libinit2.o(.ARM.Collect$$libinit$$00000004)
    __rt_lib_init_rand_1                     0x08000227   Thumb Code     0  libinit2.o(.ARM.Collect$$libinit$$0000000E)
    __rt_lib_init_return                     0x08000227   Thumb Code     0  libinit2.o(.ARM.Collect$$libinit$$00000033)
    __rt_lib_init_signal_1                   0x08000227   Thumb Code     0  libinit2.o(.ARM.Collect$$libinit$$0000001D)
    __rt_lib_init_stdio_1                    0x08000227   Thumb Code     0  libinit2.o(.ARM.Collect$$libinit$$00000025)
    __rt_lib_init_user_alloc_1               0x08000227   Thumb Code     0  libinit2.o(.ARM.Collect$$libinit$$0000000C)
    __rt_lib_shutdown                        0x08000229   Thumb Code     0  libshutdown.o(.ARM.Collect$$libshutdown$$00000000)
    __rt_lib_shutdown_cpp_1                  0x0800022b   Thumb Code     0  libshutdown2.o(.ARM.Collect$$libshutdown$$00000004)
    __rt_lib_shutdown_fini_1                 0x0800022b   Thumb Code     0  libshutdown2.o(.ARM.Collect$$libshutdown$$00000002)
    __rt_lib_shutdown_fp_trap_1              0x0800022b   Thumb Code     0  libshutdown2.o(.ARM.Collect$$libshutdown$$00000009)
    __rt_lib_shutdown_heap_1                 0x0800022b   Thumb Code     0  libshutdown2.o(.ARM.Collect$$libshutdown$$00000011)
    __rt_lib_shutdown_return                 0x0800022b   Thumb Code     0  libshutdown2.o(.ARM.Collect$$libshutdown$$00000012)
    __rt_lib_shutdown_signal_1               0x0800022b   Thumb Code     0  libshutdown2.o(.ARM.Collect$$libshutdown$$0000000C)
    __rt_lib_shutdown_stdio_1                0x0800022b   Thumb Code     0  libshutdown2.o(.ARM.Collect$$libshutdown$$00000006)
    __rt_lib_shutdown_user_alloc_1           0x0800022b   Thumb Code     0  libshutdown2.o(.ARM.Collect$$libshutdown$$0000000E)
    __rt_entry                               0x0800022d   Thumb Code     0  __rtentry.o(.ARM.Collect$$rtentry$$00000000)
    __rt_entry_presh_1                       0x0800022d   Thumb Code     0  __rtentry2.o(.ARM.Collect$$rtentry$$00000002)
    __rt_entry_sh                            0x0800022d   Thumb Code     0  __rtentry4.o(.ARM.Collect$$rtentry$$00000004)
    __rt_entry_li                            0x08000233   Thumb Code     0  __rtentry2.o(.ARM.Collect$$rtentry$$0000000A)
    __rt_entry_postsh_1                      0x08000233   Thumb Code     0  __rtentry2.o(.ARM.Collect$$rtentry$$00000009)
    __rt_entry_main                          0x08000237   Thumb Code     0  __rtentry2.o(.ARM.Collect$$rtentry$$0000000D)
    __rt_entry_postli_1                      0x08000237   Thumb Code     0  __rtentry2.o(.ARM.Collect$$rtentry$$0000000C)
    __rt_exit                                0x0800023f   Thumb Code     0  rtexit.o(.ARM.Collect$$rtexit$$00000000)
    __rt_exit_ls                             0x08000241   Thumb Code     0  rtexit2.o(.ARM.Collect$$rtexit$$00000003)
    __rt_exit_prels_1                        0x08000241   Thumb Code     0  rtexit2.o(.ARM.Collect$$rtexit$$00000002)
    __rt_exit_exit                           0x08000245   Thumb Code     0  rtexit2.o(.ARM.Collect$$rtexit$$00000004)
    Reset_Handler                            0x0800024d   Thumb Code     8  startup_stm32f427xx.o(.text)
    ADC_IRQHandler                           0x08000267   Thumb Code     0  startup_stm32f427xx.o(.text)
    CAN1_RX0_IRQHandler                      0x08000267   Thumb Code     0  startup_stm32f427xx.o(.text)
    CAN1_RX1_IRQHandler                      0x08000267   Thumb Code     0  startup_stm32f427xx.o(.text)
    CAN1_SCE_IRQHandler                      0x08000267   Thumb Code     0  startup_stm32f427xx.o(.text)
    CAN1_TX_IRQHandler                       0x08000267   Thumb Code     0  startup_stm32f427xx.o(.text)
    CAN2_RX0_IRQHandler                      0x08000267   Thumb Code     0  startup_stm32f427xx.o(.text)
    CAN2_RX1_IRQHandler                      0x08000267   Thumb Code     0  startup_stm32f427xx.o(.text)
    CAN2_SCE_IRQHandler                      0x08000267   Thumb Code     0  startup_stm32f427xx.o(.text)
    CAN2_TX_IRQHandler                       0x08000267   Thumb Code     0  startup_stm32f427xx.o(.text)
    DCMI_IRQHandler                          0x08000267   Thumb Code     0  startup_stm32f427xx.o(.text)
    DMA1_Stream0_IRQHandler                  0x08000267   Thumb Code     0  startup_stm32f427xx.o(.text)
    DMA1_Stream1_IRQHandler                  0x08000267   Thumb Code     0  startup_stm32f427xx.o(.text)
    DMA1_Stream2_IRQHandler                  0x08000267   Thumb Code     0  startup_stm32f427xx.o(.text)
    DMA1_Stream3_IRQHandler                  0x08000267   Thumb Code     0  startup_stm32f427xx.o(.text)
    DMA1_Stream4_IRQHandler                  0x08000267   Thumb Code     0  startup_stm32f427xx.o(.text)
    DMA1_Stream5_IRQHandler                  0x08000267   Thumb Code     0  startup_stm32f427xx.o(.text)
    DMA1_Stream6_IRQHandler                  0x08000267   Thumb Code     0  startup_stm32f427xx.o(.text)
    DMA1_Stream7_IRQHandler                  0x08000267   Thumb Code     0  startup_stm32f427xx.o(.text)
    DMA2D_IRQHandler                         0x08000267   Thumb Code     0  startup_stm32f427xx.o(.text)
    DMA2_Stream0_IRQHandler                  0x08000267   Thumb Code     0  startup_stm32f427xx.o(.text)
    DMA2_Stream1_IRQHandler                  0x08000267   Thumb Code     0  startup_stm32f427xx.o(.text)
    DMA2_Stream2_IRQHandler                  0x08000267   Thumb Code     0  startup_stm32f427xx.o(.text)
    DMA2_Stream3_IRQHandler                  0x08000267   Thumb Code     0  startup_stm32f427xx.o(.text)
    DMA2_Stream4_IRQHandler                  0x08000267   Thumb Code     0  startup_stm32f427xx.o(.text)
    DMA2_Stream5_IRQHandler                  0x08000267   Thumb Code     0  startup_stm32f427xx.o(.text)
    DMA2_Stream6_IRQHandler                  0x08000267   Thumb Code     0  startup_stm32f427xx.o(.text)
    DMA2_Stream7_IRQHandler                  0x08000267   Thumb Code     0  startup_stm32f427xx.o(.text)
    ETH_IRQHandler                           0x08000267   Thumb Code     0  startup_stm32f427xx.o(.text)
    ETH_WKUP_IRQHandler                      0x08000267   Thumb Code     0  startup_stm32f427xx.o(.text)
    EXTI0_IRQHandler                         0x08000267   Thumb Code     0  startup_stm32f427xx.o(.text)
    EXTI15_10_IRQHandler                     0x08000267   Thumb Code     0  startup_stm32f427xx.o(.text)
    EXTI1_IRQHandler                         0x08000267   Thumb Code     0  startup_stm32f427xx.o(.text)
    EXTI2_IRQHandler                         0x08000267   Thumb Code     0  startup_stm32f427xx.o(.text)
    EXTI3_IRQHandler                         0x08000267   Thumb Code     0  startup_stm32f427xx.o(.text)
    EXTI4_IRQHandler                         0x08000267   Thumb Code     0  startup_stm32f427xx.o(.text)
    EXTI9_5_IRQHandler                       0x08000267   Thumb Code     0  startup_stm32f427xx.o(.text)
    FLASH_IRQHandler                         0x08000267   Thumb Code     0  startup_stm32f427xx.o(.text)
    FMC_IRQHandler                           0x08000267   Thumb Code     0  startup_stm32f427xx.o(.text)
    FPU_IRQHandler                           0x08000267   Thumb Code     0  startup_stm32f427xx.o(.text)
    HASH_RNG_IRQHandler                      0x08000267   Thumb Code     0  startup_stm32f427xx.o(.text)
    I2C1_ER_IRQHandler                       0x08000267   Thumb Code     0  startup_stm32f427xx.o(.text)
    I2C1_EV_IRQHandler                       0x08000267   Thumb Code     0  startup_stm32f427xx.o(.text)
    I2C2_ER_IRQHandler                       0x08000267   Thumb Code     0  startup_stm32f427xx.o(.text)
    I2C2_EV_IRQHandler                       0x08000267   Thumb Code     0  startup_stm32f427xx.o(.text)
    I2C3_ER_IRQHandler                       0x08000267   Thumb Code     0  startup_stm32f427xx.o(.text)
    I2C3_EV_IRQHandler                       0x08000267   Thumb Code     0  startup_stm32f427xx.o(.text)
    OTG_FS_IRQHandler                        0x08000267   Thumb Code     0  startup_stm32f427xx.o(.text)
    OTG_FS_WKUP_IRQHandler                   0x08000267   Thumb Code     0  startup_stm32f427xx.o(.text)
    OTG_HS_EP1_IN_IRQHandler                 0x08000267   Thumb Code     0  startup_stm32f427xx.o(.text)
    OTG_HS_EP1_OUT_IRQHandler                0x08000267   Thumb Code     0  startup_stm32f427xx.o(.text)
    OTG_HS_IRQHandler                        0x08000267   Thumb Code     0  startup_stm32f427xx.o(.text)
    OTG_HS_WKUP_IRQHandler                   0x08000267   Thumb Code     0  startup_stm32f427xx.o(.text)
    PVD_IRQHandler                           0x08000267   Thumb Code     0  startup_stm32f427xx.o(.text)
    RCC_IRQHandler                           0x08000267   Thumb Code     0  startup_stm32f427xx.o(.text)
    RTC_Alarm_IRQHandler                     0x08000267   Thumb Code     0  startup_stm32f427xx.o(.text)
    RTC_WKUP_IRQHandler                      0x08000267   Thumb Code     0  startup_stm32f427xx.o(.text)
    SAI1_IRQHandler                          0x08000267   Thumb Code     0  startup_stm32f427xx.o(.text)
    SDIO_IRQHandler                          0x08000267   Thumb Code     0  startup_stm32f427xx.o(.text)
    SPI1_IRQHandler                          0x08000267   Thumb Code     0  startup_stm32f427xx.o(.text)
    SPI2_IRQHandler                          0x08000267   Thumb Code     0  startup_stm32f427xx.o(.text)
    SPI3_IRQHandler                          0x08000267   Thumb Code     0  startup_stm32f427xx.o(.text)
    SPI4_IRQHandler                          0x08000267   Thumb Code     0  startup_stm32f427xx.o(.text)
    SPI5_IRQHandler                          0x08000267   Thumb Code     0  startup_stm32f427xx.o(.text)
    SPI6_IRQHandler                          0x08000267   Thumb Code     0  startup_stm32f427xx.o(.text)
    TAMP_STAMP_IRQHandler                    0x08000267   Thumb Code     0  startup_stm32f427xx.o(.text)
    TIM1_BRK_TIM9_IRQHandler                 0x08000267   Thumb Code     0  startup_stm32f427xx.o(.text)
    TIM1_CC_IRQHandler                       0x08000267   Thumb Code     0  startup_stm32f427xx.o(.text)
    TIM1_TRG_COM_TIM11_IRQHandler            0x08000267   Thumb Code     0  startup_stm32f427xx.o(.text)
    TIM1_UP_TIM10_IRQHandler                 0x08000267   Thumb Code     0  startup_stm32f427xx.o(.text)
    TIM2_IRQHandler                          0x08000267   Thumb Code     0  startup_stm32f427xx.o(.text)
    TIM3_IRQHandler                          0x08000267   Thumb Code     0  startup_stm32f427xx.o(.text)
    TIM4_IRQHandler                          0x08000267   Thumb Code     0  startup_stm32f427xx.o(.text)
    TIM5_IRQHandler                          0x08000267   Thumb Code     0  startup_stm32f427xx.o(.text)
    TIM6_DAC_IRQHandler                      0x08000267   Thumb Code     0  startup_stm32f427xx.o(.text)
    TIM7_IRQHandler                          0x08000267   Thumb Code     0  startup_stm32f427xx.o(.text)
    TIM8_BRK_TIM12_IRQHandler                0x08000267   Thumb Code     0  startup_stm32f427xx.o(.text)
    TIM8_CC_IRQHandler                       0x08000267   Thumb Code     0  startup_stm32f427xx.o(.text)
    TIM8_TRG_COM_TIM14_IRQHandler            0x08000267   Thumb Code     0  startup_stm32f427xx.o(.text)
    TIM8_UP_TIM13_IRQHandler                 0x08000267   Thumb Code     0  startup_stm32f427xx.o(.text)
    UART4_IRQHandler                         0x08000267   Thumb Code     0  startup_stm32f427xx.o(.text)
    UART5_IRQHandler                         0x08000267   Thumb Code     0  startup_stm32f427xx.o(.text)
    UART7_IRQHandler                         0x08000267   Thumb Code     0  startup_stm32f427xx.o(.text)
    UART8_IRQHandler                         0x08000267   Thumb Code     0  startup_stm32f427xx.o(.text)
    USART2_IRQHandler                        0x08000267   Thumb Code     0  startup_stm32f427xx.o(.text)
    USART3_IRQHandler                        0x08000267   Thumb Code     0  startup_stm32f427xx.o(.text)
    USART6_IRQHandler                        0x08000267   Thumb Code     0  startup_stm32f427xx.o(.text)
    WWDG_IRQHandler                          0x08000267   Thumb Code     0  startup_stm32f427xx.o(.text)
    __user_initial_stackheap                 0x08000269   Thumb Code     0  startup_stm32f427xx.o(.text)
    PendSV_Handler                           0x0800028d   Thumb Code    42  context_rvds.o(.text)
    SVC_Handler                              0x080002b7   Thumb Code    18  context_rvds.o(.text)
    __aeabi_uldivmod                         0x080002d1   Thumb Code     0  lludivv7m.o(.text)
    _ll_udiv                                 0x080002d1   Thumb Code   238  lludivv7m.o(.text)
    __aeabi_memclr4                          0x080003bf   Thumb Code     0  rt_memclr_w.o(.text)
    __aeabi_memclr8                          0x080003bf   Thumb Code     0  rt_memclr_w.o(.text)
    __rt_memclr_w                            0x080003bf   Thumb Code    78  rt_memclr_w.o(.text)
    _memset_w                                0x080003c3   Thumb Code     0  rt_memclr_w.o(.text)
    __use_two_region_memory                  0x0800040d   Thumb Code     2  heapauxi.o(.text)
    __rt_heap_escrow$2region                 0x0800040f   Thumb Code     2  heapauxi.o(.text)
    __rt_heap_expand$2region                 0x08000411   Thumb Code     2  heapauxi.o(.text)
    __user_setup_stackheap                   0x08000413   Thumb Code    74  sys_stackheap_outer.o(.text)
    exit                                     0x0800045d   Thumb Code    18  exit.o(.text)
    __user_libspace                          0x08000471   Thumb Code     8  libspace.o(.text)
    __user_perproc_libspace                  0x08000471   Thumb Code     0  libspace.o(.text)
    __user_perthread_libspace                0x08000471   Thumb Code     0  libspace.o(.text)
    _sys_exit                                0x08000479   Thumb Code     8  sys_exit.o(.text)
    __I$use$semihosting                      0x08000485   Thumb Code     0  use_no_semi.o(.text)
    __use_no_semihosting_swi                 0x08000485   Thumb Code     2  use_no_semi.o(.text)
    BusFault_Handler                         0x08000487   Thumb Code     2  stm32f4xx_it.o(i.BusFault_Handler)
    __semihosting_library_function           0x08000487   Thumb Code     0  indicate_semi.o(.text)
    DebugMon_Handler                         0x08000489   Thumb Code     2  stm32f4xx_it.o(i.DebugMon_Handler)
    HAL_GPIO_Init                            0x0800048d   Thumb Code   510  stm32f4xx_hal_gpio.o(i.HAL_GPIO_Init)
    HAL_GPIO_WritePin                        0x080006c1   Thumb Code    10  stm32f4xx_hal_gpio.o(i.HAL_GPIO_WritePin)
    HAL_GetTick                              0x080006cd   Thumb Code     6  stm32f4xx_hal.o(i.HAL_GetTick)
    HAL_Init                                 0x080006d9   Thumb Code    48  stm32f4xx_hal.o(i.HAL_Init)
    HAL_InitTick                             0x0800070d   Thumb Code    54  stm32f4xx_hal.o(i.HAL_InitTick)
    HAL_MspInit                              0x0800074d   Thumb Code    42  stm32f4xx_hal_msp.o(i.HAL_MspInit)
    HAL_NVIC_EnableIRQ                       0x0800077d   Thumb Code    26  stm32f4xx_hal_cortex.o(i.HAL_NVIC_EnableIRQ)
    HAL_NVIC_SetPriority                     0x08000799   Thumb Code    60  stm32f4xx_hal_cortex.o(i.HAL_NVIC_SetPriority)
    HAL_NVIC_SetPriorityGrouping             0x080007d9   Thumb Code    26  stm32f4xx_hal_cortex.o(i.HAL_NVIC_SetPriorityGrouping)
    HAL_RCC_ClockConfig                      0x080007fd   Thumb Code   288  stm32f4xx_hal_rcc.o(i.HAL_RCC_ClockConfig)
    HAL_RCC_GetPCLK1Freq                     0x08000931   Thumb Code    20  stm32f4xx_hal_rcc.o(i.HAL_RCC_GetPCLK1Freq)
    HAL_RCC_GetPCLK2Freq                     0x08000951   Thumb Code    20  stm32f4xx_hal_rcc.o(i.HAL_RCC_GetPCLK2Freq)
    HAL_RCC_GetSysClockFreq                  0x08000971   Thumb Code    88  stm32f4xx_hal_rcc.o(i.HAL_RCC_GetSysClockFreq)
    HAL_RCC_OscConfig                        0x080009d1   Thumb Code   856  stm32f4xx_hal_rcc.o(i.HAL_RCC_OscConfig)
    HAL_SYSTICK_Config                       0x08000d3d   Thumb Code    40  stm32f4xx_hal_cortex.o(i.HAL_SYSTICK_Config)
    HAL_UART_Init                            0x08000d65   Thumb Code   100  stm32f4xx_hal_uart.o(i.HAL_UART_Init)
    HAL_UART_MspInit                         0x08000dc9   Thumb Code    94  usart.o(i.HAL_UART_MspInit)
    HardFault_Handler                        0x08000e35   Thumb Code     4  svcrt_board.o(i.HardFault_Handler)
    MX_GPIO_Init                             0x08000e39   Thumb Code   216  gpio.o(i.MX_GPIO_Init)
    MemManage_Handler                        0x08000f21   Thumb Code     2  stm32f4xx_it.o(i.MemManage_Handler)
    NMI_Handler                              0x08000f23   Thumb Code     2  stm32f4xx_it.o(i.NMI_Handler)
    SVC_Server                               0x08000f25   Thumb Code   220  svcrt_task.o(i.SVC_Server)
    SysTick_Handler                          0x08001005   Thumb Code     4  svcrt_board.o(i.SysTick_Handler)
    SystemClock_Config                       0x08001009   Thumb Code   148  main.o(i.SystemClock_Config)
    SystemInit                               0x080010a5   Thumb Code    12  system_stm32f4xx.o(i.SystemInit)
    USART1_IRQHandler                        0x080011c1   Thumb Code     6  drvuart.o(i.USART1_IRQHandler)
    UsageFault_Handler                       0x080011cd   Thumb Code     2  stm32f4xx_it.o(i.UsageFault_Handler)
    led_drv_close                            0x0800126d   Thumb Code    34  drvled.o(i.led_drv_close)
    led_drv_ctrl                             0x08001295   Thumb Code     4  drvled.o(i.led_drv_ctrl)
    led_drv_open                             0x08001299   Thumb Code    74  drvled.o(i.led_drv_open)
    led_drv_read                             0x080012f1   Thumb Code    24  drvled.o(i.led_drv_read)
    led_drv_write                            0x08001309   Thumb Code    84  drvled.o(i.led_drv_write)
    main                                     0x08001361   Thumb Code    52  main.o(i.main)
    svcrt_cfg_load                           0x08001395   Thumb Code     8  svcrt_cfg.o(i.svcrt_cfg_load)
    svcrt_dev_board_init                     0x080013a1   Thumb Code    26  svcrt_board.o(i.svcrt_dev_board_init)
    svcrt_dev_close_internal                 0x080013d1   Thumb Code    70  svcrt_dev.o(i.svcrt_dev_close_internal)
    svcrt_dev_ctrl_internal                  0x08001421   Thumb Code    60  svcrt_dev.o(i.svcrt_dev_ctrl_internal)
    svcrt_dev_module_init                    0x08001465   Thumb Code    38  svcrt_dev.o(i.svcrt_dev_module_init)
    svcrt_dev_open_internal                  0x08001495   Thumb Code    84  svcrt_dev.o(i.svcrt_dev_open_internal)
    svcrt_dev_read_internal                  0x080014f1   Thumb Code    60  svcrt_dev.o(i.svcrt_dev_read_internal)
    svcrt_dev_register                       0x08001535   Thumb Code   120  svcrt_dev.o(i.svcrt_dev_register)
    svcrt_dev_write_internal                 0x080015b5   Thumb Code    60  svcrt_dev.o(i.svcrt_dev_write_internal)
    svcrt_event_create_internal              0x080015f9   Thumb Code    54  svcrt_event.o(i.svcrt_event_create_internal)
    svcrt_event_module_init                  0x08001635   Thumb Code    44  svcrt_event.o(i.svcrt_event_module_init)
    svcrt_event_set_internal                 0x08001665   Thumb Code    46  svcrt_event.o(i.svcrt_event_set_internal)
    svcrt_event_wait_internal                0x08001699   Thumb Code    78  svcrt_event.o(i.svcrt_event_wait_internal)
    svcrt_fifo_create                        0x080016ed   Thumb Code    26  svcrt_fifo.o(i.svcrt_fifo_create)
    svcrt_fifo_read                          0x08001707   Thumb Code    62  svcrt_fifo.o(i.svcrt_fifo_read)
    svcrt_fifo_write                         0x08001745   Thumb Code    56  svcrt_fifo.o(i.svcrt_fifo_write)
    svcrt_hardfault_handler                  0x0800177d   Thumb Code    30  svcrt_task.o(i.svcrt_hardfault_handler)
    svcrt_kernel_get_time                    0x080017a5   Thumb Code     8  svcrt_task.o(i.svcrt_kernel_get_time)
    svcrt_kernel_tick_handler                0x080017b1   Thumb Code    42  svcrt_task.o(i.svcrt_kernel_tick_handler)
    svcrt_mpu_module_init                    0x080017e1   Thumb Code    60  svcrt_mpu.o(i.svcrt_mpu_module_init)
    svcrt_mpu_set                            0x08001821   Thumb Code   156  svcrt_mpu.o(i.svcrt_mpu_set)
    svcrt_mpu_set_app                        0x080018c9   Thumb Code    60  svcrt_mpu.o(i.svcrt_mpu_set_app)
    svcrt_port_board_init                    0x08001909   Thumb Code    12  svcrt_board.o(i.svcrt_port_board_init)
    svcrt_port_disable_irq                   0x08001919   Thumb Code     4  svcrt_board.o(i.svcrt_port_disable_irq)
    svcrt_port_dmb                           0x0800191d   Thumb Code     6  svcrt_board.o(i.svcrt_port_dmb)
    svcrt_port_dsb                           0x08001923   Thumb Code     6  svcrt_board.o(i.svcrt_port_dsb)
    svcrt_port_enable_irq                    0x08001929   Thumb Code     4  svcrt_board.o(i.svcrt_port_enable_irq)
    svcrt_port_get_control                   0x0800192d   Thumb Code     6  svcrt_board.o(i.svcrt_port_get_control)
    svcrt_port_get_systick_load              0x08001933   Thumb Code     8  svcrt_board.o(i.svcrt_port_get_systick_load)
    svcrt_port_get_systick_val               0x0800193b   Thumb Code     8  svcrt_board.o(i.svcrt_port_get_systick_val)
    svcrt_port_irq_init                      0x08001945   Thumb Code    48  svcrt_board.o(i.svcrt_port_irq_init)
    svcrt_port_isb                           0x0800197d   Thumb Code     6  svcrt_board.o(i.svcrt_port_isb)
    svcrt_port_set_control                   0x08001983   Thumb Code    10  svcrt_board.o(i.svcrt_port_set_control)
    svcrt_port_set_idle_mpu                  0x0800198d   Thumb Code    12  svcrt_board.o(i.svcrt_port_set_idle_mpu)
    svcrt_port_set_psp                       0x08001999   Thumb Code     6  svcrt_board.o(i.svcrt_port_set_psp)
    svcrt_port_start_timer                   0x080019a1   Thumb Code    48  svcrt_board.o(i.svcrt_port_start_timer)
    svcrt_port_switch_task                   0x080019d9   Thumb Code    10  svcrt_board.o(i.svcrt_port_switch_task)
    svcrt_port_wfe                           0x080019e9   Thumb Code     4  svcrt_board.o(i.svcrt_port_wfe)
    svcrt_port_wfi                           0x080019ed   Thumb Code     4  svcrt_board.o(i.svcrt_port_wfi)
    svcrt_sched_activate                     0x080019f1   Thumb Code   104  svcrt_task.o(i.svcrt_sched_activate)
    svcrt_sched_is_switching                 0x08001a61   Thumb Code    42  svcrt_task.o(i.svcrt_sched_is_switching)
    svcrt_sched_next                         0x08001a95   Thumb Code   180  svcrt_task.o(i.svcrt_sched_next)
    svcrt_task_delay_internal                0x08001b89   Thumb Code    56  svcrt_task.o(i.svcrt_task_delay_internal)
    svcrt_task_get_current                   0x08001bc9   Thumb Code    36  svcrt_task.o(i.svcrt_task_get_current)
    svcrt_task_kill_internal                 0x08001bf5   Thumb Code    38  svcrt_task.o(i.svcrt_task_kill_internal)
    svcrt_task_wait_internal                 0x08001c25   Thumb Code    60  svcrt_task.o(i.svcrt_task_wait_internal)
    svcrt_task_wait_period_internal          0x08001c69   Thumb Code    42  svcrt_task.o(i.svcrt_task_wait_period_internal)
    uart_drv_close                           0x08001c9d   Thumb Code    32  drvuart.o(i.uart_drv_close)
    uart_drv_ctrl                            0x08001cbd   Thumb Code     4  drvuart.o(i.uart_drv_ctrl)
    uart_drv_open                            0x08001cc1   Thumb Code   212  drvuart.o(i.uart_drv_open)
    uart_drv_read                            0x08001da9   Thumb Code    20  drvuart.o(i.uart_drv_read)
    uart_drv_write                           0x08001dbd   Thumb Code    52  drvuart.o(i.uart_drv_write)
    _fp_init                                 0x08001df1   Thumb Code    10  fpinit.o(x$fpl$fpinit)
    __fplib_config_fpu_vfp                   0x08001df9   Thumb Code     0  fpinit.o(x$fpl$fpinit)
    __fplib_config_pureend_doubles           0x08001df9   Thumb Code     0  fpinit.o(x$fpl$fpinit)
    AHBPrescTable                            0x08001dfa   Data          16  system_stm32f4xx.o(.constdata)
    APBPrescTable                            0x08001e0a   Data           8  system_stm32f4xx.o(.constdata)
    Region$$Table$$Base                      0x08001e14   Number         0  anon$$obj.o(Region$$Table)
    Region$$Table$$Limit                     0x08001e34   Number         0  anon$$obj.o(Region$$Table)
    SystemCoreClock                          0x20000000   Data           4  system_stm32f4xx.o(.data)
    svcrt_cpu_load_counter                   0x20000004   Data           2  svcrt_task.o(.data)
    svcrt_cpu_idle_millis                    0x20000006   Data           2  svcrt_task.o(.data)
    svcrt_kernel_tick                        0x20000008   Data           4  svcrt_task.o(.data)
    svcrt_current_task_id                    0x2000000c   Data           4  svcrt_task.o(.data)
    svcrt_task_count                         0x20000018   Data           4  svcrt_cfg.o(.data)
    usart_drv                                0x2000001c   Data          20  drvuart.o(.data)
    led_drv                                  0x20000030   Data          20  drvled.o(.data)
    uwTickFreq                               0x2000004c   Data           1  stm32f4xx_hal.o(.data)
    uwTickPrio                               0x20000050   Data           4  stm32f4xx_hal.o(.data)
    uwTick                                   0x20000054   Data           4  stm32f4xx_hal.o(.data)
    svcrt_task_table                         0x200003c8   Data         868  svcrt_cfg.o(.bss)
    __libspace_start                         0x20000888   Data          96  libspace.o(.bss)
    __temporary_stack_top$libspace           0x200008e8   Data           0  libspace.o(.bss)



==============================================================================

Memory Map of the image

  Image Entry point : 0x080001ad

  Load Region LR_IROM1 (Base: 0x08000000, Size: 0x00001e8c, Max: 0x00100000, ABSOLUTE)

    Execution Region ER_IROM1 (Exec base: 0x08000000, Load base: 0x08000000, Size: 0x00001e34, Max: 0x00100000, ABSOLUTE)

    Exec Addr    Load Addr    Size         Type   Attr      Idx    E Section Name        Object

    0x08000000   0x08000000   0x000001ac   Data   RO            3    RESET               startup_stm32f427xx.o
    0x080001ac   0x080001ac   0x00000008   Code   RO         2577  * !!!main             c_w.l(__main.o)
    0x080001b4   0x080001b4   0x00000034   Code   RO         2746    !!!scatter          c_w.l(__scatter.o)
    0x080001e8   0x080001e8   0x0000001a   Code   RO         2748    !!handler_copy      c_w.l(__scatter_copy.o)
    0x08000202   0x08000202   0x00000002   PAD
    0x08000204   0x08000204   0x0000001c   Code   RO         2750    !!handler_zi        c_w.l(__scatter_zi.o)
    0x08000220   0x08000220   0x00000002   Code   RO         2614    .ARM.Collect$$libinit$$00000000  c_w.l(libinit.o)
    0x08000222   0x08000222   0x00000004   Code   RO         2626    .ARM.Collect$$libinit$$00000001  c_w.l(libinit2.o)
    0x08000226   0x08000226   0x00000000   Code   RO         2629    .ARM.Collect$$libinit$$00000004  c_w.l(libinit2.o)
    0x08000226   0x08000226   0x00000000   Code   RO         2632    .ARM.Collect$$libinit$$0000000A  c_w.l(libinit2.o)
    0x08000226   0x08000226   0x00000000   Code   RO         2634    .ARM.Collect$$libinit$$0000000C  c_w.l(libinit2.o)
    0x08000226   0x08000226   0x00000000   Code   RO         2636    .ARM.Collect$$libinit$$0000000E  c_w.l(libinit2.o)
    0x08000226   0x08000226   0x00000000   Code   RO         2639    .ARM.Collect$$libinit$$00000011  c_w.l(libinit2.o)
    0x08000226   0x08000226   0x00000000   Code   RO         2641    .ARM.Collect$$libinit$$00000013  c_w.l(libinit2.o)
    0x08000226   0x08000226   0x00000000   Code   RO         2643    .ARM.Collect$$libinit$$00000015  c_w.l(libinit2.o)
    0x08000226   0x08000226   0x00000000   Code   RO         2645    .ARM.Collect$$libinit$$00000017  c_w.l(libinit2.o)
    0x08000226   0x08000226   0x00000000   Code   RO         2647    .ARM.Collect$$libinit$$00000019  c_w.l(libinit2.o)
    0x08000226   0x08000226   0x00000000   Code   RO         2649    .ARM.Collect$$libinit$$0000001B  c_w.l(libinit2.o)
    0x08000226   0x08000226   0x00000000   Code   RO         2651    .ARM.Collect$$libinit$$0000001D  c_w.l(libinit2.o)
    0x08000226   0x08000226   0x00000000   Code   RO         2653    .ARM.Collect$$libinit$$0000001F  c_w.l(libinit2.o)
    0x08000226   0x08000226   0x00000000   Code   RO         2655    .ARM.Collect$$libinit$$00000021  c_w.l(libinit2.o)
    0x08000226   0x08000226   0x00000000   Code   RO         2657    .ARM.Collect$$libinit$$00000023  c_w.l(libinit2.o)
    0x08000226   0x08000226   0x00000000   Code   RO         2659    .ARM.Collect$$libinit$$00000025  c_w.l(libinit2.o)
    0x08000226   0x08000226   0x00000000   Code   RO         2663    .ARM.Collect$$libinit$$0000002C  c_w.l(libinit2.o)
    0x08000226   0x08000226   0x00000000   Code   RO         2665    .ARM.Collect$$libinit$$0000002E  c_w.l(libinit2.o)
    0x08000226   0x08000226   0x00000000   Code   RO         2667    .ARM.Collect$$libinit$$00000030  c_w.l(libinit2.o)
    0x08000226   0x08000226   0x00000000   Code   RO         2669    .ARM.Collect$$libinit$$00000032  c_w.l(libinit2.o)
    0x08000226   0x08000226   0x00000002   Code   RO         2670    .ARM.Collect$$libinit$$00000033  c_w.l(libinit2.o)
    0x08000228   0x08000228   0x00000002   Code   RO         2701    .ARM.Collect$$libshutdown$$00000000  c_w.l(libshutdown.o)
    0x0800022a   0x0800022a   0x00000000   Code   RO         2727    .ARM.Collect$$libshutdown$$00000002  c_w.l(libshutdown2.o)
    0x0800022a   0x0800022a   0x00000000   Code   RO         2729    .ARM.Collect$$libshutdown$$00000004  c_w.l(libshutdown2.o)
    0x0800022a   0x0800022a   0x00000000   Code   RO         2731    .ARM.Collect$$libshutdown$$00000006  c_w.l(libshutdown2.o)
    0x0800022a   0x0800022a   0x00000000   Code   RO         2734    .ARM.Collect$$libshutdown$$00000009  c_w.l(libshutdown2.o)
    0x0800022a   0x0800022a   0x00000000   Code   RO         2737    .ARM.Collect$$libshutdown$$0000000C  c_w.l(libshutdown2.o)
    0x0800022a   0x0800022a   0x00000000   Code   RO         2739    .ARM.Collect$$libshutdown$$0000000E  c_w.l(libshutdown2.o)
    0x0800022a   0x0800022a   0x00000000   Code   RO         2742    .ARM.Collect$$libshutdown$$00000011  c_w.l(libshutdown2.o)
    0x0800022a   0x0800022a   0x00000002   Code   RO         2743    .ARM.Collect$$libshutdown$$00000012  c_w.l(libshutdown2.o)
    0x0800022c   0x0800022c   0x00000000   Code   RO         2579    .ARM.Collect$$rtentry$$00000000  c_w.l(__rtentry.o)
    0x0800022c   0x0800022c   0x00000000   Code   RO         2585    .ARM.Collect$$rtentry$$00000002  c_w.l(__rtentry2.o)
    0x0800022c   0x0800022c   0x00000006   Code   RO         2597    .ARM.Collect$$rtentry$$00000004  c_w.l(__rtentry4.o)
    0x08000232   0x08000232   0x00000000   Code   RO         2587    .ARM.Collect$$rtentry$$00000009  c_w.l(__rtentry2.o)
    0x08000232   0x08000232   0x00000004   Code   RO         2588    .ARM.Collect$$rtentry$$0000000A  c_w.l(__rtentry2.o)
    0x08000236   0x08000236   0x00000000   Code   RO         2590    .ARM.Collect$$rtentry$$0000000C  c_w.l(__rtentry2.o)
    0x08000236   0x08000236   0x00000008   Code   RO         2591    .ARM.Collect$$rtentry$$0000000D  c_w.l(__rtentry2.o)
    0x0800023e   0x0800023e   0x00000002   Code   RO         2618    .ARM.Collect$$rtexit$$00000000  c_w.l(rtexit.o)
    0x08000240   0x08000240   0x00000000   Code   RO         2674    .ARM.Collect$$rtexit$$00000002  c_w.l(rtexit2.o)
    0x08000240   0x08000240   0x00000004   Code   RO         2675    .ARM.Collect$$rtexit$$00000003  c_w.l(rtexit2.o)
    0x08000244   0x08000244   0x00000006   Code   RO         2676    .ARM.Collect$$rtexit$$00000004  c_w.l(rtexit2.o)
    0x0800024a   0x0800024a   0x00000002   PAD
    0x0800024c   0x0800024c   0x00000040   Code   RO            4    .text               startup_stm32f427xx.o
    0x0800028c   0x0800028c   0x00000044   Code   RO          849    .text               context_rvds.o
    0x080002d0   0x080002d0   0x000000ee   Code   RO         2571    .text               c_w.l(lludivv7m.o)
    0x080003be   0x080003be   0x0000004e   Code   RO         2573    .text               c_w.l(rt_memclr_w.o)
    0x0800040c   0x0800040c   0x00000006   Code   RO         2575    .text               c_w.l(heapauxi.o)
    0x08000412   0x08000412   0x0000004a   Code   RO         2601    .text               c_w.l(sys_stackheap_outer.o)
    0x0800045c   0x0800045c   0x00000012   Code   RO         2603    .text               c_w.l(exit.o)
    0x0800046e   0x0800046e   0x00000002   PAD
    0x08000470   0x08000470   0x00000008   Code   RO         2615    .text               c_w.l(libspace.o)
    0x08000478   0x08000478   0x0000000c   Code   RO         2671    .text               c_w.l(sys_exit.o)
    0x08000484   0x08000484   0x00000002   Code   RO         2690    .text               c_w.l(use_no_semi.o)
    0x08000486   0x08000486   0x00000000   Code   RO         2692    .text               c_w.l(indicate_semi.o)
    0x08000486   0x08000486   0x00000002   Code   RO          272    i.BusFault_Handler  stm32f4xx_it.o
    0x08000488   0x08000488   0x00000002   Code   RO          273    i.DebugMon_Handler  stm32f4xx_it.o
    0x0800048a   0x0800048a   0x00000002   PAD
    0x0800048c   0x0800048c   0x00000234   Code   RO         1384    i.HAL_GPIO_Init     stm32f4xx_hal_gpio.o
    0x080006c0   0x080006c0   0x0000000a   Code   RO         1388    i.HAL_GPIO_WritePin  stm32f4xx_hal_gpio.o
    0x080006ca   0x080006ca   0x00000002   PAD
    0x080006cc   0x080006cc   0x0000000c   Code   RO         1954    i.HAL_GetTick       stm32f4xx_hal.o
    0x080006d8   0x080006d8   0x00000034   Code   RO         1961    i.HAL_Init          stm32f4xx_hal.o
    0x0800070c   0x0800070c   0x00000040   Code   RO         1962    i.HAL_InitTick      stm32f4xx_hal.o
    0x0800074c   0x0800074c   0x00000030   Code   RO          323    i.HAL_MspInit       stm32f4xx_hal_msp.o
    0x0800077c   0x0800077c   0x0000001a   Code   RO         1794    i.HAL_NVIC_EnableIRQ  stm32f4xx_hal_cortex.o
    0x08000796   0x08000796   0x00000002   PAD
    0x08000798   0x08000798   0x00000040   Code   RO         1800    i.HAL_NVIC_SetPriority  stm32f4xx_hal_cortex.o
    0x080007d8   0x080007d8   0x00000024   Code   RO         1801    i.HAL_NVIC_SetPriorityGrouping  stm32f4xx_hal_cortex.o
    0x080007fc   0x080007fc   0x00000134   Code   RO          978    i.HAL_RCC_ClockConfig  stm32f4xx_hal_rcc.o
    0x08000930   0x08000930   0x00000020   Code   RO          985    i.HAL_RCC_GetPCLK1Freq  stm32f4xx_hal_rcc.o
    0x08000950   0x08000950   0x00000020   Code   RO          986    i.HAL_RCC_GetPCLK2Freq  stm32f4xx_hal_rcc.o
    0x08000970   0x08000970   0x00000060   Code   RO          987    i.HAL_RCC_GetSysClockFreq  stm32f4xx_hal_rcc.o
    0x080009d0   0x080009d0   0x0000036c   Code   RO          990    i.HAL_RCC_OscConfig  stm32f4xx_hal_rcc.o
    0x08000d3c   0x08000d3c   0x00000028   Code   RO         1805    i.HAL_SYSTICK_Config  stm32f4xx_hal_cortex.o
    0x08000d64   0x08000d64   0x00000064   Code   RO         2239    i.HAL_UART_Init     stm32f4xx_hal_uart.o
    0x08000dc8   0x08000dc8   0x0000006c   Code   RO          231    i.HAL_UART_MspInit  usart.o
    0x08000e34   0x08000e34   0x00000004   Code   RO          643    i.HardFault_Handler  svcrt_board.o
    0x08000e38   0x08000e38   0x000000e8   Code   RO          206    i.MX_GPIO_Init      gpio.o
    0x08000f20   0x08000f20   0x00000002   Code   RO          274    i.MemManage_Handler  stm32f4xx_it.o
    0x08000f22   0x08000f22   0x00000002   Code   RO          275    i.NMI_Handler       stm32f4xx_it.o
    0x08000f24   0x08000f24   0x000000e0   Code   RO          382    i.SVC_Server        svcrt_task.o
    0x08001004   0x08001004   0x00000004   Code   RO          644    i.SysTick_Handler   svcrt_board.o
    0x08001008   0x08001008   0x0000009c   Code   RO           14    i.SystemClock_Config  main.o
    0x080010a4   0x080010a4   0x00000010   Code   RO          348    i.SystemInit        system_stm32f4xx.o
    0x080010b4   0x080010b4   0x0000010c   Code   RO         2265    i.UART_SetConfig    stm32f4xx_hal_uart.o
    0x080011c0   0x080011c0   0x0000000c   Code   RO          856    i.USART1_IRQHandler  drvuart.o
    0x080011cc   0x080011cc   0x00000002   Code   RO          276    i.UsageFault_Handler  stm32f4xx_it.o
    0x080011ce   0x080011ce   0x00000020   Code   RO          645    i.__NVIC_SetPriority  svcrt_board.o
    0x080011ee   0x080011ee   0x00000020   Code   RO         1807    i.__NVIC_SetPriority  stm32f4xx_hal_cortex.o
    0x0800120e   0x0800120e   0x0000005e   Code   RO          857    i.handle_usart_service  drvuart.o
    0x0800126c   0x0800126c   0x00000028   Code   RO          922    i.led_drv_close     drvled.o
    0x08001294   0x08001294   0x00000004   Code   RO          923    i.led_drv_ctrl      drvled.o
    0x08001298   0x08001298   0x00000058   Code   RO          924    i.led_drv_open      drvled.o
    0x080012f0   0x080012f0   0x00000018   Code   RO          925    i.led_drv_read      drvled.o
    0x08001308   0x08001308   0x00000058   Code   RO          926    i.led_drv_write     drvled.o
    0x08001360   0x08001360   0x00000034   Code   RO           15    i.main              main.o
    0x08001394   0x08001394   0x0000000c   Code   RO          621    i.svcrt_cfg_load    svcrt_cfg.o
    0x080013a0   0x080013a0   0x00000030   Code   RO          646    i.svcrt_dev_board_init  svcrt_board.o
    0x080013d0   0x080013d0   0x00000050   Code   RO          499    i.svcrt_dev_close_internal  svcrt_dev.o
    0x08001420   0x08001420   0x00000044   Code   RO          500    i.svcrt_dev_ctrl_internal  svcrt_dev.o
    0x08001464   0x08001464   0x00000030   Code   RO          502    i.svcrt_dev_module_init  svcrt_dev.o
    0x08001494   0x08001494   0x0000005c   Code   RO          503    i.svcrt_dev_open_internal  svcrt_dev.o
    0x080014f0   0x080014f0   0x00000044   Code   RO          504    i.svcrt_dev_read_internal  svcrt_dev.o
    0x08001534   0x08001534   0x00000080   Code   RO          505    i.svcrt_dev_register  svcrt_dev.o
    0x080015b4   0x080015b4   0x00000044   Code   RO          507    i.svcrt_dev_write_internal  svcrt_dev.o
    0x080015f8   0x080015f8   0x0000003c   Code   RO          562    i.svcrt_event_create_internal  svcrt_event.o
    0x08001634   0x08001634   0x00000030   Code   RO          563    i.svcrt_event_module_init  svcrt_event.o
    0x08001664   0x08001664   0x00000034   Code   RO          564    i.svcrt_event_set_internal  svcrt_event.o
    0x08001698   0x08001698   0x00000054   Code   RO          565    i.svcrt_event_wait_internal  svcrt_event.o
    0x080016ec   0x080016ec   0x0000001a   Code   RO          594    i.svcrt_fifo_create  svcrt_fifo.o
    0x08001706   0x08001706   0x0000003e   Code   RO          595    i.svcrt_fifo_read   svcrt_fifo.o
    0x08001744   0x08001744   0x00000038   Code   RO          596    i.svcrt_fifo_write  svcrt_fifo.o
    0x0800177c   0x0800177c   0x00000028   Code   RO          383    i.svcrt_hardfault_handler  svcrt_task.o
    0x080017a4   0x080017a4   0x0000000c   Code   RO          386    i.svcrt_kernel_get_time  svcrt_task.o
    0x080017b0   0x080017b0   0x00000030   Code   RO          387    i.svcrt_kernel_tick_handler  svcrt_task.o
    0x080017e0   0x080017e0   0x00000040   Code   RO          810    i.svcrt_mpu_module_init  svcrt_mpu.o
    0x08001820   0x08001820   0x000000a8   Code   RO          812    i.svcrt_mpu_set     svcrt_mpu.o
    0x080018c8   0x080018c8   0x00000040   Code   RO          813    i.svcrt_mpu_set_app  svcrt_mpu.o
    0x08001908   0x08001908   0x00000010   Code   RO          647    i.svcrt_port_board_init  svcrt_board.o
    0x08001918   0x08001918   0x00000004   Code   RO          648    i.svcrt_port_disable_irq  svcrt_board.o
    0x0800191c   0x0800191c   0x00000006   Code   RO          649    i.svcrt_port_dmb    svcrt_board.o
    0x08001922   0x08001922   0x00000006   Code   RO          650    i.svcrt_port_dsb    svcrt_board.o
    0x08001928   0x08001928   0x00000004   Code   RO          652    i.svcrt_port_enable_irq  svcrt_board.o
    0x0800192c   0x0800192c   0x00000006   Code   RO          653    i.svcrt_port_get_control  svcrt_board.o
    0x08001932   0x08001932   0x00000008   Code   RO          654    i.svcrt_port_get_systick_load  svcrt_board.o
    0x0800193a   0x0800193a   0x00000008   Code   RO          655    i.svcrt_port_get_systick_val  svcrt_board.o
    0x08001942   0x08001942   0x00000002   PAD
    0x08001944   0x08001944   0x00000038   Code   RO          656    i.svcrt_port_irq_init  svcrt_board.o
    0x0800197c   0x0800197c   0x00000006   Code   RO          657    i.svcrt_port_isb    svcrt_board.o
    0x08001982   0x08001982   0x0000000a   Code   RO          659    i.svcrt_port_set_control  svcrt_board.o
    0x0800198c   0x0800198c   0x0000000c   Code   RO          660    i.svcrt_port_set_idle_mpu  svcrt_board.o
    0x08001998   0x08001998   0x00000006   Code   RO          661    i.svcrt_port_set_psp  svcrt_board.o
    0x0800199e   0x0800199e   0x00000002   PAD
    0x080019a0   0x080019a0   0x00000038   Code   RO          662    i.svcrt_port_start_timer  svcrt_board.o
    0x080019d8   0x080019d8   0x00000010   Code   RO          663    i.svcrt_port_switch_task  svcrt_board.o
    0x080019e8   0x080019e8   0x00000004   Code   RO          664    i.svcrt_port_wfe    svcrt_board.o
    0x080019ec   0x080019ec   0x00000004   Code   RO          665    i.svcrt_port_wfi    svcrt_board.o
    0x080019f0   0x080019f0   0x00000070   Code   RO          388    i.svcrt_sched_activate  svcrt_task.o
    0x08001a60   0x08001a60   0x00000034   Code   RO          390    i.svcrt_sched_is_switching  svcrt_task.o
    0x08001a94   0x08001a94   0x000000c0   Code   RO          391    i.svcrt_sched_next  svcrt_task.o
    0x08001b54   0x08001b54   0x00000034   Code   RO           16    i.svcrt_start_idle  main.o
    0x08001b88   0x08001b88   0x00000040   Code   RO          393    i.svcrt_task_delay_internal  svcrt_task.o
    0x08001bc8   0x08001bc8   0x0000002c   Code   RO          394    i.svcrt_task_get_current  svcrt_task.o
    0x08001bf4   0x08001bf4   0x00000030   Code   RO          395    i.svcrt_task_kill_internal  svcrt_task.o
    0x08001c24   0x08001c24   0x00000044   Code   RO          396    i.svcrt_task_wait_internal  svcrt_task.o
    0x08001c68   0x08001c68   0x00000034   Code   RO          397    i.svcrt_task_wait_period_internal  svcrt_task.o
    0x08001c9c   0x08001c9c   0x00000020   Code   RO          858    i.uart_drv_close    drvuart.o
    0x08001cbc   0x08001cbc   0x00000004   Code   RO          859    i.uart_drv_ctrl     drvuart.o
    0x08001cc0   0x08001cc0   0x000000e8   Code   RO          860    i.uart_drv_open     drvuart.o
    0x08001da8   0x08001da8   0x00000014   Code   RO          861    i.uart_drv_read     drvuart.o
    0x08001dbc   0x08001dbc   0x00000034   Code   RO          862    i.uart_drv_write    drvuart.o
    0x08001df0   0x08001df0   0x0000000a   Code   RO         2686    x$fpl$fpinit        fz_wm.l(fpinit.o)
    0x08001dfa   0x08001dfa   0x00000010   Data   RO          349    .constdata          system_stm32f4xx.o
    0x08001e0a   0x08001e0a   0x00000008   Data   RO          350    .constdata          system_stm32f4xx.o
    0x08001e12   0x08001e12   0x00000002   PAD
    0x08001e14   0x08001e14   0x00000020   Data   RO         2744    Region$$Table       anon$$obj.o


    Execution Region RW_IRAM2 (Exec base: 0x10000000, Load base: 0x08001e8c, Size: 0x00000000, Max: 0x00010000, ABSOLUTE)

    **** No section assigned to this execution region ****


    Execution Region RW_IRAM1 (Exec base: 0x20000000, Load base: 0x08001e34, Size: 0x00000ee8, Max: 0x00030000, ABSOLUTE)

    Exec Addr    Load Addr    Size         Type   Attr      Idx    E Section Name        Object

    0x20000000   0x08001e34   0x00000004   Data   RW          351    .data               system_stm32f4xx.o
    0x20000004   0x08001e38   0x00000010   Data   RW          398    .data               svcrt_task.o
    0x20000014   0x08001e48   0x00000004   Data   RW          509    .data               svcrt_dev.o
    0x20000018   0x08001e4c   0x00000004   Data   RW          623    .data               svcrt_cfg.o
    0x2000001c   0x08001e50   0x00000014   Data   RW          864    .data               drvuart.o
    0x20000030   0x08001e64   0x00000014   Data   RW          927    .data               drvled.o
    0x20000044   0x08001e78   0x00000008   Data   RW          928    .data               drvled.o
    0x2000004c   0x08001e80   0x0000000c   Data   RW         1968    .data               stm32f4xx_hal.o
    0x20000058        -       0x00000190   Zero   RW           17    .bss                main.o
    0x200001e8        -       0x000000a0   Zero   RW          508    .bss                svcrt_dev.o
    0x20000288        -       0x00000140   Zero   RW          566    .bss                svcrt_event.o
    0x200003c8        -       0x00000364   Zero   RW          622    .bss                svcrt_cfg.o
    0x2000072c        -       0x0000015c   Zero   RW          863    .bss                drvuart.o
    0x20000888        -       0x00000060   Zero   RW         2616    .bss                c_w.l(libspace.o)
    0x200008e8        -       0x00000200   Zero   RW            2    HEAP                startup_stm32f427xx.o
    0x20000ae8        -       0x00000400   Zero   RW            1    STACK               startup_stm32f427xx.o


==============================================================================

Image component sizes


      Code (inc. data)   RO Data    RW Data    ZI Data      Debug   Object Name

        68          8          0          0          0        504   context_rvds.o
       244         24          0         28          0       4607   drvled.o
       446         26          0         20        348       6482   drvuart.o
       232         16          0          0          0       1111   gpio.o
       260         20          0          0        400     714036   main.o
        64         26        428          0       1536        864   startup_stm32f427xx.o
       128         20          0         12          0       8559   stm32f4xx_hal.o
       198         14          0          0          0      33963   stm32f4xx_hal_cortex.o
       574         54          0          0          0       2280   stm32f4xx_hal_gpio.o
        48          6          0          0          0        910   stm32f4xx_hal_msp.o
      1344         72          0          0          0       5404   stm32f4xx_hal_rcc.o
       368         10          0          0          0       2120   stm32f4xx_hal_uart.o
        10          0          0          0          0       2441   stm32f4xx_it.o
       316         48          0          0          0      47602   svcrt_board.o
        12          4          0          4        868       1241   svcrt_cfg.o
       552         60          0          4        160       6573   svcrt_dev.o
       244         22          0          0        320       3711   svcrt_event.o
       144          0          0          0          0       3141   svcrt_fifo.o
       296         20          0          0          0       2948   svcrt_mpu.o
       956        104          0         16          0      10940   svcrt_task.o
        16          4         24          4          0       1199   system_stm32f4xx.o
       108         14          0          0          0       1011   usart.o

    ----------------------------------------------------------------------
      6638        572        486         88       3632     861647   Object Totals
         0          0         32          0          0          0   (incl. Generated)
        10          0          2          0          0          0   (incl. Padding)

    ----------------------------------------------------------------------

      Code (inc. data)   RO Data    RW Data    ZI Data      Debug   Library Member Name

         8          0          0          0          0         68   __main.o
         0          0          0          0          0          0   __rtentry.o
        12          0          0          0          0          0   __rtentry2.o
         6          0          0          0          0          0   __rtentry4.o
        52          8          0          0          0          0   __scatter.o
        26          0          0          0          0          0   __scatter_copy.o
        28          0          0          0          0          0   __scatter_zi.o
        18          0          0          0          0         80   exit.o
         6          0          0          0          0        152   heapauxi.o
         0          0          0          0          0          0   indicate_semi.o
         2          0          0          0          0          0   libinit.o
         6          0          0          0          0          0   libinit2.o
         2          0          0          0          0          0   libshutdown.o
         2          0          0          0          0          0   libshutdown2.o
         8          4          0          0         96         68   libspace.o
       238          0          0          0          0        100   lludivv7m.o
        78          0          0          0          0         80   rt_memclr_w.o
         2          0          0          0          0          0   rtexit.o
        10          0          0          0          0          0   rtexit2.o
        12          4          0          0          0         68   sys_exit.o
        74          0          0          0          0         80   sys_stackheap_outer.o
         2          0          0          0          0         68   use_no_semi.o
        10          0          0          0          0        116   fpinit.o

    ----------------------------------------------------------------------
       608         16          0          0         96        880   Library Totals
         6          0          0          0          0          0   (incl. Padding)

    ----------------------------------------------------------------------

      Code (inc. data)   RO Data    RW Data    ZI Data      Debug   Library Name

       592         16          0          0         96        764   c_w.l
        10          0          0          0          0        116   fz_wm.l

    ----------------------------------------------------------------------
       608         16          0          0         96        880   Library Totals

    ----------------------------------------------------------------------

==============================================================================


      Code (inc. data)   RO Data    RW Data    ZI Data      Debug   

      7246        588        486         88       3728     853767   Grand Totals
      7246        588        486         88       3728     853767   ELF Image Totals
      7246        588        486         88          0          0   ROM Totals

==============================================================================

    Total RO  Size (Code + RO Data)                 7732 (   7.55kB)
    Total RW  Size (RW Data + ZI Data)              3816 (   3.73kB)
    Total ROM Size (Code + RO Data + RW Data)       7820 (   7.64kB)

==============================================================================

