Component: ARM Compiler 5.06 update 7 (build 960) Tool: armlink [4d3601]

==============================================================================

Section Cross References

    startup_stm32f427xx.o(STACK) refers (Special) to heapauxi.o(.text) for __use_two_region_memory
    startup_stm32f427xx.o(HEAP) refers (Special) to heapauxi.o(.text) for __use_two_region_memory
    startup_stm32f427xx.o(RESET) refers (Special) to heapauxi.o(.text) for __use_two_region_memory
    startup_stm32f427xx.o(RESET) refers to startup_stm32f427xx.o(STACK) for __initial_sp
    startup_stm32f427xx.o(RESET) refers to startup_stm32f427xx.o(.text) for Reset_Handler
    startup_stm32f427xx.o(RESET) refers to stm32f4xx_it.o(i.NMI_Handler) for NMI_Handler
    startup_stm32f427xx.o(RESET) refers to svcrt_board.o(i.HardFault_Handler) for HardFault_Handler
    startup_stm32f427xx.o(RESET) refers to stm32f4xx_it.o(i.MemManage_Handler) for MemManage_Handler
    startup_stm32f427xx.o(RESET) refers to stm32f4xx_it.o(i.BusFault_Handler) for BusFault_Handler
    startup_stm32f427xx.o(RESET) refers to stm32f4xx_it.o(i.UsageFault_Handler) for UsageFault_Handler
    startup_stm32f427xx.o(RESET) refers to svcrt_context.o(.text) for SVC_Handler
    startup_stm32f427xx.o(RESET) refers to stm32f4xx_it.o(i.DebugMon_Handler) for DebugMon_Handler
    startup_stm32f427xx.o(RESET) refers to svcrt_board.o(i.SysTick_Handler) for SysTick_Handler
    startup_stm32f427xx.o(RESET) refers to drvuart.o(i.USART1_IRQHandler) for USART1_IRQHandler
    startup_stm32f427xx.o(.text) refers (Special) to heapauxi.o(.text) for __use_two_region_memory
    startup_stm32f427xx.o(.text) refers to system_stm32f4xx_1.o(i.SystemInit) for SystemInit
    startup_stm32f427xx.o(.text) refers to __main.o(!!!main) for __main
    startup_stm32f427xx.o(.text) refers to startup_stm32f427xx.o(HEAP) for Heap_Mem
    startup_stm32f427xx.o(.text) refers to startup_stm32f427xx.o(STACK) for Stack_Mem
    system_stm32f4xx_1.o(i.SystemCoreClockUpdate) refers to system_stm32f4xx_1.o(.data) for .data
    system_stm32f4xx_1.o(i.SystemCoreClockUpdate) refers to system_stm32f4xx_1.o(.constdata) for .constdata
    main.o(i.SystemClock_Config) refers to rt_memclr_w.o(.text) for __aeabi_memclr4
    main.o(i.SystemClock_Config) refers to stm32f4xx_hal_rcc.o(i.HAL_RCC_OscConfig) for HAL_RCC_OscConfig
    main.o(i.SystemClock_Config) refers to stm32f4xx_hal_rcc.o(i.HAL_RCC_ClockConfig) for HAL_RCC_ClockConfig
    main.o(i.led2_blink_task) refers to oslib.o(i.svcrt_dev_open) for svcrt_dev_open
    main.o(i.led2_blink_task) refers to oslib.o(i.svcrt_mutex_lock) for svcrt_mutex_lock
    main.o(i.led2_blink_task) refers to oslib.o(i.svcrt_dev_write) for svcrt_dev_write
    main.o(i.led2_blink_task) refers to oslib.o(i.svcrt_mutex_unlock) for svcrt_mutex_unlock
    main.o(i.led2_blink_task) refers to oslib.o(i.svcrt_task_wait) for svcrt_task_wait
    main.o(i.led2_blink_task) refers to main.o(.data) for .data
    main.o(i.led_blink_task) refers to oslib.o(i.svcrt_dev_open) for svcrt_dev_open
    main.o(i.led_blink_task) refers to oslib.o(i.svcrt_mutex_lock) for svcrt_mutex_lock
    main.o(i.led_blink_task) refers to oslib.o(i.svcrt_dev_write) for svcrt_dev_write
    main.o(i.led_blink_task) refers to oslib.o(i.svcrt_mutex_unlock) for svcrt_mutex_unlock
    main.o(i.led_blink_task) refers to oslib.o(i.svcrt_task_wait) for svcrt_task_wait
    main.o(i.led_blink_task) refers to main.o(.data) for .data
    main.o(i.main) refers to stm32f4xx_hal.o(i.HAL_Init) for HAL_Init
    main.o(i.main) refers to main.o(i.SystemClock_Config) for SystemClock_Config
    main.o(i.main) refers to gpio.o(i.MX_GPIO_Init) for MX_GPIO_Init
    main.o(i.main) refers to usart.o(i.MX_USART1_UART_Init) for MX_USART1_UART_Init
    main.o(i.main) refers to rtc.o(i.MX_RTC_Init) for MX_RTC_Init
    main.o(i.main) refers to svcrt_board.o(i.svcrt_port_board_init) for svcrt_port_board_init
    main.o(i.main) refers to svcrt_cfg.o(i.svcrt_cfg_load) for svcrt_cfg_load
    main.o(i.main) refers to main.o(i.svcrt_register_tasks) for svcrt_register_tasks
    main.o(i.main) refers to svcrt_board.o(i.svcrt_port_irq_init) for svcrt_port_irq_init
    main.o(i.main) refers to svcrt_ptable.o(i.svcrt_ptable_init) for svcrt_ptable_init
    main.o(i.main) refers to svcrt_event.o(i.svcrt_event_module_init) for svcrt_event_module_init
    main.o(i.main) refers to svcrt_sync.o(i.svcrt_sync_module_init) for svcrt_sync_module_init
    main.o(i.main) refers to svcrt_dev.o(i.svcrt_dev_module_init) for svcrt_dev_module_init
    main.o(i.main) refers to svcrt_board.o(i.svcrt_dev_board_init) for svcrt_dev_board_init
    main.o(i.main) refers to svcrt_sync.o(i.svcrt_mtx_create_internal) for svcrt_mtx_create_internal
    main.o(i.main) refers to svcrt_port.o(i.svcrt_port_enter_idle) for svcrt_port_enter_idle
    main.o(i.main) refers to svcrt_port.o(i.svcrt_port_start_timer) for svcrt_port_start_timer
[...]
    i.svcrt_event_module_init                0x080022bc   Section        0  svcrt_event.o(i.svcrt_event_module_init)
    i.svcrt_event_set_internal               0x080022ec   Section        0  svcrt_event.o(i.svcrt_event_set_internal)
    i.svcrt_event_wait_internal              0x08002324   Section        0  svcrt_event.o(i.svcrt_event_wait_internal)
    i.svcrt_fault_record                     0x0800237c   Section        0  svcrt_fault.o(i.svcrt_fault_record)
    i.svcrt_fault_record_count_internal      0x080023d0   Section        0  svcrt_fault.o(i.svcrt_fault_record_count_internal)
    i.svcrt_fault_record_get                 0x080023dc   Section        0  svcrt_fault.o(i.svcrt_fault_record_get)
    i.svcrt_fifo_create                      0x08002418   Section        0  svcrt_fifo.o(i.svcrt_fifo_create)
    i.svcrt_fifo_read                        0x08002432   Section        0  svcrt_fifo.o(i.svcrt_fifo_read)
    i.svcrt_fifo_write                       0x08002470   Section        0  svcrt_fifo.o(i.svcrt_fifo_write)
    i.svcrt_flash_sector_index               0x080024ae   Section        0  drvflash.o(i.svcrt_flash_sector_index)
    svcrt_flash_sector_index                 0x080024af   Thumb Code    46  drvflash.o(i.svcrt_flash_sector_index)
    i.svcrt_kernel_get_time                  0x080024dc   Section        0  svcrt_task.o(i.svcrt_kernel_get_time)
    i.svcrt_kernel_tick_handler              0x080024e8   Section        0  svcrt_task.o(i.svcrt_kernel_tick_handler)
    i.svcrt_loader_check_header              0x08002520   Section        0  svcrt_loader.o(i.svcrt_loader_check_header)
    svcrt_loader_check_header                0x08002521   Thumb Code    42  svcrt_loader.o(i.svcrt_loader_check_header)
    i.svcrt_loader_find_slot                 0x08002554   Section        0  svcrt_loader.o(i.svcrt_loader_find_slot)
    svcrt_loader_find_slot                   0x08002555   Thumb Code    42  svcrt_loader.o(i.svcrt_loader_find_slot)
    i.svcrt_loader_image_crc                 0x0800257e   Section        0  svcrt_loader.o(i.svcrt_loader_image_crc)
    svcrt_loader_image_crc                   0x0800257f   Thumb Code    46  svcrt_loader.o(i.svcrt_loader_image_crc)
    i.svcrt_loader_load_dev                  0x080025ac   Section        0  svcrt_loader.o(i.svcrt_loader_load_dev)
    i.svcrt_loader_read_dev                  0x080026bc   Section        0  svcrt_loader.o(i.svcrt_loader_read_dev)
    svcrt_loader_read_dev                    0x080026bd   Thumb Code    62  svcrt_loader.o(i.svcrt_loader_read_dev)
    i.svcrt_loader_start                     0x08002700   Section        0  svcrt_loader.o(i.svcrt_loader_start)
    i.svcrt_loader_state                     0x08002760   Section        0  svcrt_loader.o(i.svcrt_loader_state)
    i.svcrt_loader_stop                      0x0800277c   Section        0  svcrt_loader.o(i.svcrt_loader_stop)
    i.svcrt_mq_create_internal               0x080027e4   Section        0  svcrt_mq.o(i.svcrt_mq_create_internal)
    i.svcrt_mq_delete_internal               0x08002848   Section        0  svcrt_mq.o(i.svcrt_mq_delete_internal)
    i.svcrt_mq_get                           0x080028a0   Section        0  svcrt_mq.o(i.svcrt_mq_get)
    svcrt_mq_get                             0x080028a1   Thumb Code    44  svcrt_mq.o(i.svcrt_mq_get)
    i.svcrt_mq_put                           0x080028cc   Section        0  svcrt_mq.o(i.svcrt_mq_put)
    svcrt_mq_put                             0x080028cd   Thumb Code    44  svcrt_mq.o(i.svcrt_mq_put)
    i.svcrt_mq_recv_internal                 0x080028f8   Section        0  svcrt_mq.o(i.svcrt_mq_recv_internal)
    i.svcrt_mq_send_internal                 0x080029d4   Section        0  svcrt_mq.o(i.svcrt_mq_send_internal)
    i.svcrt_mq_waiter_add                    0x08002ad0   Section        0  svcrt_mq.o(i.svcrt_mq_waiter_add)
    svcrt_mq_waiter_add                      0x08002ad1   Thumb Code    30  svcrt_mq.o(i.svcrt_mq_waiter_add)
    i.svcrt_mq_waiter_remove                 0x08002af0   Section        0  svcrt_mq.o(i.svcrt_mq_waiter_remove)
    svcrt_mq_waiter_remove                   0x08002af1   Thumb Code    28  svcrt_mq.o(i.svcrt_mq_waiter_remove)
    i.svcrt_mq_wake_one                      0x08002b0c   Section        0  svcrt_mq.o(i.svcrt_mq_wake_one)
    svcrt_mq_wake_one                        0x08002b0d   Thumb Code    50  svcrt_mq.o(i.svcrt_mq_wake_one)
    i.svcrt_mtx_create_internal              0x08002b40   Section        0  svcrt_sync.o(i.svcrt_mtx_create_internal)
    i.svcrt_mtx_delete_internal              0x08002b88   Section        0  svcrt_sync.o(i.svcrt_mtx_delete_internal)
    i.svcrt_mtx_lock_internal                0x08002bd0   Section        0  svcrt_sync.o(i.svcrt_mtx_lock_internal)
    i.svcrt_mtx_unlock_internal              0x08002c5c   Section        0  svcrt_sync.o(i.svcrt_mtx_unlock_internal)
    i.svcrt_mutex_lock                       0x08002ccc   Section        0  oslib.o(i.svcrt_mutex_lock)
    i.svcrt_mutex_unlock                     0x08002cdc   Section        0  oslib.o(i.svcrt_mutex_unlock)
    i.svcrt_port_board_init                  0x08002cec   Section        0  svcrt_board.o(i.svcrt_port_board_init)
    i.svcrt_port_delay_us                    0x08002d08   Section        0  svcrt_port.o(i.svcrt_port_delay_us)
    i.svcrt_port_disable_irq                 0x08002d3c   Section        0  svcrt_port.o(i.svcrt_port_disable_irq)
    i.svcrt_port_enable_irq                  0x08002d40   Section        0  svcrt_port.o(i.svcrt_port_enable_irq)
    i.svcrt_port_enter_critical              0x08002d44   Section        0  svcrt_port.o(i.svcrt_port_enter_critical)
    i.svcrt_port_enter_idle                  0x08002d4c   Section        0  svcrt_port.o(i.svcrt_port_enter_idle)
    i.svcrt_port_exit_critical               0x08002d6e   Section        0  svcrt_port.o(i.svcrt_port_exit_critical)
    i.svcrt_port_flash_erase                 0x08002d74   Section        0  drvflash.o(i.svcrt_port_flash_erase)
    i.svcrt_port_flash_write                 0x08002dcc   Section        0  drvflash.o(i.svcrt_port_flash_write)
    i.svcrt_port_irq_init                    0x08002e10   Section        0  svcrt_board.o(i.svcrt_port_irq_init)
    i.svcrt_port_stack_init                  0x08002e48   Section        0  svcrt_port.o(i.svcrt_port_stack_init)
    i.svcrt_port_start_timer                 0x08002e98   Section        0  svcrt_port.o(i.svcrt_port_start_timer)
    i.svcrt_port_svc_get_arg                 0x08002ed4   Section        0  svcrt_port.o(i.svcrt_port_svc_get_arg)
    i.svcrt_port_svc_set_ret                 0x08002eda   Section        0  svcrt_port.o(i.svcrt_port_svc_set_ret)
    i.svcrt_port_switch_task                 0x08002ee0   Section        0  svcrt_port.o(i.svcrt_port_switch_task)
    i.svcrt_port_syscall_num                 0x08002ef0   Section        0  svcrt_port.o(i.svcrt_port_syscall_num)
    i.svcrt_port_wfe                         0x08002ef8   Section        0  svcrt_port.o(i.svcrt_port_wfe)
    i.svcrt_port_wfi                         0x08002efc   Section        0  svcrt_port.o(i.svcrt_port_wfi)
    i.svcrt_ptable_get                       0x08002f00   Section        0  svcrt_ptable.o(i.svcrt_ptable_get)
    i.svcrt_ptable_init                      0x08002f1c   Section        0  svcrt_ptable.o(i.svcrt_ptable_init)
    i.svcrt_ptable_set_slot                  0x08002f98   Section        0  svcrt_ptable.o(i.svcrt_ptable_set_slot)
    i.svcrt_register_tasks                   0x08002fc8   Section        0  main.o(i.svcrt_register_tasks)
    svcrt_register_tasks                     0x08002fc9   Thumb Code   296  main.o(i.svcrt_register_tasks)
    i.svcrt_sched_activate                   0x08003118   Section        0  svcrt_task.o(i.svcrt_sched_activate)
    i.svcrt_sched_activate_higher            0x0800318c   Section        0  svcrt_task.o(i.svcrt_sched_activate_higher)
    i.svcrt_sched_is_switching               0x080031c0   Section        0  svcrt_task.o(i.svcrt_sched_is_switching)
    i.svcrt_sched_lock_blocks                0x080031fc   Section        0  svcrt_task.o(i.svcrt_sched_lock_blocks)
    svcrt_sched_lock_blocks                  0x080031fd   Thumb Code    24  svcrt_task.o(i.svcrt_sched_lock_blocks)
    i.svcrt_sched_lock_internal              0x08003218   Section        0  svcrt_task.o(i.svcrt_sched_lock_internal)
    i.svcrt_sched_next                       0x08003238   Section        0  svcrt_task.o(i.svcrt_sched_next)
    i.svcrt_sched_unlock_internal            0x080032ec   Section        0  svcrt_task.o(i.svcrt_sched_unlock_internal)
    i.svcrt_sem_create_internal              0x08003318   Section        0  svcrt_sync.o(i.svcrt_sem_create_internal)
    i.svcrt_sem_delete_internal              0x08003364   Section        0  svcrt_sync.o(i.svcrt_sem_delete_internal)
    i.svcrt_sem_post_internal                0x080033ac   Section        0  svcrt_sync.o(i.svcrt_sem_post_internal)
    i.svcrt_sem_wait_internal                0x08003404   Section        0  svcrt_sync.o(i.svcrt_sem_wait_internal)
    i.svcrt_sync_copy_name                   0x08003484   Section        0  svcrt_sync.o(i.svcrt_sync_copy_name)
    svcrt_sync_copy_name                     0x08003485   Thumb Code    22  svcrt_sync.o(i.svcrt_sync_copy_name)
    i.svcrt_sync_module_init                 0x0800349c   Section        0  svcrt_sync.o(i.svcrt_sync_module_init)
    i.svcrt_task_block_internal              0x080034f4   Section        0  svcrt_task.o(i.svcrt_task_block_internal)
    i.svcrt_task_get_current                 0x08003538   Section        0  svcrt_task.o(i.svcrt_task_get_current)
    i.svcrt_task_kill_internal               0x08003568   Section        0  svcrt_task.o(i.svcrt_task_kill_internal)
    i.svcrt_task_recover                     0x0800359c   Section        0  svcrt_task.o(i.svcrt_task_recover)
    i.svcrt_task_register                    0x080035ec   Section        0  svcrt_cfg.o(i.svcrt_task_register)
    i.svcrt_task_stack_fill                  0x08003670   Section        0  svcrt_cfg.o(i.svcrt_task_stack_fill)
    i.svcrt_task_stack_info_internal         0x08003688   Section        0  svcrt_task.o(i.svcrt_task_stack_info_internal)
    i.svcrt_task_stack_init                  0x08003708   Section        0  svcrt_cfg.o(i.svcrt_task_stack_init)
    i.svcrt_task_status_get_internal         0x08003738   Section        0  svcrt_task.o(i.svcrt_task_status_get_internal)
    i.svcrt_task_wait                        0x08003768   Section        0  oslib.o(i.svcrt_task_wait)
    i.svcrt_task_wait_internal               0x08003770   Section        0  svcrt_task.o(i.svcrt_task_wait_internal)
    i.svcrt_task_wait_period_internal        0x080037c0   Section        0  svcrt_task.o(i.svcrt_task_wait_period_internal)
    i.svcrt_tick_tasks                       0x080037fc   Section        0  svcrt_task.o(i.svcrt_tick_tasks)
    svcrt_tick_tasks                         0x080037fd   Thumb Code    90  svcrt_task.o(i.svcrt_tick_tasks)
    i.svcrt_timer_create_internal            0x0800385c   Section        0  svcrt_timer.o(i.svcrt_timer_create_internal)
    i.svcrt_timer_delete_internal            0x080038bc   Section        0  svcrt_timer.o(i.svcrt_timer_delete_internal)
    i.svcrt_timer_start_internal             0x08003900   Section        0  svcrt_timer.o(i.svcrt_timer_start_internal)
    i.svcrt_timer_stop_internal              0x08003970   Section        0  svcrt_timer.o(i.svcrt_timer_stop_internal)
    i.svcrt_timer_tick_handler               0x080039b0   Section        0  svcrt_timer.o(i.svcrt_timer_tick_handler)
    i.svcrt_waiters_add                      0x08003a2c   Section        0  svcrt_sync.o(i.svcrt_waiters_add)
    svcrt_waiters_add                        0x08003a2d   Thumb Code    30  svcrt_sync.o(i.svcrt_waiters_add)
    i.svcrt_waiters_pop_highest              0x08003a4c   Section        0  svcrt_sync.o(i.svcrt_waiters_pop_highest)
    svcrt_waiters_pop_highest                0x08003a4d   Thumb Code    56  svcrt_sync.o(i.svcrt_waiters_pop_highest)
    i.uart_drv_close                         0x08003a84   Section        0  drvuart.o(i.uart_drv_close)
    i.uart_drv_ctrl                          0x08003aa4   Section        0  drvuart.o(i.uart_drv_ctrl)
    i.uart_drv_open                          0x08003aa8   Section        0  drvuart.o(i.uart_drv_open)
    i.uart_drv_read                          0x08003b90   Section        0  drvuart.o(i.uart_drv_read)
    i.uart_drv_write                         0x08003ba4   Section        0  drvuart.o(i.uart_drv_write)
    x$fpl$fpinit                             0x08003bd8   Section       10  fpinit.o(x$fpl$fpinit)
    $v0                                      0x08003bd8   Number         0  fpinit.o(x$fpl$fpinit)
    .constdata                               0x08003be2   Section       16  system_stm32f4xx_1.o(.constdata)
    .constdata                               0x08003bf2   Section        8  system_stm32f4xx_1.o(.constdata)
    .constdata                               0x08003bfa   Section        6  drvled.o(.constdata)
    led_gpio_pins                            0x08003bfa   Data           6  drvled.o(.constdata)
    .data                                    0x10000000   Section        4  main.o(.data)
    g_led_mutex                              0x10000000   Data           4  main.o(.data)
    .data                                    0x10000004   Section        4  svcrt_cfg.o(.data)
    .data                                    0x10000008   Section        8  svcrt_fault.o(.data)
    svcrt_fault_wr                           0x10000008   Data           4  svcrt_fault.o(.data)
    svcrt_fault_total                        0x1000000c   Data           4  svcrt_fault.o(.data)
    .data                                    0x10000010   Section       20  drvuart.o(.data)
    .data                                    0x10000024   Section       32  stm32f4xx_hal_flash.o(.data)
    .data                                    0x10000044   Section       12  stm32f4xx_hal.o(.data)
    .bss                                     0x10000050   Section       72  usart.o(.bss)
    .data                                    0x20002000   Section        4  system_stm32f4xx_1.o(.data)
    .data                                    0x20002004   Section       20  svcrt_task.o(.data)
    svcrt_idle_stack_ptr                     0x20002014   Data           4  svcrt_task.o(.data)
    .data                                    0x20002018   Section        4  svcrt_dev.o(.data)
    svcrt_dev_count                          0x20002018   Data           4  svcrt_dev.o(.data)
    .data                                    0x2000201c   Section        4  svcrt_timer.o(.data)
    svcrt_timer_task_id                      0x2000201c   Data           4  svcrt_timer.o(.data)
    .data                                    0x20002020   Section       20  drvled.o(.data)
    .bss                                     0x20002034   Section    14336  main.o(.bss)
    svcrt_idle_stack                         0x20002034   Data        2048  main.o(.bss)
    led_task_stack                           0x20002834   Data        4096  main.o(.bss)
    led2_task_stack                          0x20003834   Data        4096  main.o(.bss)
    ext_drv_stack                            0x20004834   Data        2048  main.o(.bss)
    ext_app_stack                            0x20005034   Data        2048  main.o(.bss)
    .bss                                     0x20005834   Section       32  rtc.o(.bss)
    .bss                                     0x20005854   Section      160  svcrt_dev.o(.bss)
    svcrt_dev_list                           0x20005854   Data         128  svcrt_dev.o(.bss)
    svcrt_dev_handles                        0x200058d4   Data          32  svcrt_dev.o(.bss)
    .bss                                     0x200058f4   Section      320  svcrt_event.o(.bss)
    svcrt_events                             0x200058f4   Data         320  svcrt_event.o(.bss)
    .bss                                     0x20005a34   Section      532  svcrt_cfg.o(.bss)
    .bss                                     0x20005c48   Section      512  svcrt_sync.o(.bss)
    svcrt_sems                               0x20005c48   Data         256  svcrt_sync.o(.bss)
    svcrt_mtxs                               0x20005d48   Data         256  svcrt_sync.o(.bss)
    .bss                                     0x20005e48   Section     1472  svcrt_mq.o(.bss)
    svcrt_mqs                                0x20005e48   Data        1472  svcrt_mq.o(.bss)
    .bss                                     0x20006408   Section      608  svcrt_timer.o(.bss)
    svcrt_timers                             0x20006408   Data         224  svcrt_timer.o(.bss)
    svcrt_timer_task_stack                   0x200064e8   Data         384  svcrt_timer.o(.bss)
    .bss                                     0x20006668   Section       96  svcrt_fault.o(.bss)
    svcrt_faults                             0x20006668   Data          96  svcrt_fault.o(.bss)
    .bss                                     0x200066c8   Section     4608  svcrt_loader.o(.bss)
    svcrt_loader_app_stack                   0x200066c8   Data        4096  svcrt_loader.o(.bss)
    svcrt_loader_chunk                       0x200076c8   Data         512  svcrt_loader.o(.bss)
    .bss                                     0x200078c8   Section      348  drvuart.o(.bss)
    uart_dev_list                            0x200078c8   Data          20  drvuart.o(.bss)
    uart_pipe_array                          0x200078dc   Data         256  drvuart.o(.bss)
    uart_handle                              0x200079dc   Data          72  drvuart.o(.bss)
    .bss                                     0x20007a24   Section       24  drvled.o(.bss)
    sysled                                   0x20007a24   Data          24  drvled.o(.bss)
    .bss                                     0x20007a3c   Section       96  libspace.o(.bss)
    HEAP                                     0x20007aa0   Section      512  startup_stm32f427xx.o(HEAP)
    Heap_Mem                                 0x20007aa0   Data         512  startup_stm32f427xx.o(HEAP)
    STACK                                    0x20007ca0   Section     1024  startup_stm32f427xx.o(STACK)
    Stack_Mem                                0x20007ca0   Data        1024  startup_stm32f427xx.o(STACK)
    __initial_sp                             0x200080a0   Data           0  startup_stm32f427xx.o(STACK)

    Global Symbols

    Symbol Name                              Value     Ov Type        Size  Object(Section)

    BuildAttributes$$THM_ISAv4$E$P$D$K$B$S$7EM$VFPi3$EXTD16$VFPS$VFMA$PE$A:L22UL41UL21$X:L11$S22US41US21$IEEE1$IW$USESV6$~STKCKD$USESV7$~SHL$OSPACE$ROPI$EBA8$UX$STANDARDLIB$REQ8$PRES8$EABIv2 0x00000000   Number         0  anon$$obj.o ABSOLUTE
    __ARM_use_no_argv                        0x00000000   Number         0  main.o ABSOLUTE
    __ARM_exceptions_init                     - Undefined Weak Reference
    __alloca_initialize                       - Undefined Weak Reference
    __arm_fini_                               - Undefined Weak Reference
    __arm_preinit_                            - Undefined Weak Reference
    __cpp_initialize__aeabi_                  - Undefined Weak Reference
    __cxa_finalize                            - Undefined Weak Reference
    __rt_locale                               - Undefined Weak Reference
    __sigvec_lookup                           - Undefined Weak Reference
    _atexit_init                              - Undefined Weak Reference
    _call_atexit_fns                          - Undefined Weak Reference
    _clock_init                               - Undefined Weak Reference
    _fp_trap_init                             - Undefined Weak Reference
    _fp_trap_shutdown                         - Undefined Weak Reference
    _get_lc_collate                           - Undefined Weak Reference
    _get_lc_ctype                             - Undefined Weak Reference
    _get_lc_monetary                          - Undefined Weak Reference
    _get_lc_numeric                           - Undefined Weak Reference
    _get_lc_time                              - Undefined Weak Reference
    _getenv_init                              - Undefined Weak Reference
    _handle_redirection                       - Undefined Weak Reference
    _init_alloc                               - Undefined Weak Reference
    _init_user_alloc                          - Undefined Weak Reference
    _initio                                   - Undefined Weak Reference
    _rand_init                                - Undefined Weak Reference
    _signal_finish                            - Undefined Weak Reference
    _signal_init                              - Undefined Weak Reference
    _terminate_alloc                          - Undefined Weak Reference
    _terminate_user_alloc                     - Undefined Weak Reference
    _terminateio                              - Undefined Weak Reference
    __Vectors_Size                           0x000001ac   Number         0  startup_stm32f427xx.o ABSOLUTE
    __Vectors                                0x08000000   Data           4  startup_stm32f427xx.o(RESET)
    __Vectors_End                            0x080001ac   Data           0  startup_stm32f427xx.o(RESET)
    __main                                   0x080001ad   Thumb Code     8  __main.o(!!!main)
    __scatterload                            0x080001b5   Thumb Code     0  __scatter.o(!!!scatter)
    __scatterload_rt2                        0x080001b5   Thumb Code    44  __scatter.o(!!!scatter)
    __scatterload_rt2_thumb_only             0x080001b5   Thumb Code     0  __scatter.o(!!!scatter)
    __scatterload_null                       0x080001c3   Thumb Code     0  __scatter.o(!!!scatter)
    __scatterload_copy                       0x080001e9   Thumb Code    26  __scatter_copy.o(!!handler_copy)
    __scatterload_zeroinit                   0x08000205   Thumb Code    28  __scatter_zi.o(!!handler_zi)
    __rt_lib_init                            0x08000221   Thumb Code     0  libinit.o(.ARM.Collect$$libinit$$00000000)
    __rt_lib_init_fp_1                       0x08000223   Thumb Code     0  libinit2.o(.ARM.Collect$$libinit$$00000001)
    __rt_lib_init_alloca_1                   0x08000227   Thumb Code     0  libinit2.o(.ARM.Collect$$libinit$$0000002E)
    __rt_lib_init_argv_1                     0x08000227   Thumb Code     0  libinit2.o(.ARM.Collect$$libinit$$0000002C)
    __rt_lib_init_atexit_1                   0x08000227   Thumb Code     0  libinit2.o(.ARM.Collect$$libinit$$0000001B)
    __rt_lib_init_clock_1                    0x08000227   Thumb Code     0  libinit2.o(.ARM.Collect$$libinit$$00000021)
    __rt_lib_init_cpp_1                      0x08000227   Thumb Code     0  libinit2.o(.ARM.Collect$$libinit$$00000032)
    __rt_lib_init_exceptions_1               0x08000227   Thumb Code     0  libinit2.o(.ARM.Collect$$libinit$$00000030)
    __rt_lib_init_fp_trap_1                  0x08000227   Thumb Code     0  libinit2.o(.ARM.Collect$$libinit$$0000001F)
    __rt_lib_init_getenv_1                   0x08000227   Thumb Code     0  libinit2.o(.ARM.Collect$$libinit$$00000023)
    __rt_lib_init_heap_1                     0x08000227   Thumb Code     0  libinit2.o(.ARM.Collect$$libinit$$0000000A)
    __rt_lib_init_lc_collate_1               0x08000227   Thumb Code     0  libinit2.o(.ARM.Collect$$libinit$$00000011)
    __rt_lib_init_lc_ctype_1                 0x08000227   Thumb Code     0  libinit2.o(.ARM.Collect$$libinit$$00000013)
    __rt_lib_init_lc_monetary_1              0x08000227   Thumb Code     0  libinit2.o(.ARM.Collect$$libinit$$00000015)
    __rt_lib_init_lc_numeric_1               0x08000227   Thumb Code     0  libinit2.o(.ARM.Collect$$libinit$$00000017)
    __rt_lib_init_lc_time_1                  0x08000227   Thumb Code     0  libinit2.o(.ARM.Collect$$libinit$$00000019)
    __rt_lib_init_preinit_1                  0x08000227   Thumb Code     0  libinit2.o(.ARM.Collect$$libinit$$00000004)
    __rt_lib_init_rand_1                     0x08000227   Thumb Code     0  libinit2.o(.ARM.Collect$$libinit$$0000000E)
    __rt_lib_init_return                     0x08000227   Thumb Code     0  libinit2.o(.ARM.Collect$$libinit$$00000033)
    __rt_lib_init_signal_1                   0x08000227   Thumb Code     0  libinit2.o(.ARM.Collect$$libinit$$0000001D)
    __rt_lib_init_stdio_1                    0x08000227   Thumb Code     0  libinit2.o(.ARM.Collect$$libinit$$00000025)
    __rt_lib_init_user_alloc_1               0x08000227   Thumb Code     0  libinit2.o(.ARM.Collect$$libinit$$0000000C)
    __rt_lib_shutdown                        0x08000229   Thumb Code     0  libshutdown.o(.ARM.Collect$$libshutdown$$00000000)
    __rt_lib_shutdown_cpp_1                  0x0800022b   Thumb Code     0  libshutdown2.o(.ARM.Collect$$libshutdown$$00000004)
    __rt_lib_shutdown_fini_1                 0x0800022b   Thumb Code     0  libshutdown2.o(.ARM.Collect$$libshutdown$$00000002)
    __rt_lib_shutdown_fp_trap_1              0x0800022b   Thumb Code     0  libshutdown2.o(.ARM.Collect$$libshutdown$$00000009)
    __rt_lib_shutdown_heap_1                 0x0800022b   Thumb Code     0  libshutdown2.o(.ARM.Collect$$libshutdown$$00000011)
    __rt_lib_shutdown_return                 0x0800022b   Thumb Code     0  libshutdown2.o(.ARM.Collect$$libshutdown$$00000012)
    __rt_lib_shutdown_signal_1               0x0800022b   Thumb Code     0  libshutdown2.o(.ARM.Collect$$libshutdown$$0000000C)
    __rt_lib_shutdown_stdio_1                0x0800022b   Thumb Code     0  libshutdown2.o(.ARM.Collect$$libshutdown$$00000006)
    __rt_lib_shutdown_user_alloc_1           0x0800022b   Thumb Code     0  libshutdown2.o(.ARM.Collect$$libshutdown$$0000000E)
    __rt_entry                               0x0800022d   Thumb Code     0  __rtentry.o(.ARM.Collect$$rtentry$$00000000)
    __rt_entry_presh_1                       0x0800022d   Thumb Code     0  __rtentry2.o(.ARM.Collect$$rtentry$$00000002)
    __rt_entry_sh                            0x0800022d   Thumb Code     0  __rtentry4.o(.ARM.Collect$$rtentry$$00000004)
    __rt_entry_li                            0x08000233   Thumb Code     0  __rtentry2.o(.ARM.Collect$$rtentry$$0000000A)
    __rt_entry_postsh_1                      0x08000233   Thumb Code     0  __rtentry2.o(.ARM.Collect$$rtentry$$00000009)
    __rt_entry_main                          0x08000237   Thumb Code     0  __rtentry2.o(.ARM.Collect$$rtentry$$0000000D)
    __rt_entry_postli_1                      0x08000237   Thumb Code     0  __rtentry2.o(.ARM.Collect$$rtentry$$0000000C)
    __rt_exit                                0x0800023f   Thumb Code     0  rtexit.o(.ARM.Collect$$rtexit$$00000000)
    __rt_exit_ls                             0x08000241   Thumb Code     0  rtexit2.o(.ARM.Collect$$rtexit$$00000003)
    __rt_exit_prels_1                        0x08000241   Thumb Code     0  rtexit2.o(.ARM.Collect$$rtexit$$00000002)
    __rt_exit_exit                           0x08000245   Thumb Code     0  rtexit2.o(.ARM.Collect$$rtexit$$00000004)
    Reset_Handler                            0x0800024d   Thumb Code     8  startup_stm32f427xx.o(.text)
    ADC_IRQHandler                           0x08000267   Thumb Code     0  startup_stm32f427xx.o(.text)
    CAN1_RX0_IRQHandler                      0x08000267   Thumb Code     0  startup_stm32f427xx.o(.text)
    CAN1_RX1_IRQHandler                      0x08000267   Thumb Code     0  startup_stm32f427xx.o(.text)
    CAN1_SCE_IRQHandler                      0x08000267   Thumb Code     0  startup_stm32f427xx.o(.text)
    CAN1_TX_IRQHandler                       0x08000267   Thumb Code     0  startup_stm32f427xx.o(.text)
    CAN2_RX0_IRQHandler                      0x08000267   Thumb Code     0  startup_stm32f427xx.o(.text)
    CAN2_RX1_IRQHandler                      0x08000267   Thumb Code     0  startup_stm32f427xx.o(.text)
    CAN2_SCE_IRQHandler                      0x08000267   Thumb Code     0  startup_stm32f427xx.o(.text)
    CAN2_TX_IRQHandler                       0x08000267   Thumb Code     0  startup_stm32f427xx.o(.text)
    DCMI_IRQHandler                          0x08000267   Thumb Code     0  startup_stm32f427xx.o(.text)
    DMA1_Stream0_IRQHandler                  0x08000267   Thumb Code     0  startup_stm32f427xx.o(.text)
    DMA1_Stream1_IRQHandler                  0x08000267   Thumb Code     0  startup_stm32f427xx.o(.text)
    DMA1_Stream2_IRQHandler                  0x08000267   Thumb Code     0  startup_stm32f427xx.o(.text)
    DMA1_Stream3_IRQHandler                  0x08000267   Thumb Code     0  startup_stm32f427xx.o(.text)
    DMA1_Stream4_IRQHandler                  0x08000267   Thumb Code     0  startup_stm32f427xx.o(.text)
    DMA1_Stream5_IRQHandler                  0x08000267   Thumb Code     0  startup_stm32f427xx.o(.text)
    DMA1_Stream6_IRQHandler                  0x08000267   Thumb Code     0  startup_stm32f427xx.o(.text)
    DMA1_Stream7_IRQHandler                  0x08000267   Thumb Code     0  startup_stm32f427xx.o(.text)
    DMA2D_IRQHandler                         0x08000267   Thumb Code     0  startup_stm32f427xx.o(.text)
    DMA2_Stream0_IRQHandler                  0x08000267   Thumb Code     0  startup_stm32f427xx.o(.text)
    DMA2_Stream1_IRQHandler                  0x08000267   Thumb Code     0  startup_stm32f427xx.o(.text)
    DMA2_Stream2_IRQHandler                  0x08000267   Thumb Code     0  startup_stm32f427xx.o(.text)
    DMA2_Stream3_IRQHandler                  0x08000267   Thumb Code     0  startup_stm32f427xx.o(.text)
    DMA2_Stream4_IRQHandler                  0x08000267   Thumb Code     0  startup_stm32f427xx.o(.text)
    DMA2_Stream5_IRQHandler                  0x08000267   Thumb Code     0  startup_stm32f427xx.o(.text)
    DMA2_Stream6_IRQHandler                  0x08000267   Thumb Code     0  startup_stm32f427xx.o(.text)
    DMA2_Stream7_IRQHandler                  0x08000267   Thumb Code     0  startup_stm32f427xx.o(.text)
    ETH_IRQHandler                           0x08000267   Thumb Code     0  startup_stm32f427xx.o(.text)
    ETH_WKUP_IRQHandler                      0x08000267   Thumb Code     0  startup_stm32f427xx.o(.text)
    EXTI0_IRQHandler                         0x08000267   Thumb Code     0  startup_stm32f427xx.o(.text)
    EXTI15_10_IRQHandler                     0x08000267   Thumb Code     0  startup_stm32f427xx.o(.text)
    EXTI1_IRQHandler                         0x08000267   Thumb Code     0  startup_stm32f427xx.o(.text)
    EXTI2_IRQHandler                         0x08000267   Thumb Code     0  startup_stm32f427xx.o(.text)
    EXTI3_IRQHandler                         0x08000267   Thumb Code     0  startup_stm32f427xx.o(.text)
    EXTI4_IRQHandler                         0x08000267   Thumb Code     0  startup_stm32f427xx.o(.text)
    EXTI9_5_IRQHandler                       0x08000267   Thumb Code     0  startup_stm32f427xx.o(.text)
    FLASH_IRQHandler                         0x08000267   Thumb Code     0  startup_stm32f427xx.o(.text)
    FMC_IRQHandler                           0x08000267   Thumb Code     0  startup_stm32f427xx.o(.text)
    FPU_IRQHandler                           0x08000267   Thumb Code     0  startup_stm32f427xx.o(.text)
    HASH_RNG_IRQHandler                      0x08000267   Thumb Code     0  startup_stm32f427xx.o(.text)
    I2C1_ER_IRQHandler                       0x08000267   Thumb Code     0  startup_stm32f427xx.o(.text)
    I2C1_EV_IRQHandler                       0x08000267   Thumb Code     0  startup_stm32f427xx.o(.text)
    I2C2_ER_IRQHandler                       0x08000267   Thumb Code     0  startup_stm32f427xx.o(.text)
    I2C2_EV_IRQHandler                       0x08000267   Thumb Code     0  startup_stm32f427xx.o(.text)
    I2C3_ER_IRQHandler                       0x08000267   Thumb Code     0  startup_stm32f427xx.o(.text)
    I2C3_EV_IRQHandler                       0x08000267   Thumb Code     0  startup_stm32f427xx.o(.text)
    OTG_FS_IRQHandler                        0x08000267   Thumb Code     0  startup_stm32f427xx.o(.text)
    OTG_FS_WKUP_IRQHandler                   0x08000267   Thumb Code     0  startup_stm32f427xx.o(.text)
    OTG_HS_EP1_IN_IRQHandler                 0x08000267   Thumb Code     0  startup_stm32f427xx.o(.text)
    OTG_HS_EP1_OUT_IRQHandler                0x08000267   Thumb Code     0  startup_stm32f427xx.o(.text)
    OTG_HS_IRQHandler                        0x08000267   Thumb Code     0  startup_stm32f427xx.o(.text)
    OTG_HS_WKUP_IRQHandler                   0x08000267   Thumb Code     0  startup_stm32f427xx.o(.text)
    PVD_IRQHandler                           0x08000267   Thumb Code     0  startup_stm32f427xx.o(.text)
    RCC_IRQHandler                           0x08000267   Thumb Code     0  startup_stm32f427xx.o(.text)
    RTC_Alarm_IRQHandler                     0x08000267   Thumb Code     0  startup_stm32f427xx.o(.text)
    RTC_WKUP_IRQHandler                      0x08000267   Thumb Code     0  startup_stm32f427xx.o(.text)
    SAI1_IRQHandler                          0x08000267   Thumb Code     0  startup_stm32f427xx.o(.text)
    SDIO_IRQHandler                          0x08000267   Thumb Code     0  startup_stm32f427xx.o(.text)
    SPI1_IRQHandler                          0x08000267   Thumb Code     0  startup_stm32f427xx.o(.text)
    SPI2_IRQHandler                          0x08000267   Thumb Code     0  startup_stm32f427xx.o(.text)
    SPI3_IRQHandler                          0x08000267   Thumb Code     0  startup_stm32f427xx.o(.text)
    SPI4_IRQHandler                          0x08000267   Thumb Code     0  startup_stm32f427xx.o(.text)
    SPI5_IRQHandler                          0x08000267   Thumb Code     0  startup_stm32f427xx.o(.text)
    SPI6_IRQHandler                          0x08000267   Thumb Code     0  startup_stm32f427xx.o(.text)
    TAMP_STAMP_IRQHandler                    0x08000267   Thumb Code     0  startup_stm32f427xx.o(.text)
    TIM1_BRK_TIM9_IRQHandler                 0x08000267   Thumb Code     0  startup_stm32f427xx.o(.text)
    TIM1_CC_IRQHandler                       0x08000267   Thumb Code     0  startup_stm32f427xx.o(.text)
    TIM1_TRG_COM_TIM11_IRQHandler            0x08000267   Thumb Code     0  startup_stm32f427xx.o(.text)
    TIM1_UP_TIM10_IRQHandler                 0x08000267   Thumb Code     0  startup_stm32f427xx.o(.text)
    TIM2_IRQHandler                          0x08000267   Thumb Code     0  startup_stm32f427xx.o(.text)
    TIM3_IRQHandler                          0x08000267   Thumb Code     0  startup_stm32f427xx.o(.text)
    TIM4_IRQHandler                          0x08000267   Thumb Code     0  startup_stm32f427xx.o(.text)
    TIM5_IRQHandler                          0x08000267   Thumb Code     0  startup_stm32f427xx.o(.text)
    TIM6_DAC_IRQHandler                      0x08000267   Thumb Code     0  startup_stm32f427xx.o(.text)
    TIM7_IRQHandler                          0x08000267   Thumb Code     0  startup_stm32f427xx.o(.text)
    TIM8_BRK_TIM12_IRQHandler                0x08000267   Thumb Code     0  startup_stm32f427xx.o(.text)
    TIM8_CC_IRQHandler                       0x08000267   Thumb Code     0  startup_stm32f427xx.o(.text)
    TIM8_TRG_COM_TIM14_IRQHandler            0x08000267   Thumb Code     0  startup_stm32f427xx.o(.text)
    TIM8_UP_TIM13_IRQHandler                 0x08000267   Thumb Code     0  startup_stm32f427xx.o(.text)
    UART4_IRQHandler                         0x08000267   Thumb Code     0  startup_stm32f427xx.o(.text)
    UART5_IRQHandler                         0x08000267   Thumb Code     0  startup_stm32f427xx.o(.text)
    UART7_IRQHandler                         0x08000267   Thumb Code     0  startup_stm32f427xx.o(.text)
    UART8_IRQHandler                         0x08000267   Thumb Code     0  startup_stm32f427xx.o(.text)
    USART2_IRQHandler                        0x08000267   Thumb Code     0  startup_stm32f427xx.o(.text)
    USART3_IRQHandler                        0x08000267   Thumb Code     0  startup_stm32f427xx.o(.text)
    USART6_IRQHandler                        0x08000267   Thumb Code     0  startup_stm32f427xx.o(.text)
    WWDG_IRQHandler                          0x08000267   Thumb Code     0  startup_stm32f427xx.o(.text)
    __user_initial_stackheap                 0x08000269   Thumb Code     0  startup_stm32f427xx.o(.text)
    PendSV_Handler                           0x0800028d   Thumb Code    54  svcrt_context.o(.text)
    SVC_Handler                              0x080002c3   Thumb Code    18  svcrt_context.o(.text)
    __aeabi_uldivmod                         0x080002dd   Thumb Code     0  lludivv7m.o(.text)
    _ll_udiv                                 0x080002dd   Thumb Code   238  lludivv7m.o(.text)
    __aeabi_memclr4                          0x080003cb   Thumb Code     0  rt_memclr_w.o(.text)
    __aeabi_memclr8                          0x080003cb   Thumb Code     0  rt_memclr_w.o(.text)
    __rt_memclr_w                            0x080003cb   Thumb Code    78  rt_memclr_w.o(.text)
    _memset_w                                0x080003cf   Thumb Code     0  rt_memclr_w.o(.text)
    __use_two_region_memory                  0x08000419   Thumb Code     2  heapauxi.o(.text)
    __rt_heap_escrow$2region                 0x0800041b   Thumb Code     2  heapauxi.o(.text)
    __rt_heap_expand$2region                 0x0800041d   Thumb Code     2  heapauxi.o(.text)
    __user_setup_stackheap                   0x0800041f   Thumb Code    74  sys_stackheap_outer.o(.text)
    exit                                     0x08000469   Thumb Code    18  exit.o(.text)
    __user_libspace                          0x0800047d   Thumb Code     8  libspace.o(.text)
    __user_perproc_libspace                  0x0800047d   Thumb Code     0  libspace.o(.text)
    __user_perthread_libspace                0x0800047d   Thumb Code     0  libspace.o(.text)
    _sys_exit                                0x08000485   Thumb Code     8  sys_exit.o(.text)
    __I$use$semihosting                      0x08000491   Thumb Code     0  use_no_semi.o(.text)
    __use_no_semihosting_swi                 0x08000491   Thumb Code     2  use_no_semi.o(.text)
    BusFault_Handler                         0x08000493   Thumb Code     2  stm32f4xx_it.o(i.BusFault_Handler)
    __semihosting_library_function           0x08000493   Thumb Code     0  indicate_semi.o(.text)
    DebugMon_Handler                         0x08000495   Thumb Code     2  stm32f4xx_it.o(i.DebugMon_Handler)
    Error_Handler                            0x08000497   Thumb Code     4  main.o(i.Error_Handler)
    FLASH_Erase_Sector                       0x0800049d   Thumb Code    80  stm32f4xx_hal_flash_ex.o(i.FLASH_Erase_Sector)
    FLASH_FlushCaches                        0x080004f1   Thumb Code    80  stm32f4xx_hal_flash_ex.o(i.FLASH_FlushCaches)
    FLASH_WaitForLastOperation               0x08000695   Thumb Code    72  stm32f4xx_hal_flash.o(i.FLASH_WaitForLastOperation)
    HAL_FLASHEx_Erase                        0x080006e5   Thumb Code   146  stm32f4xx_hal_flash_ex.o(i.HAL_FLASHEx_Erase)
    HAL_FLASH_Lock                           0x08000781   Thumb Code    14  stm32f4xx_hal_flash.o(i.HAL_FLASH_Lock)
    HAL_FLASH_Program                        0x08000795   Thumb Code   116  stm32f4xx_hal_flash.o(i.HAL_FLASH_Program)
    HAL_FLASH_Unlock                         0x08000811   Thumb Code    32  stm32f4xx_hal_flash.o(i.HAL_FLASH_Unlock)
    HAL_GPIO_Init                            0x0800083d   Thumb Code   510  stm32f4xx_hal_gpio.o(i.HAL_GPIO_Init)
    HAL_GPIO_WritePin                        0x08000a71   Thumb Code    10  stm32f4xx_hal_gpio.o(i.HAL_GPIO_WritePin)
    HAL_GetTick                              0x08000a7d   Thumb Code     6  stm32f4xx_hal.o(i.HAL_GetTick)
    HAL_Init                                 0x08000a89   Thumb Code    48  stm32f4xx_hal.o(i.HAL_Init)
    HAL_InitTick                             0x08000abd   Thumb Code    54  stm32f4xx_hal.o(i.HAL_InitTick)
    HAL_MspInit                              0x08000afd   Thumb Code    42  stm32f4xx_hal_msp.o(i.HAL_MspInit)
    HAL_NVIC_EnableIRQ                       0x08000b2d   Thumb Code    26  stm32f4xx_hal_cortex.o(i.HAL_NVIC_EnableIRQ)
    HAL_NVIC_SetPriority                     0x08000b49   Thumb Code    60  stm32f4xx_hal_cortex.o(i.HAL_NVIC_SetPriority)
    HAL_NVIC_SetPriorityGrouping             0x08000b89   Thumb Code    26  stm32f4xx_hal_cortex.o(i.HAL_NVIC_SetPriorityGrouping)
    HAL_RCCEx_PeriphCLKConfig                0x08000bad   Thumb Code   560  stm32f4xx_hal_rcc_ex.o(i.HAL_RCCEx_PeriphCLKConfig)
    HAL_RCC_ClockConfig                      0x08000e01   Thumb Code   288  stm32f4xx_hal_rcc.o(i.HAL_RCC_ClockConfig)
    HAL_RCC_GetPCLK1Freq                     0x08000f35   Thumb Code    20  stm32f4xx_hal_rcc.o(i.HAL_RCC_GetPCLK1Freq)
    HAL_RCC_GetPCLK2Freq                     0x08000f55   Thumb Code    20  stm32f4xx_hal_rcc.o(i.HAL_RCC_GetPCLK2Freq)
    HAL_RCC_GetSysClockFreq                  0x08000f75   Thumb Code    88  stm32f4xx_hal_rcc.o(i.HAL_RCC_GetSysClockFreq)
    HAL_RCC_OscConfig                        0x08000fd5   Thumb Code   856  stm32f4xx_hal_rcc.o(i.HAL_RCC_OscConfig)
    HAL_RTC_Init                             0x08001341   Thumb Code   150  stm32f4xx_hal_rtc.o(i.HAL_RTC_Init)
    HAL_RTC_MspInit                          0x080013dd   Thumb Code    52  rtc.o(i.HAL_RTC_MspInit)
    HAL_RTC_WaitForSynchro                   0x08001419   Thumb Code    50  stm32f4xx_hal_rtc.o(i.HAL_RTC_WaitForSynchro)
    HAL_SYSTICK_Config                       0x08001451   Thumb Code    40  stm32f4xx_hal_cortex.o(i.HAL_SYSTICK_Config)
    HAL_UART_Init                            0x08001479   Thumb Code   100  stm32f4xx_hal_uart.o(i.HAL_UART_Init)
    HAL_UART_MspInit                         0x080014dd   Thumb Code    94  usart.o(i.HAL_UART_MspInit)
    HardFault_Handler                        0x08001549   Thumb Code    34  svcrt_board.o(i.HardFault_Handler)
    MX_GPIO_Init                             0x08001571   Thumb Code   216  gpio.o(i.MX_GPIO_Init)
    MX_RTC_Init                              0x08001659   Thumb Code    44  rtc.o(i.MX_RTC_Init)
    MX_USART1_UART_Init                      0x0800168d   Thumb Code    48  usart.o(i.MX_USART1_UART_Init)
    MemManage_Handler                        0x080016c5   Thumb Code     2  stm32f4xx_it.o(i.MemManage_Handler)
    NMI_Handler                              0x080016c7   Thumb Code     2  stm32f4xx_it.o(i.NMI_Handler)
    RTC_EnterInitMode                        0x080016c9   Thumb Code    72  stm32f4xx_hal_rtc.o(i.RTC_EnterInitMode)
    RTC_ExitInitMode                         0x08001711   Thumb Code    42  stm32f4xx_hal_rtc.o(i.RTC_ExitInitMode)
    SVC_Server                               0x0800173d   Thumb Code   786  svcrt_task.o(i.SVC_Server)
    SysTick_Handler                          0x08001a55   Thumb Code     4  svcrt_board.o(i.SysTick_Handler)
    SystemClock_Config                       0x08001a59   Thumb Code   144  main.o(i.SystemClock_Config)
    SystemInit                               0x08001af1   Thumb Code    12  system_stm32f4xx_1.o(i.SystemInit)
    USART1_IRQHandler                        0x08001c0d   Thumb Code     6  drvuart.o(i.USART1_IRQHandler)
    UsageFault_Handler                       0x08001c19   Thumb Code     2  stm32f4xx_it.o(i.UsageFault_Handler)
    led_drv_close                            0x08001d9d   Thumb Code    34  drvled.o(i.led_drv_close)
    led_drv_ctrl                             0x08001dc5   Thumb Code     4  drvled.o(i.led_drv_ctrl)
    led_drv_open                             0x08001dc9   Thumb Code    96  drvled.o(i.led_drv_open)
    led_drv_read                             0x08001e39   Thumb Code    24  drvled.o(i.led_drv_read)
    led_drv_write                            0x08001e51   Thumb Code    86  drvled.o(i.led_drv_write)
    main                                     0x08001ead   Thumb Code    94  main.o(i.main)
    svcrt_cfg_load                           0x08001f1d   Thumb Code     8  svcrt_cfg.o(i.svcrt_cfg_load)
    svcrt_crc32                              0x08001f29   Thumb Code    44  svcrt_loader.o(i.svcrt_crc32)
    svcrt_dev_board_init                     0x08001f59   Thumb Code    36  svcrt_board.o(i.svcrt_dev_board_init)
    svcrt_dev_close_internal                 0x08001f99   Thumb Code    70  svcrt_dev.o(i.svcrt_dev_close_internal)
    svcrt_dev_ctrl_internal                  0x08001fe9   Thumb Code    60  svcrt_dev.o(i.svcrt_dev_ctrl_internal)
    svcrt_dev_get_count                      0x0800202d   Thumb Code     6  svcrt_dev.o(i.svcrt_dev_get_count)
    svcrt_dev_module_init                    0x08002039   Thumb Code    38  svcrt_dev.o(i.svcrt_dev_module_init)
    svcrt_dev_open                           0x08002069   Thumb Code    18  oslib.o(i.svcrt_dev_open)
    svcrt_dev_open_internal                  0x0800207d   Thumb Code    84  svcrt_dev.o(i.svcrt_dev_open_internal)
    svcrt_dev_read_internal                  0x080020d9   Thumb Code    60  svcrt_dev.o(i.svcrt_dev_read_internal)
    svcrt_dev_register                       0x0800211d   Thumb Code   120  svcrt_dev.o(i.svcrt_dev_register)
    svcrt_dev_unregister                     0x0800219d   Thumb Code   132  svcrt_dev.o(i.svcrt_dev_unregister)
    svcrt_dev_write                          0x08002229   Thumb Code    20  oslib.o(i.svcrt_dev_write)
    svcrt_dev_write_internal                 0x0800223d   Thumb Code    60  svcrt_dev.o(i.svcrt_dev_write_internal)
    svcrt_event_create_internal              0x08002281   Thumb Code    54  svcrt_event.o(i.svcrt_event_create_internal)
    svcrt_event_module_init                  0x080022bd   Thumb Code    44  svcrt_event.o(i.svcrt_event_module_init)
    svcrt_event_set_internal                 0x080022ed   Thumb Code    52  svcrt_event.o(i.svcrt_event_set_internal)
    svcrt_event_wait_internal                0x08002325   Thumb Code    84  svcrt_event.o(i.svcrt_event_wait_internal)
    svcrt_fault_record                       0x0800237d   Thumb Code    70  svcrt_fault.o(i.svcrt_fault_record)
    svcrt_fault_record_count_internal        0x080023d1   Thumb Code     6  svcrt_fault.o(i.svcrt_fault_record_count_internal)
    svcrt_fault_record_get                   0x080023dd   Thumb Code    52  svcrt_fault.o(i.svcrt_fault_record_get)
    svcrt_fifo_create                        0x08002419   Thumb Code    26  svcrt_fifo.o(i.svcrt_fifo_create)
    svcrt_fifo_read                          0x08002433   Thumb Code    62  svcrt_fifo.o(i.svcrt_fifo_read)
    svcrt_fifo_write                         0x08002471   Thumb Code    62  svcrt_fifo.o(i.svcrt_fifo_write)
    svcrt_kernel_get_time                    0x080024dd   Thumb Code     8  svcrt_task.o(i.svcrt_kernel_get_time)
    svcrt_kernel_tick_handler                0x080024e9   Thumb Code    50  svcrt_task.o(i.svcrt_kernel_tick_handler)
    svcrt_loader_load_dev                    0x080025ad   Thumb Code   268  svcrt_loader.o(i.svcrt_loader_load_dev)
    svcrt_loader_start                       0x08002701   Thumb Code    92  svcrt_loader.o(i.svcrt_loader_start)
    svcrt_loader_state                       0x08002761   Thumb Code    28  svcrt_loader.o(i.svcrt_loader_state)
    svcrt_loader_stop                        0x0800277d   Thumb Code    96  svcrt_loader.o(i.svcrt_loader_stop)
    svcrt_mq_create_internal                 0x080027e5   Thumb Code    96  svcrt_mq.o(i.svcrt_mq_create_internal)
    svcrt_mq_delete_internal                 0x08002849   Thumb Code    82  svcrt_mq.o(i.svcrt_mq_delete_internal)
    svcrt_mq_recv_internal                   0x080028f9   Thumb Code   216  svcrt_mq.o(i.svcrt_mq_recv_internal)
    svcrt_mq_send_internal                   0x080029d5   Thumb Code   246  svcrt_mq.o(i.svcrt_mq_send_internal)
    svcrt_mtx_create_internal                0x08002b41   Thumb Code    66  svcrt_sync.o(i.svcrt_mtx_create_internal)
    svcrt_mtx_delete_internal                0x08002b89   Thumb Code    68  svcrt_sync.o(i.svcrt_mtx_delete_internal)
    svcrt_mtx_lock_internal                  0x08002bd1   Thumb Code   134  svcrt_sync.o(i.svcrt_mtx_lock_internal)
    svcrt_mtx_unlock_internal                0x08002c5d   Thumb Code   108  svcrt_sync.o(i.svcrt_mtx_unlock_internal)
    svcrt_mutex_lock                         0x08002ccd   Thumb Code    16  oslib.o(i.svcrt_mutex_lock)
    svcrt_mutex_unlock                       0x08002cdd   Thumb Code    14  oslib.o(i.svcrt_mutex_unlock)
    svcrt_port_board_init                    0x08002ced   Thumb Code    18  svcrt_board.o(i.svcrt_port_board_init)
    svcrt_port_delay_us                      0x08002d09   Thumb Code    42  svcrt_port.o(i.svcrt_port_delay_us)
    svcrt_port_disable_irq                   0x08002d3d   Thumb Code     4  svcrt_port.o(i.svcrt_port_disable_irq)
    svcrt_port_enable_irq                    0x08002d41   Thumb Code     4  svcrt_port.o(i.svcrt_port_enable_irq)
    svcrt_port_enter_critical                0x08002d45   Thumb Code     8  svcrt_port.o(i.svcrt_port_enter_critical)
    svcrt_port_enter_idle                    0x08002d4d   Thumb Code    34  svcrt_port.o(i.svcrt_port_enter_idle)
    svcrt_port_exit_critical                 0x08002d6f   Thumb Code     6  svcrt_port.o(i.svcrt_port_exit_critical)
    svcrt_port_flash_erase                   0x08002d75   Thumb Code    88  drvflash.o(i.svcrt_port_flash_erase)
    svcrt_port_flash_write                   0x08002dcd   Thumb Code    68  drvflash.o(i.svcrt_port_flash_write)
    svcrt_port_irq_init                      0x08002e11   Thumb Code    48  svcrt_board.o(i.svcrt_port_irq_init)
    svcrt_port_stack_init                    0x08002e49   Thumb Code    78  svcrt_port.o(i.svcrt_port_stack_init)
    svcrt_port_start_timer                   0x08002e99   Thumb Code    50  svcrt_port.o(i.svcrt_port_start_timer)
    svcrt_port_svc_get_arg                   0x08002ed5   Thumb Code     6  svcrt_port.o(i.svcrt_port_svc_get_arg)
    svcrt_port_svc_set_ret                   0x08002edb   Thumb Code     4  svcrt_port.o(i.svcrt_port_svc_set_ret)
    svcrt_port_switch_task                   0x08002ee1   Thumb Code    10  svcrt_port.o(i.svcrt_port_switch_task)
    svcrt_port_syscall_num                   0x08002ef1   Thumb Code     8  svcrt_port.o(i.svcrt_port_syscall_num)
    svcrt_port_wfe                           0x08002ef9   Thumb Code     4  svcrt_port.o(i.svcrt_port_wfe)
    svcrt_port_wfi                           0x08002efd   Thumb Code     4  svcrt_port.o(i.svcrt_port_wfi)
    svcrt_ptable_get                         0x08002f01   Thumb Code    22  svcrt_ptable.o(i.svcrt_ptable_get)
    svcrt_ptable_init                        0x08002f1d   Thumb Code   100  svcrt_ptable.o(i.svcrt_ptable_init)
    svcrt_ptable_set_slot                    0x08002f99   Thumb Code    46  svcrt_ptable.o(i.svcrt_ptable_set_slot)
    svcrt_sched_activate                     0x08003119   Thumb Code   106  svcrt_task.o(i.svcrt_sched_activate)
    svcrt_sched_activate_higher              0x0800318d   Thumb Code    42  svcrt_task.o(i.svcrt_sched_activate_higher)
    svcrt_sched_is_switching                 0x080031c1   Thumb Code    52  svcrt_task.o(i.svcrt_sched_is_switching)
    svcrt_sched_lock_internal                0x08003219   Thumb Code    28  svcrt_task.o(i.svcrt_sched_lock_internal)
    svcrt_sched_next                         0x08003239   Thumb Code   170  svcrt_task.o(i.svcrt_sched_next)
    svcrt_sched_unlock_internal              0x080032ed   Thumb Code    38  svcrt_task.o(i.svcrt_sched_unlock_internal)
    svcrt_sem_create_internal                0x08003319   Thumb Code    70  svcrt_sync.o(i.svcrt_sem_create_internal)
    svcrt_sem_delete_internal                0x08003365   Thumb Code    68  svcrt_sync.o(i.svcrt_sem_delete_internal)
    svcrt_sem_post_internal                  0x080033ad   Thumb Code    84  svcrt_sync.o(i.svcrt_sem_post_internal)
    svcrt_sem_wait_internal                  0x08003405   Thumb Code   122  svcrt_sync.o(i.svcrt_sem_wait_internal)
    svcrt_sync_module_init                   0x0800349d   Thumb Code    80  svcrt_sync.o(i.svcrt_sync_module_init)
    svcrt_task_block_internal                0x080034f5   Thumb Code    60  svcrt_task.o(i.svcrt_task_block_internal)
    svcrt_task_get_current                   0x08003539   Thumb Code    40  svcrt_task.o(i.svcrt_task_get_current)
    svcrt_task_kill_internal                 0x08003569   Thumb Code    42  svcrt_task.o(i.svcrt_task_kill_internal)
    svcrt_task_recover                       0x0800359d   Thumb Code    70  svcrt_task.o(i.svcrt_task_recover)
    svcrt_task_register                      0x080035ed   Thumb Code   122  svcrt_cfg.o(i.svcrt_task_register)
    svcrt_task_stack_fill                    0x08003671   Thumb Code    24  svcrt_cfg.o(i.svcrt_task_stack_fill)
    svcrt_task_stack_info_internal           0x08003689   Thumb Code   118  svcrt_task.o(i.svcrt_task_stack_info_internal)
    svcrt_task_stack_init                    0x08003709   Thumb Code    46  svcrt_cfg.o(i.svcrt_task_stack_init)
    svcrt_task_status_get_internal           0x08003739   Thumb Code    38  svcrt_task.o(i.svcrt_task_status_get_internal)
    svcrt_task_wait                          0x08003769   Thumb Code     8  oslib.o(i.svcrt_task_wait)
    svcrt_task_wait_internal                 0x08003771   Thumb Code    70  svcrt_task.o(i.svcrt_task_wait_internal)
    svcrt_task_wait_period_internal          0x080037c1   Thumb Code    52  svcrt_task.o(i.svcrt_task_wait_period_internal)
    svcrt_timer_create_internal              0x0800385d   Thumb Code    90  svcrt_timer.o(i.svcrt_timer_create_internal)
    svcrt_timer_delete_internal              0x080038bd   Thumb Code    64  svcrt_timer.o(i.svcrt_timer_delete_internal)
    svcrt_timer_start_internal               0x08003901   Thumb Code   108  svcrt_timer.o(i.svcrt_timer_start_internal)
    svcrt_timer_stop_internal                0x08003971   Thumb Code    58  svcrt_timer.o(i.svcrt_timer_stop_internal)
    svcrt_timer_tick_handler                 0x080039b1   Thumb Code   112  svcrt_timer.o(i.svcrt_timer_tick_handler)
    uart_drv_close                           0x08003a85   Thumb Code    32  drvuart.o(i.uart_drv_close)
    uart_drv_ctrl                            0x08003aa5   Thumb Code     4  drvuart.o(i.uart_drv_ctrl)
    uart_drv_open                            0x08003aa9   Thumb Code   212  drvuart.o(i.uart_drv_open)
    uart_drv_read                            0x08003b91   Thumb Code    20  drvuart.o(i.uart_drv_read)
    uart_drv_write                           0x08003ba5   Thumb Code    52  drvuart.o(i.uart_drv_write)
    _fp_init                                 0x08003bd9   Thumb Code    10  fpinit.o(x$fpl$fpinit)
    __fplib_config_fpu_vfp                   0x08003be1   Thumb Code     0  fpinit.o(x$fpl$fpinit)
    __fplib_config_pureend_doubles           0x08003be1   Thumb Code     0  fpinit.o(x$fpl$fpinit)
    AHBPrescTable                            0x08003be2   Data          16  system_stm32f4xx_1.o(.constdata)
    APBPrescTable                            0x08003bf2   Data           8  system_stm32f4xx_1.o(.constdata)
    Region$$Table$$Base                      0x08003c00   Number         0  anon$$obj.o(Region$$Table)
    Region$$Table$$Limit                     0x08003c40   Number         0  anon$$obj.o(Region$$Table)
    svcrt_task_count                         0x10000004   Data           4  svcrt_cfg.o(.data)
    usart_drv                                0x10000010   Data          20  drvuart.o(.data)
    pFlash                                   0x10000024   Data          32  stm32f4xx_hal_flash.o(.data)
    uwTickFreq                               0x10000044   Data           1  stm32f4xx_hal.o(.data)
    uwTickPrio                               0x10000048   Data           4  stm32f4xx_hal.o(.data)
    uwTick                                   0x1000004c   Data           4  stm32f4xx_hal.o(.data)
    huart1                                   0x10000050   Data          72  usart.o(.bss)
    SystemCoreClock                          0x20002000   Data           4  system_stm32f4xx_1.o(.data)
    svcrt_cpu_load_counter                   0x20002004   Data           2  svcrt_task.o(.data)
    svcrt_cpu_idle_millis                    0x20002006   Data           2  svcrt_task.o(.data)
    svcrt_kernel_tick                        0x20002008   Data           4  svcrt_task.o(.data)
    svcrt_current_task_id                    0x2000200c   Data           4  svcrt_task.o(.data)
    svcrt_sched_lock_nest                    0x20002010   Data           4  svcrt_task.o(.data)
    led_drv                                  0x20002020   Data          20  drvled.o(.data)
    hrtc                                     0x20005834   Data          32  rtc.o(.bss)
    svcrt_task_table                         0x20005a34   Data         532  svcrt_cfg.o(.bss)
    __libspace_start                         0x20007a3c   Data          96  libspace.o(.bss)
    __temporary_stack_top$libspace           0x20007a9c   Data           0  libspace.o(.bss)



==============================================================================

Memory Map of the image

  Image Entry point : 0x080001ad

  Load Region LR_KERNEL (Base: 0x08000000, Size: 0x00003cc4, Max: 0x00040000, ABSOLUTE)

    Execution Region ER_KERNEL (Exec base: 0x08000000, Load base: 0x08000000, Size: 0x00003c40, Max: 0x00040000, ABSOLUTE)

    Exec Addr    Load Addr    Size         Type   Attr      Idx    E Section Name        Object

    0x08000000   0x08000000   0x000001ac   Data   RO            3    RESET               startup_stm32f427xx.o
    0x080001ac   0x080001ac   0x00000008   Code   RO         5570  * !!!main             c_w.l(__main.o)
    0x080001b4   0x080001b4   0x00000034   Code   RO         5739    !!!scatter          c_w.l(__scatter.o)
    0x080001e8   0x080001e8   0x0000001a   Code   RO         5741    !!handler_copy      c_w.l(__scatter_copy.o)
    0x08000202   0x08000202   0x00000002   PAD
    0x08000204   0x08000204   0x0000001c   Code   RO         5743    !!handler_zi        c_w.l(__scatter_zi.o)
    0x08000220   0x08000220   0x00000002   Code   RO         5607    .ARM.Collect$$libinit$$00000000  c_w.l(libinit.o)
    0x08000222   0x08000222   0x00000004   Code   RO         5619    .ARM.Collect$$libinit$$00000001  c_w.l(libinit2.o)
    0x08000226   0x08000226   0x00000000   Code   RO         5622    .ARM.Collect$$libinit$$00000004  c_w.l(libinit2.o)
    0x08000226   0x08000226   0x00000000   Code   RO         5625    .ARM.Collect$$libinit$$0000000A  c_w.l(libinit2.o)
    0x08000226   0x08000226   0x00000000   Code   RO         5627    .ARM.Collect$$libinit$$0000000C  c_w.l(libinit2.o)
    0x08000226   0x08000226   0x00000000   Code   RO         5629    .ARM.Collect$$libinit$$0000000E  c_w.l(libinit2.o)
    0x08000226   0x08000226   0x00000000   Code   RO         5632    .ARM.Collect$$libinit$$00000011  c_w.l(libinit2.o)
    0x08000226   0x08000226   0x00000000   Code   RO         5634    .ARM.Collect$$libinit$$00000013  c_w.l(libinit2.o)
    0x08000226   0x08000226   0x00000000   Code   RO         5636    .ARM.Collect$$libinit$$00000015  c_w.l(libinit2.o)
    0x08000226   0x08000226   0x00000000   Code   RO         5638    .ARM.Collect$$libinit$$00000017  c_w.l(libinit2.o)
    0x08000226   0x08000226   0x00000000   Code   RO         5640    .ARM.Collect$$libinit$$00000019  c_w.l(libinit2.o)
    0x08000226   0x08000226   0x00000000   Code   RO         5642    .ARM.Collect$$libinit$$0000001B  c_w.l(libinit2.o)
    0x08000226   0x08000226   0x00000000   Code   RO         5644    .ARM.Collect$$libinit$$0000001D  c_w.l(libinit2.o)
    0x08000226   0x08000226   0x00000000   Code   RO         5646    .ARM.Collect$$libinit$$0000001F  c_w.l(libinit2.o)
    0x08000226   0x08000226   0x00000000   Code   RO         5648    .ARM.Collect$$libinit$$00000021  c_w.l(libinit2.o)
    0x08000226   0x08000226   0x00000000   Code   RO         5650    .ARM.Collect$$libinit$$00000023  c_w.l(libinit2.o)
    0x08000226   0x08000226   0x00000000   Code   RO         5652    .ARM.Collect$$libinit$$00000025  c_w.l(libinit2.o)
    0x08000226   0x08000226   0x00000000   Code   RO         5656    .ARM.Collect$$libinit$$0000002C  c_w.l(libinit2.o)
    0x08000226   0x08000226   0x00000000   Code   RO         5658    .ARM.Collect$$libinit$$0000002E  c_w.l(libinit2.o)
    0x08000226   0x08000226   0x00000000   Code   RO         5660    .ARM.Collect$$libinit$$00000030  c_w.l(libinit2.o)
    0x08000226   0x08000226   0x00000000   Code   RO         5662    .ARM.Collect$$libinit$$00000032  c_w.l(libinit2.o)
    0x08000226   0x08000226   0x00000002   Code   RO         5663    .ARM.Collect$$libinit$$00000033  c_w.l(libinit2.o)
    0x08000228   0x08000228   0x00000002   Code   RO         5694    .ARM.Collect$$libshutdown$$00000000  c_w.l(libshutdown.o)
    0x0800022a   0x0800022a   0x00000000   Code   RO         5720    .ARM.Collect$$libshutdown$$00000002  c_w.l(libshutdown2.o)
    0x0800022a   0x0800022a   0x00000000   Code   RO         5722    .ARM.Collect$$libshutdown$$00000004  c_w.l(libshutdown2.o)
    0x0800022a   0x0800022a   0x00000000   Code   RO         5724    .ARM.Collect$$libshutdown$$00000006  c_w.l(libshutdown2.o)
    0x0800022a   0x0800022a   0x00000000   Code   RO         5727    .ARM.Collect$$libshutdown$$00000009  c_w.l(libshutdown2.o)
    0x0800022a   0x0800022a   0x00000000   Code   RO         5730    .ARM.Collect$$libshutdown$$0000000C  c_w.l(libshutdown2.o)
    0x0800022a   0x0800022a   0x00000000   Code   RO         5732    .ARM.Collect$$libshutdown$$0000000E  c_w.l(libshutdown2.o)
    0x0800022a   0x0800022a   0x00000000   Code   RO         5735    .ARM.Collect$$libshutdown$$00000011  c_w.l(libshutdown2.o)
    0x0800022a   0x0800022a   0x00000002   Code   RO         5736    .ARM.Collect$$libshutdown$$00000012  c_w.l(libshutdown2.o)
    0x0800022c   0x0800022c   0x00000000   Code   RO         5572    .ARM.Collect$$rtentry$$00000000  c_w.l(__rtentry.o)
    0x0800022c   0x0800022c   0x00000000   Code   RO         5578    .ARM.Collect$$rtentry$$00000002  c_w.l(__rtentry2.o)
    0x0800022c   0x0800022c   0x00000006   Code   RO         5590    .ARM.Collect$$rtentry$$00000004  c_w.l(__rtentry4.o)
    0x08000232   0x08000232   0x00000000   Code   RO         5580    .ARM.Collect$$rtentry$$00000009  c_w.l(__rtentry2.o)
    0x08000232   0x08000232   0x00000004   Code   RO         5581    .ARM.Collect$$rtentry$$0000000A  c_w.l(__rtentry2.o)
    0x08000236   0x08000236   0x00000000   Code   RO         5583    .ARM.Collect$$rtentry$$0000000C  c_w.l(__rtentry2.o)
    0x08000236   0x08000236   0x00000008   Code   RO         5584    .ARM.Collect$$rtentry$$0000000D  c_w.l(__rtentry2.o)
    0x0800023e   0x0800023e   0x00000002   Code   RO         5611    .ARM.Collect$$rtexit$$00000000  c_w.l(rtexit.o)
    0x08000240   0x08000240   0x00000000   Code   RO         5667    .ARM.Collect$$rtexit$$00000002  c_w.l(rtexit2.o)
    0x08000240   0x08000240   0x00000004   Code   RO         5668    .ARM.Collect$$rtexit$$00000003  c_w.l(rtexit2.o)
    0x08000244   0x08000244   0x00000006   Code   RO         5669    .ARM.Collect$$rtexit$$00000004  c_w.l(rtexit2.o)
    0x0800024a   0x0800024a   0x00000002   PAD
    0x0800024c   0x0800024c   0x00000040   Code   RO            4    .text               startup_stm32f427xx.o
    0x0800028c   0x0800028c   0x00000050   Code   RO         1908    .text               svcrt_context.o
    0x080002dc   0x080002dc   0x000000ee   Code   RO         5562    .text               c_w.l(lludivv7m.o)
    0x080003ca   0x080003ca   0x0000004e   Code   RO         5566    .text               c_w.l(rt_memclr_w.o)
    0x08000418   0x08000418   0x00000006   Code   RO         5568    .text               c_w.l(heapauxi.o)
    0x0800041e   0x0800041e   0x0000004a   Code   RO         5594    .text               c_w.l(sys_stackheap_outer.o)
    0x08000468   0x08000468   0x00000012   Code   RO         5596    .text               c_w.l(exit.o)
    0x0800047a   0x0800047a   0x00000002   PAD
    0x0800047c   0x0800047c   0x00000008   Code   RO         5608    .text               c_w.l(libspace.o)
    0x08000484   0x08000484   0x0000000c   Code   RO         5664    .text               c_w.l(sys_exit.o)
    0x08000490   0x08000490   0x00000002   Code   RO         5683    .text               c_w.l(use_no_semi.o)
    0x08000492   0x08000492   0x00000000   Code   RO         5685    .text               c_w.l(indicate_semi.o)
    0x08000492   0x08000492   0x00000002   Code   RO          530    i.BusFault_Handler  stm32f4xx_it.o
    0x08000494   0x08000494   0x00000002   Code   RO          531    i.DebugMon_Handler  stm32f4xx_it.o
    0x08000496   0x08000496   0x00000004   Code   RO          159    i.Error_Handler     main.o
    0x0800049a   0x0800049a   0x00000002   PAD
    0x0800049c   0x0800049c   0x00000054   Code   RO         2818    i.FLASH_Erase_Sector  stm32f4xx_hal_flash_ex.o
    0x080004f0   0x080004f0   0x00000054   Code   RO         2819    i.FLASH_FlushCaches  stm32f4xx_hal_flash_ex.o
    0x08000544   0x08000544   0x00000040   Code   RO         2820    i.FLASH_MassErase   stm32f4xx_hal_flash_ex.o
    0x08000584   0x08000584   0x00000020   Code   RO         2700    i.FLASH_Program_Byte  stm32f4xx_hal_flash.o
    0x080005a4   0x080005a4   0x0000002c   Code   RO         2701    i.FLASH_Program_DoubleWord  stm32f4xx_hal_flash.o
    0x080005d0   0x080005d0   0x00000024   Code   RO         2702    i.FLASH_Program_HalfWord  stm32f4xx_hal_flash.o
    0x080005f4   0x080005f4   0x00000024   Code   RO         2703    i.FLASH_Program_Word  stm32f4xx_hal_flash.o
    0x08000618   0x08000618   0x0000007c   Code   RO         2704    i.FLASH_SetErrorCode  stm32f4xx_hal_flash.o
    0x08000694   0x08000694   0x00000050   Code   RO         2705    i.FLASH_WaitForLastOperation  stm32f4xx_hal_flash.o
    0x080006e4   0x080006e4   0x0000009c   Code   RO         2825    i.HAL_FLASHEx_Erase  stm32f4xx_hal_flash_ex.o
    0x08000780   0x08000780   0x00000014   Code   RO         2709    i.HAL_FLASH_Lock    stm32f4xx_hal_flash.o
    0x08000794   0x08000794   0x0000007c   Code   RO         2714    i.HAL_FLASH_Program  stm32f4xx_hal_flash.o
    0x08000810   0x08000810   0x0000002c   Code   RO         2716    i.HAL_FLASH_Unlock  stm32f4xx_hal_flash.o
    0x0800083c   0x0800083c   0x00000234   Code   RO         2939    i.HAL_GPIO_Init     stm32f4xx_hal_gpio.o
    0x08000a70   0x08000a70   0x0000000a   Code   RO         2943    i.HAL_GPIO_WritePin  stm32f4xx_hal_gpio.o
    0x08000a7a   0x08000a7a   0x00000002   PAD
    0x08000a7c   0x08000a7c   0x0000000c   Code   RO         3509    i.HAL_GetTick       stm32f4xx_hal.o
    0x08000a88   0x08000a88   0x00000034   Code   RO         3516    i.HAL_Init          stm32f4xx_hal.o
    0x08000abc   0x08000abc   0x00000040   Code   RO         3517    i.HAL_InitTick      stm32f4xx_hal.o
    0x08000afc   0x08000afc   0x00000030   Code   RO          581    i.HAL_MspInit       stm32f4xx_hal_msp.o
    0x08000b2c   0x08000b2c   0x0000001a   Code   RO         3349    i.HAL_NVIC_EnableIRQ  stm32f4xx_hal_cortex.o
    0x08000b46   0x08000b46   0x00000002   PAD
    0x08000b48   0x08000b48   0x00000040   Code   RO         3355    i.HAL_NVIC_SetPriority  stm32f4xx_hal_cortex.o
    0x08000b88   0x08000b88   0x00000024   Code   RO         3356    i.HAL_NVIC_SetPriorityGrouping  stm32f4xx_hal_cortex.o
    0x08000bac   0x08000bac   0x00000254   Code   RO         2640    i.HAL_RCCEx_PeriphCLKConfig  stm32f4xx_hal_rcc_ex.o
    0x08000e00   0x08000e00   0x00000134   Code   RO         2533    i.HAL_RCC_ClockConfig  stm32f4xx_hal_rcc.o
    0x08000f34   0x08000f34   0x00000020   Code   RO         2540    i.HAL_RCC_GetPCLK1Freq  stm32f4xx_hal_rcc.o
    0x08000f54   0x08000f54   0x00000020   Code   RO         2541    i.HAL_RCC_GetPCLK2Freq  stm32f4xx_hal_rcc.o
    0x08000f74   0x08000f74   0x00000060   Code   RO         2542    i.HAL_RCC_GetSysClockFreq  stm32f4xx_hal_rcc.o
    0x08000fd4   0x08000fd4   0x0000036c   Code   RO         2545    i.HAL_RCC_OscConfig  stm32f4xx_hal_rcc.o
    0x08001340   0x08001340   0x0000009c   Code   RO         2145    i.HAL_RTC_Init      stm32f4xx_hal_rtc.o
    0x080013dc   0x080013dc   0x0000003c   Code   RO          321    i.HAL_RTC_MspInit   rtc.o
    0x08001418   0x08001418   0x00000038   Code   RO         2153    i.HAL_RTC_WaitForSynchro  stm32f4xx_hal_rtc.o
    0x08001450   0x08001450   0x00000028   Code   RO         3360    i.HAL_SYSTICK_Config  stm32f4xx_hal_cortex.o
    0x08001478   0x08001478   0x00000064   Code   RO         4645    i.HAL_UART_Init     stm32f4xx_hal_uart.o
    0x080014dc   0x080014dc   0x0000006c   Code   RO          447    i.HAL_UART_MspInit  usart.o
    0x08001548   0x08001548   0x00000028   Code   RO         1668    i.HardFault_Handler  svcrt_board.o
    0x08001570   0x08001570   0x000000e8   Code   RO          296    i.MX_GPIO_Init      gpio.o
    0x08001658   0x08001658   0x00000034   Code   RO          322    i.MX_RTC_Init       rtc.o
    0x0800168c   0x0800168c   0x00000038   Code   RO          448    i.MX_USART1_UART_Init  usart.o
    0x080016c4   0x080016c4   0x00000002   Code   RO          532    i.MemManage_Handler  stm32f4xx_it.o
    0x080016c6   0x080016c6   0x00000002   Code   RO          533    i.NMI_Handler       stm32f4xx_it.o
    0x080016c8   0x080016c8   0x00000048   Code   RO         2156    i.RTC_EnterInitMode  stm32f4xx_hal_rtc.o
    0x08001710   0x08001710   0x0000002a   Code   RO         2157    i.RTC_ExitInitMode  stm32f4xx_hal_rtc.o
    0x0800173a   0x0800173a   0x00000002   PAD
    0x0800173c   0x0800173c   0x00000318   Code   RO          605    i.SVC_Server        svcrt_task.o
    0x08001a54   0x08001a54   0x00000004   Code   RO         1669    i.SysTick_Handler   svcrt_board.o
    0x08001a58   0x08001a58   0x00000098   Code   RO          160    i.SystemClock_Config  main.o
    0x08001af0   0x08001af0   0x00000010   Code   RO           14    i.SystemInit        system_stm32f4xx_1.o
    0x08001b00   0x08001b00   0x0000010c   Code   RO         4671    i.UART_SetConfig    stm32f4xx_hal_uart.o
    0x08001c0c   0x08001c0c   0x0000000c   Code   RO         1745    i.USART1_IRQHandler  drvuart.o
    0x08001c18   0x08001c18   0x00000002   Code   RO          534    i.UsageFault_Handler  stm32f4xx_it.o
    0x08001c1a   0x08001c1a   0x00000020   Code   RO         1670    i.__NVIC_SetPriority  svcrt_board.o
    0x08001c3a   0x08001c3a   0x00000020   Code   RO         1915    i.__NVIC_SetPriority  svcrt_port.o
    0x08001c5a   0x08001c5a   0x00000020   Code   RO         3362    i.__NVIC_SetPriority  stm32f4xx_hal_cortex.o
    0x08001c7a   0x08001c7a   0x0000005e   Code   RO         1746    i.handle_usart_service  drvuart.o
    0x08001cd8   0x08001cd8   0x00000064   Code   RO          161    i.led2_blink_task   main.o
    0x08001d3c   0x08001d3c   0x00000060   Code   RO          162    i.led_blink_task    main.o
    0x08001d9c   0x08001d9c   0x00000028   Code   RO         1811    i.led_drv_close     drvled.o
    0x08001dc4   0x08001dc4   0x00000004   Code   RO         1812    i.led_drv_ctrl      drvled.o
    0x08001dc8   0x08001dc8   0x00000070   Code   RO         1813    i.led_drv_open      drvled.o
    0x08001e38   0x08001e38   0x00000018   Code   RO         1814    i.led_drv_read      drvled.o
    0x08001e50   0x08001e50   0x0000005c   Code   RO         1815    i.led_drv_write     drvled.o
    0x08001eac   0x08001eac   0x00000070   Code   RO          163    i.main              main.o
    0x08001f1c   0x08001f1c   0x0000000c   Code   RO          946    i.svcrt_cfg_load    svcrt_cfg.o
    0x08001f28   0x08001f28   0x00000030   Code   RO         1322    i.svcrt_crc32       svcrt_loader.o
    0x08001f58   0x08001f58   0x00000040   Code   RO         1671    i.svcrt_dev_board_init  svcrt_board.o
    0x08001f98   0x08001f98   0x00000050   Code   RO          794    i.svcrt_dev_close_internal  svcrt_dev.o
    0x08001fe8   0x08001fe8   0x00000044   Code   RO          795    i.svcrt_dev_ctrl_internal  svcrt_dev.o
    0x0800202c   0x0800202c   0x0000000c   Code   RO          796    i.svcrt_dev_get_count  svcrt_dev.o
    0x08002038   0x08002038   0x00000030   Code   RO          797    i.svcrt_dev_module_init  svcrt_dev.o
    0x08002068   0x08002068   0x00000012   Code   RO         1402    i.svcrt_dev_open    oslib.o
    0x0800207a   0x0800207a   0x00000002   PAD
    0x0800207c   0x0800207c   0x0000005c   Code   RO          798    i.svcrt_dev_open_internal  svcrt_dev.o
    0x080020d8   0x080020d8   0x00000044   Code   RO          799    i.svcrt_dev_read_internal  svcrt_dev.o
    0x0800211c   0x0800211c   0x00000080   Code   RO          800    i.svcrt_dev_register  svcrt_dev.o
    0x0800219c   0x0800219c   0x0000008c   Code   RO          801    i.svcrt_dev_unregister  svcrt_dev.o
    0x08002228   0x08002228   0x00000014   Code   RO         1404    i.svcrt_dev_write   oslib.o
    0x0800223c   0x0800223c   0x00000044   Code   RO          802    i.svcrt_dev_write_internal  svcrt_dev.o
    0x08002280   0x08002280   0x0000003c   Code   RO          869    i.svcrt_event_create_internal  svcrt_event.o
    0x080022bc   0x080022bc   0x00000030   Code   RO          870    i.svcrt_event_module_init  svcrt_event.o
    0x080022ec   0x080022ec   0x00000038   Code   RO          872    i.svcrt_event_set_internal  svcrt_event.o
    0x08002324   0x08002324   0x00000058   Code   RO          873    i.svcrt_event_wait_internal  svcrt_event.o
    0x0800237c   0x0800237c   0x00000054   Code   RO         1242    i.svcrt_fault_record  svcrt_fault.o
    0x080023d0   0x080023d0   0x0000000c   Code   RO         1243    i.svcrt_fault_record_count_internal  svcrt_fault.o
    0x080023dc   0x080023dc   0x0000003c   Code   RO         1244    i.svcrt_fault_record_get  svcrt_fault.o
    0x08002418   0x08002418   0x0000001a   Code   RO          916    i.svcrt_fifo_create  svcrt_fifo.o
    0x08002432   0x08002432   0x0000003e   Code   RO          917    i.svcrt_fifo_read   svcrt_fifo.o
    0x08002470   0x08002470   0x0000003e   Code   RO          918    i.svcrt_fifo_write  svcrt_fifo.o
    0x080024ae   0x080024ae   0x0000002e   Code   RO         1867    i.svcrt_flash_sector_index  drvflash.o
    0x080024dc   0x080024dc   0x0000000c   Code   RO          609    i.svcrt_kernel_get_time  svcrt_task.o
    0x080024e8   0x080024e8   0x00000038   Code   RO          610    i.svcrt_kernel_tick_handler  svcrt_task.o
    0x08002520   0x08002520   0x00000034   Code   RO         1323    i.svcrt_loader_check_header  svcrt_loader.o
    0x08002554   0x08002554   0x0000002a   Code   RO         1324    i.svcrt_loader_find_slot  svcrt_loader.o
    0x0800257e   0x0800257e   0x0000002e   Code   RO         1325    i.svcrt_loader_image_crc  svcrt_loader.o
    0x080025ac   0x080025ac   0x00000110   Code   RO         1327    i.svcrt_loader_load_dev  svcrt_loader.o
    0x080026bc   0x080026bc   0x00000044   Code   RO         1328    i.svcrt_loader_read_dev  svcrt_loader.o
    0x08002700   0x08002700   0x00000060   Code   RO         1329    i.svcrt_loader_start  svcrt_loader.o
    0x08002760   0x08002760   0x0000001c   Code   RO         1330    i.svcrt_loader_state  svcrt_loader.o
    0x0800277c   0x0800277c   0x00000068   Code   RO         1331    i.svcrt_loader_stop  svcrt_loader.o
    0x080027e4   0x080027e4   0x00000064   Code   RO         1089    i.svcrt_mq_create_internal  svcrt_mq.o
    0x08002848   0x08002848   0x00000058   Code   RO         1090    i.svcrt_mq_delete_internal  svcrt_mq.o
    0x080028a0   0x080028a0   0x0000002c   Code   RO         1091    i.svcrt_mq_get      svcrt_mq.o
    0x080028cc   0x080028cc   0x0000002c   Code   RO         1093    i.svcrt_mq_put      svcrt_mq.o
    0x080028f8   0x080028f8   0x000000dc   Code   RO         1094    i.svcrt_mq_recv_internal  svcrt_mq.o
    0x080029d4   0x080029d4   0x000000fc   Code   RO         1096    i.svcrt_mq_send_internal  svcrt_mq.o
    0x08002ad0   0x08002ad0   0x0000001e   Code   RO         1097    i.svcrt_mq_waiter_add  svcrt_mq.o
    0x08002aee   0x08002aee   0x00000002   PAD
    0x08002af0   0x08002af0   0x0000001c   Code   RO         1098    i.svcrt_mq_waiter_remove  svcrt_mq.o
    0x08002b0c   0x08002b0c   0x00000032   Code   RO         1099    i.svcrt_mq_wake_one  svcrt_mq.o
    0x08002b3e   0x08002b3e   0x00000002   PAD
    0x08002b40   0x08002b40   0x00000048   Code   RO          994    i.svcrt_mtx_create_internal  svcrt_sync.o
    0x08002b88   0x08002b88   0x00000048   Code   RO          995    i.svcrt_mtx_delete_internal  svcrt_sync.o
    0x08002bd0   0x08002bd0   0x0000008c   Code   RO          996    i.svcrt_mtx_lock_internal  svcrt_sync.o
    0x08002c5c   0x08002c5c   0x00000070   Code   RO          997    i.svcrt_mtx_unlock_internal  svcrt_sync.o
    0x08002ccc   0x08002ccc   0x00000010   Code   RO         1418    i.svcrt_mutex_lock  oslib.o
    0x08002cdc   0x08002cdc   0x0000000e   Code   RO         1419    i.svcrt_mutex_unlock  oslib.o
    0x08002cea   0x08002cea   0x00000002   PAD
    0x08002cec   0x08002cec   0x0000001c   Code   RO         1672    i.svcrt_port_board_init  svcrt_board.o
    0x08002d08   0x08002d08   0x00000034   Code   RO         1919    i.svcrt_port_delay_us  svcrt_port.o
    0x08002d3c   0x08002d3c   0x00000004   Code   RO         1920    i.svcrt_port_disable_irq  svcrt_port.o
    0x08002d40   0x08002d40   0x00000004   Code   RO         1924    i.svcrt_port_enable_irq  svcrt_port.o
    0x08002d44   0x08002d44   0x00000008   Code   RO         1925    i.svcrt_port_enter_critical  svcrt_port.o
    0x08002d4c   0x08002d4c   0x00000022   Code   RO         1926    i.svcrt_port_enter_idle  svcrt_port.o
    0x08002d6e   0x08002d6e   0x00000006   Code   RO         1927    i.svcrt_port_exit_critical  svcrt_port.o
    0x08002d74   0x08002d74   0x00000058   Code   RO         1868    i.svcrt_port_flash_erase  drvflash.o
    0x08002dcc   0x08002dcc   0x00000044   Code   RO         1870    i.svcrt_port_flash_write  drvflash.o
    0x08002e10   0x08002e10   0x00000038   Code   RO         1674    i.svcrt_port_irq_init  svcrt_board.o
    0x08002e48   0x08002e48   0x0000004e   Code   RO         1940    i.svcrt_port_stack_init  svcrt_port.o
    0x08002e96   0x08002e96   0x00000002   PAD
    0x08002e98   0x08002e98   0x0000003c   Code   RO         1941    i.svcrt_port_start_timer  svcrt_port.o
    0x08002ed4   0x08002ed4   0x00000006   Code   RO         1942    i.svcrt_port_svc_get_arg  svcrt_port.o
    0x08002eda   0x08002eda   0x00000004   Code   RO         1943    i.svcrt_port_svc_set_ret  svcrt_port.o
    0x08002ede   0x08002ede   0x00000002   PAD
    0x08002ee0   0x08002ee0   0x00000010   Code   RO         1944    i.svcrt_port_switch_task  svcrt_port.o
    0x08002ef0   0x08002ef0   0x00000008   Code   RO         1945    i.svcrt_port_syscall_num  svcrt_port.o
    0x08002ef8   0x08002ef8   0x00000004   Code   RO         1946    i.svcrt_port_wfe    svcrt_port.o
    0x08002efc   0x08002efc   0x00000004   Code   RO         1947    i.svcrt_port_wfi    svcrt_port.o
    0x08002f00   0x08002f00   0x0000001c   Code   RO         1289    i.svcrt_ptable_get  svcrt_ptable.o
    0x08002f1c   0x08002f1c   0x0000007c   Code   RO         1290    i.svcrt_ptable_init  svcrt_ptable.o
    0x08002f98   0x08002f98   0x0000002e   Code   RO         1292    i.svcrt_ptable_set_slot  svcrt_ptable.o
    0x08002fc6   0x08002fc6   0x00000002   PAD
    0x08002fc8   0x08002fc8   0x00000150   Code   RO          164    i.svcrt_register_tasks  main.o
    0x08003118   0x08003118   0x00000074   Code   RO          611    i.svcrt_sched_activate  svcrt_task.o
    0x0800318c   0x0800318c   0x00000034   Code   RO          612    i.svcrt_sched_activate_higher  svcrt_task.o
    0x080031c0   0x080031c0   0x0000003c   Code   RO          613    i.svcrt_sched_is_switching  svcrt_task.o
    0x080031fc   0x080031fc   0x0000001c   Code   RO          614    i.svcrt_sched_lock_blocks  svcrt_task.o
    0x08003218   0x08003218   0x00000020   Code   RO          616    i.svcrt_sched_lock_internal  svcrt_task.o
    0x08003238   0x08003238   0x000000b4   Code   RO          617    i.svcrt_sched_next  svcrt_task.o
    0x080032ec   0x080032ec   0x0000002c   Code   RO          619    i.svcrt_sched_unlock_internal  svcrt_task.o
    0x08003318   0x08003318   0x0000004c   Code   RO          998    i.svcrt_sem_create_internal  svcrt_sync.o
    0x08003364   0x08003364   0x00000048   Code   RO          999    i.svcrt_sem_delete_internal  svcrt_sync.o
    0x080033ac   0x080033ac   0x00000058   Code   RO         1001    i.svcrt_sem_post_internal  svcrt_sync.o
    0x08003404   0x08003404   0x00000080   Code   RO         1002    i.svcrt_sem_wait_internal  svcrt_sync.o
    0x08003484   0x08003484   0x00000016   Code   RO         1003    i.svcrt_sync_copy_name  svcrt_sync.o
    0x0800349a   0x0800349a   0x00000002   PAD
    0x0800349c   0x0800349c   0x00000058   Code   RO         1004    i.svcrt_sync_module_init  svcrt_sync.o
    0x080034f4   0x080034f4   0x00000044   Code   RO          620    i.svcrt_task_block_internal  svcrt_task.o
    0x08003538   0x08003538   0x00000030   Code   RO          622    i.svcrt_task_get_current  svcrt_task.o
    0x08003568   0x08003568   0x00000034   Code   RO          623    i.svcrt_task_kill_internal  svcrt_task.o
    0x0800359c   0x0800359c   0x00000050   Code   RO          624    i.svcrt_task_recover  svcrt_task.o
    0x080035ec   0x080035ec   0x00000084   Code   RO          947    i.svcrt_task_register  svcrt_cfg.o
    0x08003670   0x08003670   0x00000018   Code   RO          948    i.svcrt_task_stack_fill  svcrt_cfg.o
    0x08003688   0x08003688   0x00000080   Code   RO          625    i.svcrt_task_stack_info_internal  svcrt_task.o
    0x08003708   0x08003708   0x0000002e   Code   RO          949    i.svcrt_task_stack_init  svcrt_cfg.o
    0x08003736   0x08003736   0x00000002   PAD
    0x08003738   0x08003738   0x00000030   Code   RO          626    i.svcrt_task_status_get_internal  svcrt_task.o
    0x08003768   0x08003768   0x00000008   Code   RO         1433    i.svcrt_task_wait   oslib.o
    0x08003770   0x08003770   0x00000050   Code   RO          627    i.svcrt_task_wait_internal  svcrt_task.o
    0x080037c0   0x080037c0   0x0000003c   Code   RO          628    i.svcrt_task_wait_period_internal  svcrt_task.o
    0x080037fc   0x080037fc   0x00000060   Code   RO          629    i.svcrt_tick_tasks  svcrt_task.o
    0x0800385c   0x0800385c   0x00000060   Code   RO         1173    i.svcrt_timer_create_internal  svcrt_timer.o
    0x080038bc   0x080038bc   0x00000044   Code   RO         1175    i.svcrt_timer_delete_internal  svcrt_timer.o
    0x08003900   0x08003900   0x00000070   Code   RO         1177    i.svcrt_timer_start_internal  svcrt_timer.o
    0x08003970   0x08003970   0x00000040   Code   RO         1178    i.svcrt_timer_stop_internal  svcrt_timer.o
    0x080039b0   0x080039b0   0x0000007c   Code   RO         1180    i.svcrt_timer_tick_handler  svcrt_timer.o
    0x08003a2c   0x08003a2c   0x0000001e   Code   RO         1005    i.svcrt_waiters_add  svcrt_sync.o
    0x08003a4a   0x08003a4a   0x00000002   PAD
    0x08003a4c   0x08003a4c   0x00000038   Code   RO         1006    i.svcrt_waiters_pop_highest  svcrt_sync.o
    0x08003a84   0x08003a84   0x00000020   Code   RO         1747    i.uart_drv_close    drvuart.o
    0x08003aa4   0x08003aa4   0x00000004   Code   RO         1748    i.uart_drv_ctrl     drvuart.o
    0x08003aa8   0x08003aa8   0x000000e8   Code   RO         1749    i.uart_drv_open     drvuart.o
    0x08003b90   0x08003b90   0x00000014   Code   RO         1750    i.uart_drv_read     drvuart.o
    0x08003ba4   0x08003ba4   0x00000034   Code   RO         1751    i.uart_drv_write    drvuart.o
    0x08003bd8   0x08003bd8   0x0000000a   Code   RO         5679    x$fpl$fpinit        fz_wm.l(fpinit.o)
    0x08003be2   0x08003be2   0x00000010   Data   RO           15    .constdata          system_stm32f4xx_1.o
    0x08003bf2   0x08003bf2   0x00000008   Data   RO           16    .constdata          system_stm32f4xx_1.o
    0x08003bfa   0x08003bfa   0x00000006   Data   RO         1817    .constdata          drvled.o
    0x08003c00   0x08003c00   0x00000040   Data   RO         5737    Region$$Table       anon$$obj.o


    Execution Region RW_CCM (Exec base: 0x10000000, Load base: 0x08003c74, Size: 0x00000098, Max: 0x00010000, ABSOLUTE)

    Exec Addr    Load Addr    Size         Type   Attr      Idx    E Section Name        Object

    0x10000000   0x08003c74   0x00000004   Data   RW          166    .data               main.o
    0x10000004   0x08003c78   0x00000004   Data   RW          951    .data               svcrt_cfg.o
    0x10000008   0x08003c7c   0x00000008   Data   RW         1247    .data               svcrt_fault.o
    0x10000010   0x08003c84   0x00000014   Data   RW         1753    .data               drvuart.o
    0x10000024   0x08003c98   0x00000020   Data   RW         2717    .data               stm32f4xx_hal_flash.o
    0x10000044   0x08003cb8   0x0000000c   Data   RW         3523    .data               stm32f4xx_hal.o
    0x10000050        -       0x00000048   Zero   RW          449    .bss                usart.o


    Execution Region RW_KERNEL (Exec base: 0x20002000, Load base: 0x08003c40, Size: 0x000060a0, Max: 0x00016000, ABSOLUTE)

    Exec Addr    Load Addr    Size         Type   Attr      Idx    E Section Name        Object

    0x20002000   0x08003c40   0x00000004   Data   RW           17    .data               system_stm32f4xx_1.o
    0x20002004   0x08003c44   0x00000014   Data   RW          631    .data               svcrt_task.o
    0x20002018   0x08003c58   0x00000004   Data   RW          804    .data               svcrt_dev.o
    0x2000201c   0x08003c5c   0x00000004   Data   RW         1182    .data               svcrt_timer.o
    0x20002020   0x08003c60   0x00000014   Data   RW         1818    .data               drvled.o
    0x20002034        -       0x00003800   Zero   RW          165    .bss                main.o
    0x20005834        -       0x00000020   Zero   RW          323    .bss                rtc.o
    0x20005854        -       0x000000a0   Zero   RW          803    .bss                svcrt_dev.o
    0x200058f4        -       0x00000140   Zero   RW          874    .bss                svcrt_event.o
    0x20005a34        -       0x00000214   Zero   RW          950    .bss                svcrt_cfg.o
    0x20005c48        -       0x00000200   Zero   RW         1007    .bss                svcrt_sync.o
    0x20005e48        -       0x000005c0   Zero   RW         1100    .bss                svcrt_mq.o
    0x20006408        -       0x00000260   Zero   RW         1181    .bss                svcrt_timer.o
    0x20006668        -       0x00000060   Zero   RW         1246    .bss                svcrt_fault.o
    0x200066c8        -       0x00001200   Zero   RW         1332    .bss                svcrt_loader.o
    0x200078c8        -       0x0000015c   Zero   RW         1752    .bss                drvuart.o
    0x20007a24        -       0x00000018   Zero   RW         1816    .bss                drvled.o
    0x20007a3c        -       0x00000060   Zero   RW         5609    .bss                c_w.l(libspace.o)
    0x20007a9c   0x08003c74   0x00000004   PAD
    0x20007aa0        -       0x00000200   Zero   RW            2    HEAP                startup_stm32f427xx.o
    0x20007ca0        -       0x00000400   Zero   RW            1    STACK               startup_stm32f427xx.o


==============================================================================

Image component sizes


      Code (inc. data)   RO Data    RW Data    ZI Data      Debug   Object Name

       202          0          0          0          0       3262   drvflash.o
       272         28          6         20         24       4935   drvled.o
       446         26          0         20        348       6582   drvuart.o
       232         16          0          0          0       1127   gpio.o
       800         90          0          4      14336      10623   main.o
        76          0          0          0          0       3309   oslib.o
       112         16          0          0         32       1739   rtc.o
        64         26        428          0       1536        876   startup_stm32f427xx.o
       128         20          0         12          0       8619   stm32f4xx_hal.o
       198         14          0          0          0      34023   stm32f4xx_hal_cortex.o
       540         66          0         32          0       6990   stm32f4xx_hal_flash.o
       388         24          0          0          0       4542   stm32f4xx_hal_flash_ex.o
       574         54          0          0          0       2316   stm32f4xx_hal_gpio.o
        48          6          0          0          0        930   stm32f4xx_hal_msp.o
      1344         72          0          0          0       5468   stm32f4xx_hal_rcc.o
       596         36          0          0          0       1680   stm32f4xx_hal_rcc_ex.o
       326         12          0          0          0       3761   stm32f4xx_hal_rtc.o
       368         10          0          0          0       2148   stm32f4xx_hal_uart.o
        10          0          0          0          0       2493   stm32f4xx_it.o
       224         52          0          0          0      34186   svcrt_board.o
       214         14          0          4        532       3793   svcrt_cfg.o
        80          8          0          0          0        548   svcrt_context.o
       704         74          0          4        160       8114   svcrt_dev.o
       252         18          0          0        320       3767   svcrt_event.o
       156         28          0          8         96       2706   svcrt_fault.o
       150          0          0          0          0       3249   svcrt_fifo.o
       756         36          0          0       4608       8880   svcrt_loader.o
       856         20          0          0       1472       8724   svcrt_mq.o
       320         26          0          0          0      46567   svcrt_port.o
       198         30          0          0          0       2711   svcrt_ptable.o
       956         48          0          0        512      10379   svcrt_sync.o
      2032        192          0         20          0      18274   svcrt_task.o
       464         32          0          4        608       5064   svcrt_timer.o
        16          4         24          4          0     732943   system_stm32f4xx_1.o
       164         22          0          0         72       1854   usart.o

    ----------------------------------------------------------------------
     14294       1120        522        132      24656     997182   Object Totals
         0          0         64          0          0          0   (incl. Generated)
        28          0          0          0          0          0   (incl. Padding)

    ----------------------------------------------------------------------

      Code (inc. data)   RO Data    RW Data    ZI Data      Debug   Library Member Name

         8          0          0          0          0         68   __main.o
         0          0          0          0          0          0   __rtentry.o
        12          0          0          0          0          0   __rtentry2.o
         6          0          0          0          0          0   __rtentry4.o
        52          8          0          0          0          0   __scatter.o
        26          0          0          0          0          0   __scatter_copy.o
        28          0          0          0          0          0   __scatter_zi.o
        18          0          0          0          0         80   exit.o
         6          0          0          0          0        152   heapauxi.o
         0          0          0          0          0          0   indicate_semi.o
         2          0          0          0          0          0   libinit.o
         6          0          0          0          0          0   libinit2.o
         2          0          0          0          0          0   libshutdown.o
         2          0          0          0          0          0   libshutdown2.o
         8          4          0          0         96         68   libspace.o
       238          0          0          0          0        100   lludivv7m.o
        78          0          0          0          0         80   rt_memclr_w.o
         2          0          0          0          0          0   rtexit.o
        10          0          0          0          0          0   rtexit2.o
        12          4          0          0          0         68   sys_exit.o
        74          0          0          0          0         80   sys_stackheap_outer.o
         2          0          0          0          0         68   use_no_semi.o
        10          0          0          0          0        116   fpinit.o

    ----------------------------------------------------------------------
       608         16          0          0        100        880   Library Totals
         6          0          0          0          4          0   (incl. Padding)

    ----------------------------------------------------------------------

      Code (inc. data)   RO Data    RW Data    ZI Data      Debug   Library Name

       592         16          0          0         96        764   c_w.l
        10          0          0          0          0        116   fz_wm.l

    ----------------------------------------------------------------------
       608         16          0          0        100        880   Library Totals

    ----------------------------------------------------------------------

==============================================================================


      Code (inc. data)   RO Data    RW Data    ZI Data      Debug   

     14902       1136        522        132      24756     981102   Grand Totals
     14902       1136        522        132      24756     981102   ELF Image Totals
     14902       1136        522        132          0          0   ROM Totals

==============================================================================

    Total RO  Size (Code + RO Data)                15424 (  15.06kB)
    Total RW  Size (RW Data + ZI Data)             24888 (  24.30kB)
    Total ROM Size (Code + RO Data + RW Data)      15556 (  15.19kB)

==============================================================================

