<html>
<body>
<pre>
<h1>礦ision Build Log</h1>
<h2>Tool Versions:</h2>
IDE-Version: μVision V5.35.0.0
Copyright (C) 2021 ARM Ltd and ARM Germany GmbH. All rights reserved.
License Information: 1 1, 1, LIC=585FJ-U2VW6-HLHCL-0BYI9-WEZBA-MSHDY
 
Tool Versions:
Toolchain:       MDK-ARM Plus  Version: 5.35.0.2
Toolchain Path:  E:\mdk5\ARM\ARMCC\Bin
C Compiler:      Armcc.exe V5.06 update 7 (build 960)
Assembler:       Armasm.exe V5.06 update 7 (build 960)
Linker/Locator:  ArmLink.exe V5.06 update 7 (build 960)
Library Manager: ArmAr.exe V5.06 update 7 (build 960)
Hex Converter:   FromElf.exe V5.06 update 7 (build 960)
CPU DLL:         SARMCM3.DLL V5.35.0.2
Dialog DLL:      DCM.DLL V1.17.3.0
Target DLL:      CMSIS_AGDI.dll V1.33.0.0
Dialog DLL:      TCM.DLL V1.53.0.0
 
<h2>Project:</h2>
D:\项目文件\SVCRTOS\example\stm32f427\kernel\SVCRTOS_TEST\MDK-ARM\SVCRTOS_TEST.uvprojx
Project File Date:  06/21/2026

<h2>Output:</h2>
*** Using Compiler 'V5.06 update 7 (build 960)', folder: 'E:\mdk5\ARM\ARMCC\Bin'
Rebuild target 'SVCRTOS_TEST'
Note: source file '../Core/Src/system_stm32f4xx.c' - object file renamed from 'SVCRTOS_TEST\system_stm32f4xx.o' to 'SVCRTOS_TEST\system_stm32f4xx_1.o'.
assembling startup_stm32f427xx.s...
compiling svcrt_fifo.c...
compiling svcrt_sync.c...
compiling oslib.c...
compiling rtc.c...
compiling usart.c...
compiling system_stm32f4xx.c...
compiling svcrt_dev.c...
compiling stm32f4xx_hal_msp.c...
compiling svcrt_task.c...
assembling svcrt_context.S...
compiling svcrt_cfg.c...
compiling svcrt_event.c...
compiling sdio.c...
compiling usb_otg.c...
compiling stm32f4xx_it.c...
compiling gpio.c...
compiling main.c...
compiling spi.c...
compiling drvuart.c...
compiling stm32f4xx_hal_flash_ramfunc.c...
compiling svcrt_port.c...
compiling svcrt_board.c...
compiling stm32f4xx_hal_rcc.c...
compiling stm32f4xx_hal_rtc.c...
compiling stm32f4xx_hal_rtc_ex.c...
compiling stm32f4xx_hal_flash_ex.c...
compiling stm32f4xx_hal_gpio.c...
compiling drvled.c...
compiling stm32f4xx_hal_flash.c...
compiling stm32f4xx_hal_dma.c...
compiling stm32f4xx_hal_dma_ex.c...
compiling stm32f4xx_hal_pwr.c...
compiling stm32f4xx_hal_rcc_ex.c...
compiling stm32f4xx_hal_cortex.c...
compiling stm32f4xx_ll_sdmmc.c...
compiling stm32f4xx_hal_pwr_ex.c...
compiling stm32f4xx_hal_exti.c...
compiling stm32f4xx_hal.c...
compiling stm32f4xx_hal_uart.c...
compiling stm32f4xx_hal_pcd_ex.c...
compiling stm32f4xx_hal_spi.c...
compiling stm32f4xx_hal_sd.c...
compiling stm32f4xx_hal_mmc.c...
compiling stm32f4xx_hal_pcd.c...
compiling stm32f4xx_ll_usb.c...
linking...
Program Size: Code=10078 RO-data=490 RW-data=84 ZI-data=17860  
FromELF: creating hex file...
"SVCRTOS_TEST\SVCRTOS_TEST.axf" - 0 Error(s), 0 Warning(s).

<h2>Software Packages used:</h2>

Package Vendor: ARM
                http://www.keil.com/pack/ARM.CMSIS.5.8.0.pack
                ARM.CMSIS.5.8.0
                CMSIS (Common Microcontroller Software Interface Standard)
   * Component: CORE Version: 5.5.0

Package Vendor: Keil
                https://www.keil.com/pack/Keil.STM32F4xx_DFP.2.17.0.pack
                Keil.STM32F4xx_DFP.2.17.0
                STMicroelectronics STM32F4 Series Device Support, Drivers and Examples

<h2>Collection of Component include folders:</h2>
  .\RTE\_SVCRTOS_TEST
  E:\mdk5\pack\ARM\CMSIS\5.8.0\CMSIS\Core\Include
  E:\mdk5\pack\Keil\STM32F4xx_DFP\2.17.0\Drivers\CMSIS\Device\ST\STM32F4xx\Include

<h2>Collection of Component Files used:</h2>

   * Component: ARM::CMSIS:CORE:5.5.0
      Include file:  CMSIS\Core\Include\tz_context.h
Build Time Elapsed:  00:00:22
</pre>
</body>
</html>
