Component: ARM Compiler 5.06 update 7 (build 960) Tool: armlink [4d3601]

==============================================================================

Section Cross References

    bled_drv.o(i.DrvMain) refers to svcrt_driver_bridge.o(i.svcrt_drv_register) for svcrt_drv_register
    bled_drv.o(i.DrvMain) refers to svcrt_drv_oslib.o(i.svcrt_task_wait) for svcrt_task_wait
    bled_drv.o(i.DrvMain) refers to bled_drv.o(.data) for bled_drv
    bled_drv.o(i.bled_drv_close) refers to bled_drv.o(i.bled_set) for bled_set
    bled_drv.o(i.bled_drv_ctrl) refers to bled_drv.o(i.bled_set) for bled_set
    bled_drv.o(i.bled_drv_open) refers to bled_drv.o(i.bled_set) for bled_set
    bled_drv.o(i.bled_drv_open) refers to bled_drv.o(.data) for bled_obj
    bled_drv.o(i.bled_drv_write) refers to bled_drv.o(i.bled_set) for bled_set
    bled_drv.o(.data) refers to bled_drv.o(i.bled_drv_open) for bled_drv_open
    bled_drv.o(.data) refers to bled_drv.o(i.bled_drv_close) for bled_drv_close
    bled_drv.o(.data) refers to bled_drv.o(i.bled_drv_read) for bled_drv_read
    bled_drv.o(.data) refers to bled_drv.o(i.bled_drv_write) for bled_drv_write
    bled_drv.o(.data) refers to bled_drv.o(i.bled_drv_ctrl) for bled_drv_ctrl
    svcrt_drv_main.o(i.main) refers to bled_drv.o(i.DrvMain) for DrvMain
    svcrt_drv_start.o(RESET) refers to __main.o(!!!main) for __main
    __main.o(!!!main) refers to __rtentry.o(.ARM.Collect$$rtentry$$00000000) for __rt_entry
    __rtentry.o(.ARM.Collect$$rtentry$$00000000) refers (Special) to __rtentry2.o(.ARM.Collect$$rtentry$$0000000A) for __rt_entry_li
    __rtentry.o(.ARM.Collect$$rtentry$$00000000) refers (Special) to __rtentry2.o(.ARM.Collect$$rtentry$$0000000D) for __rt_entry_main
    __rtentry.o(.ARM.Collect$$rtentry$$00000000) refers (Special) to __rtentry2.o(.ARM.Collect$$rtentry$$0000000C) for __rt_entry_postli_1
    __rtentry.o(.ARM.Collect$$rtentry$$00000000) refers (Special) to __rtentry2.o(.ARM.Collect$$rtentry$$00000009) for __rt_entry_postsh_1
    __rtentry.o(.ARM.Collect$$rtentry$$00000000) refers (Special) to __rtentry2.o(.ARM.Collect$$rtentry$$00000002) for __rt_entry_presh_1
    __rtentry.o(.ARM.Collect$$rtentry$$00000000) refers (Special) to __rtentry7.o(.ARM.Collect$$rtentry$$00000007) for __rt_entry_sh
    __rtentry2.o(.ARM.Collect$$rtentry$$00000008) refers to boardinit2.o(.text) for _platform_post_stackheap_init
    __rtentry2.o(.ARM.Collect$$rtentry$$0000000A) refers to libinit.o(.ARM.Collect$$libinit$$00000000) for __rt_lib_init
    __rtentry2.o(.ARM.Collect$$rtentry$$0000000B) refers to boardinit3.o(.text) for _platform_post_lib_init
    __rtentry2.o(.ARM.Collect$$rtentry$$0000000D) refers to svcrt_drv_main.o(i.main) for main
    __rtentry2.o(.ARM.Collect$$rtentry$$0000000D) refers to exit.o(.text) for exit
    __rtentry2.o(.ARM.exidx) refers to __rtentry2.o(.ARM.Collect$$rtentry$$00000001) for .ARM.Collect$$rtentry$$00000001
    __rtentry2.o(.ARM.exidx) refers to __rtentry2.o(.ARM.Collect$$rtentry$$00000008) for .ARM.Collect$$rtentry$$00000008
    __rtentry2.o(.ARM.exidx) refers to __rtentry2.o(.ARM.Collect$$rtentry$$0000000A) for .ARM.Collect$$rtentry$$0000000A
    __rtentry2.o(.ARM.exidx) refers to __rtentry2.o(.ARM.Collect$$rtentry$$0000000B) for .ARM.Collect$$rtentry$$0000000B
    __rtentry2.o(.ARM.exidx) refers to __rtentry2.o(.ARM.Collect$$rtentry$$0000000D) for .ARM.Collect$$rtentry$$0000000D
    __rtentry4.o(.ARM.Collect$$rtentry$$00000004) refers to sys_stackheap_outer.o(.text) for __user_setup_stackheap
    __rtentry4.o(.ARM.exidx) refers to __rtentry4.o(.ARM.Collect$$rtentry$$00000004) for .ARM.Collect$$rtentry$$00000004
    __rtentry7.o(.ARM.Collect$$rtentry$$00000007) refers to __rtentry7.o(.ARM.Collect$$rtentry$$00002718) for __lit__00000000
    __rtentry7.o(__vectab_stack_and_reset_2_area) refers to __main.o(!!!main) for __main
    __rtentry7.o(.ARM.exidx) refers to __rtentry7.o(.ARM.Collect$$rtentry$$00000007) for .ARM.Collect$$rtentry$$00000007
    __rtentry7.o(.ARM.exidx) refers to __rtentry7.o(.ARM.Collect$$rtentry$$00002718) for .ARM.Collect$$rtentry$$00002718
    sys_stackheap_outer.o(.text) refers to libspace.o(.text) for __user_perproc_libspace
    sys_stackheap_outer.o(.text) refers to sys_stackheap.o(.text) for __user_initial_stackheap
    exit.o(.text) refers to rtexit.o(.ARM.Collect$$rtexit$$00000000) for __rt_exit
    libinit.o(.ARM.Collect$$libinit$$00000000) refers (Special) to libinit2.o(.ARM.Collect$$libinit$$0000002E) for __rt_lib_init_alloca_1
    libinit.o(.ARM.Collect$$libinit$$00000000) refers (Special) to libinit2.o(.ARM.Collect$$libinit$$0000002C) for __rt_lib_init_argv_1
    libinit.o(.ARM.Collect$$libinit$$00000000) refers (Special) to libinit2.o(.ARM.Collect$$libinit$$0000001B) for __rt_lib_init_atexit_1
    libinit.o(.ARM.Collect$$libinit$$00000000) refers (Special) to libinit2.o(.ARM.Collect$$libinit$$00000021) for __rt_lib_init_clock_1
    libinit.o(.ARM.Collect$$libinit$$00000000) refers (Special) to libinit2.o(.ARM.Collect$$libinit$$00000032) for __rt_lib_init_cpp_1
    libinit.o(.ARM.Collect$$libinit$$00000000) refers (Special) to libinit2.o(.ARM.Collect$$libinit$$00000030) for __rt_lib_init_exceptions_1
    libinit.o(.ARM.Collect$$libinit$$00000000) refers (Special) to libinit2.o(.ARM.Collect$$libinit$$00000001) for __rt_lib_init_fp_1
    libinit.o(.ARM.Collect$$libinit$$00000000) refers (Special) to libinit2.o(.ARM.Collect$$libinit$$0000001F) for __rt_lib_init_fp_trap_1
    libinit.o(.ARM.Collect$$libinit$$00000000) refers (Special) to libinit2.o(.ARM.Collect$$libinit$$00000023) for __rt_lib_init_getenv_1
    libinit.o(.ARM.Collect$$libinit$$00000000) refers (Special) to libinit2.o(.ARM.Collect$$libinit$$0000000A) for __rt_lib_init_heap_1
    libinit.o(.ARM.Collect$$libinit$$00000000) refers (Special) to libinit2.o(.ARM.Collect$$libinit$$00000011) for __rt_lib_init_lc_collate_1
    libinit.o(.ARM.Collect$$libinit$$00000000) refers (Special) to libinit2.o(.ARM.Collect$$libinit$$00000013) for __rt_lib_init_lc_ctype_1
    libinit.o(.ARM.Collect$$libinit$$00000000) refers (Special) to libinit2.o(.ARM.Collect$$libinit$$00000015) for __rt_lib_init_lc_monetary_1
    libinit.o(.ARM.Collect$$libinit$$00000000) refers (Special) to libinit2.o(.ARM.Collect$$libinit$$00000017) for __rt_lib_init_lc_numeric_1
    libinit.o(.ARM.Collect$$libinit$$00000000) refers (Special) to libinit2.o(.ARM.Collect$$libinit$$00000019) for __rt_lib_init_lc_time_1
    libinit.o(.ARM.Collect$$libinit$$00000000) refers (Special) to libinit2.o(.ARM.Collect$$libinit$$00000004) for __rt_lib_init_preinit_1
    libinit.o(.ARM.Collect$$libinit$$00000000) refers (Special) to libinit2.o(.ARM.Collect$$libinit$$0000000E) for __rt_lib_init_rand_1
    libinit.o(.ARM.Collect$$libinit$$00000000) refers (Special) to libinit2.o(.ARM.Collect$$libinit$$00000033) for __rt_lib_init_return
    libinit.o(.ARM.Collect$$libinit$$00000000) refers (Special) to libinit2.o(.ARM.Collect$$libinit$$0000001D) for __rt_lib_init_signal_1
    libinit.o(.ARM.Collect$$libinit$$00000000) refers (Special) to libinit2.o(.ARM.Collect$$libinit$$00000025) for __rt_lib_init_stdio_1
    libinit.o(.ARM.Collect$$libinit$$00000000) refers (Special) to libinit2.o(.ARM.Collect$$libinit$$0000000C) for __rt_lib_init_user_alloc_1
    libspace.o(.text) refers to libspace.o(.bss) for __libspace_start
    sys_stackheap.o(.text) refers (Special) to indicate_semi.o(.text) for __semihosting_library_function
    sys_stackheap.o(.text) refers to use_no_semi.o(.text) for __I$use$semihosting
    rtexit.o(.ARM.Collect$$rtexit$$00000000) refers (Special) to rtexit2.o(.ARM.Collect$$rtexit$$00000004) for __rt_exit_exit
    rtexit.o(.ARM.Collect$$rtexit$$00000000) refers (Special) to rtexit2.o(.ARM.Collect$$rtexit$$00000003) for __rt_exit_ls
    rtexit.o(.ARM.Collect$$rtexit$$00000000) refers (Special) to rtexit2.o(.ARM.Collect$$rtexit$$00000002) for __rt_exit_prels_1
    rtexit.o(.ARM.exidx) refers (Special) to rtexit2.o(.ARM.Collect$$rtexit$$00000004) for __rt_exit_exit
    rtexit.o(.ARM.exidx) refers (Special) to rtexit2.o(.ARM.Collect$$rtexit$$00000003) for __rt_exit_ls
    rtexit.o(.ARM.exidx) refers (Special) to rtexit2.o(.ARM.Collect$$rtexit$$00000002) for __rt_exit_prels_1
    rtexit.o(.ARM.exidx) refers to rtexit.o(.ARM.Collect$$rtexit$$00000000) for .ARM.Collect$$rtexit$$00000000
    libinit2.o(.ARM.Collect$$libinit$$00000001) refers to fpinit.o(x$fpl$fpinit) for _fp_init
    libinit2.o(.ARM.Collect$$libinit$$00000010) refers to libinit2.o(.ARM.Collect$$libinit$$0000000F) for .ARM.Collect$$libinit$$0000000F
    libinit2.o(.ARM.Collect$$libinit$$00000012) refers to libinit2.o(.ARM.Collect$$libinit$$0000000F) for .ARM.Collect$$libinit$$0000000F
    libinit2.o(.ARM.Collect$$libinit$$00000014) refers to libinit2.o(.ARM.Collect$$libinit$$0000000F) for .ARM.Collect$$libinit$$0000000F
    libinit2.o(.ARM.Collect$$libinit$$00000016) refers to libinit2.o(.ARM.Collect$$libinit$$0000000F) for .ARM.Collect$$libinit$$0000000F
    libinit2.o(.ARM.Collect$$libinit$$00000018) refers to libinit2.o(.ARM.Collect$$libinit$$0000000F) for .ARM.Collect$$libinit$$0000000F
    libinit2.o(.ARM.Collect$$libinit$$00000026) refers to argv_veneer.o(.emb_text) for __ARM_argv_veneer
    libinit2.o(.ARM.Collect$$libinit$$00000027) refers to argv_veneer.o(.emb_text) for __ARM_argv_veneer
    rtexit2.o(.ARM.Collect$$rtexit$$00000003) refers to libshutdown.o(.ARM.Collect$$libshutdown$$00000000) for __rt_lib_shutdown
    rtexit2.o(.ARM.Collect$$rtexit$$00000004) refers to sys_exit.o(.text) for _sys_exit
    rtexit2.o(.ARM.exidx) refers to rtexit2.o(.ARM.Collect$$rtexit$$00000001) for .ARM.Collect$$rtexit$$00000001
    rtexit2.o(.ARM.exidx) refers to rtexit2.o(.ARM.Collect$$rtexit$$00000003) for .ARM.Collect$$rtexit$$00000003
    rtexit2.o(.ARM.exidx) refers to rtexit2.o(.ARM.Collect$$rtexit$$00000004) for .ARM.Collect$$rtexit$$00000004
    argv_veneer.o(.emb_text) refers to no_argv.o(.text) for __ARM_get_argv
    sys_exit.o(.text) refers (Special) to use_no_semi.o(.text) for __I$use$semihosting
    sys_exit.o(.text) refers (Special) to indicate_semi.o(.text) for __semihosting_library_function
    _get_argv_nomalloc.o(.text) refers (Special) to hrguard.o(.text) for __heap_region$guard
    _get_argv_nomalloc.o(.text) refers to defsig_rtmem_outer.o(.text) for __rt_SIGRTMEM
    _get_argv_nomalloc.o(.text) refers to sys_command.o(.text) for _sys_command_string
    libshutdown.o(.ARM.Collect$$libshutdown$$00000000) refers (Special) to libshutdown2.o(.ARM.Collect$$libshutdown$$00000004) for __rt_lib_shutdown_cpp_1
    libshutdown.o(.ARM.Collect$$libshutdown$$00000000) refers (Special) to libshutdown2.o(.ARM.Collect$$libshutdown$$00000002) for __rt_lib_shutdown_fini_1
    libshutdown.o(.ARM.Collect$$libshutdown$$00000000) refers (Special) to libshutdown2.o(.ARM.Collect$$libshutdown$$00000009) for __rt_lib_shutdown_fp_trap_1
    libshutdown.o(.ARM.Collect$$libshutdown$$00000000) refers (Special) to libshutdown2.o(.ARM.Collect$$libshutdown$$00000011) for __rt_lib_shutdown_heap_1
    libshutdown.o(.ARM.Collect$$libshutdown$$00000000) refers (Special) to libshutdown2.o(.ARM.Collect$$libshutdown$$00000012) for __rt_lib_shutdown_return
    libshutdown.o(.ARM.Collect$$libshutdown$$00000000) refers (Special) to libshutdown2.o(.ARM.Collect$$libshutdown$$0000000C) for __rt_lib_shutdown_signal_1
    libshutdown.o(.ARM.Collect$$libshutdown$$00000000) refers (Special) to libshutdown2.o(.ARM.Collect$$libshutdown$$00000006) for __rt_lib_shutdown_stdio_1
    libshutdown.o(.ARM.Collect$$libshutdown$$00000000) refers (Special) to libshutdown2.o(.ARM.Collect$$libshutdown$$0000000E) for __rt_lib_shutdown_user_alloc_1
    sys_command.o(.text) refers (Special) to use_no_semi.o(.text) for __I$use$semihosting
    sys_command.o(.text) refers (Special) to indicate_semi.o(.text) for __semihosting_library_function
    defsig_rtmem_outer.o(.text) refers to defsig_rtmem_inner.o(.text) for __rt_SIGRTMEM_inner
    defsig_rtmem_outer.o(.text) refers to defsig_exit.o(.text) for __sig_exit
    defsig_rtmem_formal.o(.text) refers to rt_raise.o(.text) for __rt_raise
    rt_raise.o(.text) refers to __raise.o(.text) for __raise
    rt_raise.o(.text) refers to sys_exit.o(.text) for _sys_exit
    defsig_exit.o(.text) refers to sys_exit.o(.text) for _sys_exit
    defsig_rtmem_inner.o(.text) refers to defsig_general.o(.text) for __default_signal_display
    __raise.o(.text) refers to defsig.o(CL$$defsig) for __default_signal_handler
    defsig_general.o(.text) refers to sys_wrch.o(.text) for _ttywrch
    sys_wrch.o(.text) refers (Special) to use_no_semi.o(.text) for __I$use$semihosting
    sys_wrch.o(.text) refers (Special) to indicate_semi.o(.text) for __semihosting_library_function
    defsig.o(CL$$defsig) refers to defsig_rtmem_inner.o(.text) for __rt_SIGRTMEM_inner
    defsig_abrt_inner.o(.text) refers to defsig_general.o(.text) for __default_signal_display
    defsig_fpe_inner.o(.text) refers to defsig_general.o(.text) for __default_signal_display
    defsig_rtred_inner.o(.text) refers to defsig_general.o(.text) for __default_signal_display
    defsig_stak_inner.o(.text) refers to defsig_general.o(.text) for __default_signal_display
    defsig_pvfn_inner.o(.text) refers to defsig_general.o(.text) for __default_signal_display
    defsig_cppl_inner.o(.text) refers to defsig_general.o(.text) for __default_signal_display
    defsig_segv_inner.o(.text) refers to defsig_general.o(.text) for __default_signal_display
    defsig_other.o(.text) refers to defsig_general.o(.text) for __default_signal_display


==============================================================================

Removing Unused input sections from the image.

    Removing svcrt_drv_main.o(i.DrvMain), (2 bytes).
    Removing svcrt_driver_bridge.o(i.svcrt_drv_get_count), (14 bytes).
    Removing svcrt_driver_bridge.o(i.svcrt_drv_unregister), (18 bytes).
    Removing svcrt_drv_oslib.o(i.svcrt_event_create), (16 bytes).
    Removing svcrt_drv_oslib.o(i.svcrt_event_set), (16 bytes).
    Removing svcrt_drv_oslib.o(i.svcrt_event_wait), (20 bytes).
    Removing svcrt_drv_oslib.o(i.svcrt_get_time_ms), (6 bytes).
    Removing svcrt_drv_oslib.o(i.svcrt_task_delay), (12 bytes).
    Removing svcrt_drv_oslib.o(i.svcrt_task_wait_period), (8 bytes).

9 unused section(s) (total 112 bytes) removed from the image.

==============================================================================

Image Symbol Table

    Local Symbols

    Symbol Name                              Value     Ov Type        Size  Object(Section)

    ../clib/angel/boardlib.s                 0x00000000   Number         0  boardinit3.o ABSOLUTE
    ../clib/angel/boardlib.s                 0x00000000   Number         0  boardinit2.o ABSOLUTE
    ../clib/angel/boardlib.s                 0x00000000   Number         0  boardinit1.o ABSOLUTE
    ../clib/angel/boardlib.s                 0x00000000   Number         0  boardshut.o ABSOLUTE
    ../clib/angel/handlers.s                 0x00000000   Number         0  __scatter_copy.o ABSOLUTE
    ../clib/angel/kernel.s                   0x00000000   Number         0  rtexit.o ABSOLUTE
    ../clib/angel/kernel.s                   0x00000000   Number         0  rtexit2.o ABSOLUTE
    ../clib/angel/kernel.s                   0x00000000   Number         0  __rtentry.o ABSOLUTE
    ../clib/angel/kernel.s                   0x00000000   Number         0  __rtentry7.o ABSOLUTE
    ../clib/angel/kernel.s                   0x00000000   Number         0  __rtentry4.o ABSOLUTE
    ../clib/angel/kernel.s                   0x00000000   Number         0  __rtentry2.o ABSOLUTE
    ../clib/angel/rt.s                       0x00000000   Number         0  rt_raise.o ABSOLUTE
    ../clib/angel/scatter.s                  0x00000000   Number         0  __scatter.o ABSOLUTE
    ../clib/angel/startup.s                  0x00000000   Number         0  __main.o ABSOLUTE
    ../clib/angel/sys.s                      0x00000000   Number         0  indicate_semi.o ABSOLUTE
    ../clib/angel/sys.s                      0x00000000   Number         0  use_no_semi.o ABSOLUTE
    ../clib/angel/sys.s                      0x00000000   Number         0  libspace.o ABSOLUTE
    ../clib/angel/sys.s                      0x00000000   Number         0  sys_stackheap.o ABSOLUTE
    ../clib/angel/sys.s                      0x00000000   Number         0  sys_stackheap_outer.o ABSOLUTE
    ../clib/angel/sysapp.c                   0x00000000   Number         0  sys_exit.o ABSOLUTE
    ../clib/angel/sysapp.c                   0x00000000   Number         0  sys_wrch.o ABSOLUTE
    ../clib/angel/sysapp.c                   0x00000000   Number         0  sys_command.o ABSOLUTE
    ../clib/armsys.c                         0x00000000   Number         0  argv_veneer.o ABSOLUTE
    ../clib/armsys.c                         0x00000000   Number         0  argv_veneer.o ABSOLUTE
    ../clib/armsys.c                         0x00000000   Number         0  _get_argv_nomalloc.o ABSOLUTE
    ../clib/armsys.c                         0x00000000   Number         0  no_argv.o ABSOLUTE
    ../clib/heapalloc.c                      0x00000000   Number         0  hrguard.o ABSOLUTE
    ../clib/libinit.s                        0x00000000   Number         0  libinit2.o ABSOLUTE
    ../clib/libinit.s                        0x00000000   Number         0  libinit.o ABSOLUTE
    ../clib/libinit.s                        0x00000000   Number         0  libshutdown2.o ABSOLUTE
    ../clib/libinit.s                        0x00000000   Number         0  libshutdown.o ABSOLUTE
    ../clib/signal.c                         0x00000000   Number         0  defsig_general.o ABSOLUTE
    ../clib/signal.c                         0x00000000   Number         0  __raise.o ABSOLUTE
    ../clib/signal.c                         0x00000000   Number         0  defsig_exit.o ABSOLUTE
    ../clib/signal.c                         0x00000000   Number         0  defsig_rtmem_formal.o ABSOLUTE
    ../clib/signal.c                         0x00000000   Number         0  defsig_rtmem_outer.o ABSOLUTE
    ../clib/signal.c                         0x00000000   Number         0  defsig_abrt_inner.o ABSOLUTE
    ../clib/signal.c                         0x00000000   Number         0  defsig_fpe_inner.o ABSOLUTE
    ../clib/signal.c                         0x00000000   Number         0  defsig_rtred_inner.o ABSOLUTE
    ../clib/signal.c                         0x00000000   Number         0  defsig_pvfn_inner.o ABSOLUTE
    ../clib/signal.c                         0x00000000   Number         0  defsig_rtmem_inner.o ABSOLUTE
    ../clib/signal.c                         0x00000000   Number         0  defsig_stak_inner.o ABSOLUTE
    ../clib/signal.c                         0x00000000   Number         0  defsig_cppl_inner.o ABSOLUTE
    ../clib/signal.c                         0x00000000   Number         0  defsig_segv_inner.o ABSOLUTE
    ../clib/signal.c                         0x00000000   Number         0  defsig_other.o ABSOLUTE
    ../clib/signal.s                         0x00000000   Number         0  defsig.o ABSOLUTE
    ../clib/stdlib.c                         0x00000000   Number         0  exit.o ABSOLUTE
    ../fplib/fpinit.s                        0x00000000   Number         0  fpinit.o ABSOLUTE
    ..\..\..\..\..\kernelsrc\sdk\driver_sdk\svcrt_driver_bridge.c 0x00000000   Number         0  svcrt_driver_bridge.o ABSOLUTE
    ..\..\..\..\..\kernelsrc\sdk\driver_sdk\svcrt_drv_main.c 0x00000000   Number         0  svcrt_drv_main.o ABSOLUTE
    ..\..\..\..\..\kernelsrc\sdk\driver_sdk\svcrt_drv_oslib.c 0x00000000   Number         0  svcrt_drv_oslib.o ABSOLUTE
    ..\..\..\..\..\kernelsrc\sdk\driver_sdk\svcrt_drv_start.s 0x00000000   Number         0  svcrt_drv_start.o ABSOLUTE
    ..\Src\bled_drv.c                        0x00000000   Number         0  bled_drv.o ABSOLUTE
    dc.s                                     0x00000000   Number         0  dc.o ABSOLUTE
    RESET                                    0x08060000   Section       16  svcrt_drv_start.o(RESET)
    $v0                                      0x08060000   Number         0  svcrt_drv_start.o(RESET)
    !!!main                                  0x08060010   Section        8  __main.o(!!!main)
    !!!scatter                               0x08060018   Section       52  __scatter.o(!!!scatter)
    !!handler_copy                           0x0806004c   Section       26  __scatter_copy.o(!!handler_copy)
    .ARM.Collect$$libinit$$00000000          0x08060066   Section        2  libinit.o(.ARM.Collect$$libinit$$00000000)
    .ARM.Collect$$libinit$$00000001          0x08060068   Section        4  libinit2.o(.ARM.Collect$$libinit$$00000001)
    .ARM.Collect$$libinit$$00000004          0x0806006c   Section        0  libinit2.o(.ARM.Collect$$libinit$$00000004)
    .ARM.Collect$$libinit$$0000000A          0x0806006c   Section        0  libinit2.o(.ARM.Collect$$libinit$$0000000A)
    .ARM.Collect$$libinit$$0000000C          0x0806006c   Section        0  libinit2.o(.ARM.Collect$$libinit$$0000000C)
    .ARM.Collect$$libinit$$0000000E          0x0806006c   Section        0  libinit2.o(.ARM.Collect$$libinit$$0000000E)
    .ARM.Collect$$libinit$$00000011          0x0806006c   Section        0  libinit2.o(.ARM.Collect$$libinit$$00000011)
    .ARM.Collect$$libinit$$00000013          0x0806006c   Section        0  libinit2.o(.ARM.Collect$$libinit$$00000013)
    .ARM.Collect$$libinit$$00000015          0x0806006c   Section        0  libinit2.o(.ARM.Collect$$libinit$$00000015)
    .ARM.Collect$$libinit$$00000017          0x0806006c   Section        0  libinit2.o(.ARM.Collect$$libinit$$00000017)
    .ARM.Collect$$libinit$$00000019          0x0806006c   Section        0  libinit2.o(.ARM.Collect$$libinit$$00000019)
    .ARM.Collect$$libinit$$0000001B          0x0806006c   Section        0  libinit2.o(.ARM.Collect$$libinit$$0000001B)
    .ARM.Collect$$libinit$$0000001D          0x0806006c   Section        0  libinit2.o(.ARM.Collect$$libinit$$0000001D)
    .ARM.Collect$$libinit$$0000001F          0x0806006c   Section        0  libinit2.o(.ARM.Collect$$libinit$$0000001F)
    .ARM.Collect$$libinit$$00000021          0x0806006c   Section        0  libinit2.o(.ARM.Collect$$libinit$$00000021)
    .ARM.Collect$$libinit$$00000023          0x0806006c   Section        0  libinit2.o(.ARM.Collect$$libinit$$00000023)
    .ARM.Collect$$libinit$$00000025          0x0806006c   Section        0  libinit2.o(.ARM.Collect$$libinit$$00000025)
    .ARM.Collect$$libinit$$0000002C          0x0806006c   Section        0  libinit2.o(.ARM.Collect$$libinit$$0000002C)
    .ARM.Collect$$libinit$$0000002E          0x0806006c   Section        0  libinit2.o(.ARM.Collect$$libinit$$0000002E)
    .ARM.Collect$$libinit$$00000030          0x0806006c   Section        0  libinit2.o(.ARM.Collect$$libinit$$00000030)
    .ARM.Collect$$libinit$$00000032          0x0806006c   Section        0  libinit2.o(.ARM.Collect$$libinit$$00000032)
    .ARM.Collect$$libinit$$00000033          0x0806006c   Section        2  libinit2.o(.ARM.Collect$$libinit$$00000033)
    .ARM.Collect$$libshutdown$$00000000      0x0806006e   Section        2  libshutdown.o(.ARM.Collect$$libshutdown$$00000000)
    .ARM.Collect$$libshutdown$$00000002      0x08060070   Section        0  libshutdown2.o(.ARM.Collect$$libshutdown$$00000002)
    .ARM.Collect$$libshutdown$$00000004      0x08060070   Section        0  libshutdown2.o(.ARM.Collect$$libshutdown$$00000004)
    .ARM.Collect$$libshutdown$$00000006      0x08060070   Section        0  libshutdown2.o(.ARM.Collect$$libshutdown$$00000006)
    .ARM.Collect$$libshutdown$$00000009      0x08060070   Section        0  libshutdown2.o(.ARM.Collect$$libshutdown$$00000009)
    .ARM.Collect$$libshutdown$$0000000C      0x08060070   Section        0  libshutdown2.o(.ARM.Collect$$libshutdown$$0000000C)
    .ARM.Collect$$libshutdown$$0000000E      0x08060070   Section        0  libshutdown2.o(.ARM.Collect$$libshutdown$$0000000E)
    .ARM.Collect$$libshutdown$$00000011      0x08060070   Section        0  libshutdown2.o(.ARM.Collect$$libshutdown$$00000011)
    .ARM.Collect$$libshutdown$$00000012      0x08060070   Section        2  libshutdown2.o(.ARM.Collect$$libshutdown$$00000012)
    .ARM.Collect$$rtentry$$00000000          0x08060072   Section        0  __rtentry.o(.ARM.Collect$$rtentry$$00000000)
    .ARM.Collect$$rtentry$$00000002          0x08060072   Section        0  __rtentry2.o(.ARM.Collect$$rtentry$$00000002)
    .ARM.Collect$$rtentry$$00000007          0x08060072   Section        4  __rtentry7.o(.ARM.Collect$$rtentry$$00000007)
    .ARM.Collect$$rtentry$$00000009          0x08060076   Section        0  __rtentry2.o(.ARM.Collect$$rtentry$$00000009)
    .ARM.Collect$$rtentry$$0000000A          0x08060076   Section        4  __rtentry2.o(.ARM.Collect$$rtentry$$0000000A)
    .ARM.Collect$$rtentry$$0000000C          0x0806007a   Section        0  __rtentry2.o(.ARM.Collect$$rtentry$$0000000C)
    .ARM.Collect$$rtentry$$0000000D          0x0806007a   Section        8  __rtentry2.o(.ARM.Collect$$rtentry$$0000000D)
    .ARM.Collect$$rtentry$$00002718          0x08060084   Section        4  __rtentry7.o(.ARM.Collect$$rtentry$$00002718)
    __lit__00000000                          0x08060084   Data           4  __rtentry7.o(.ARM.Collect$$rtentry$$00002718)
    .ARM.Collect$$rtexit$$00000000           0x08060088   Section        2  rtexit.o(.ARM.Collect$$rtexit$$00000000)
    .ARM.Collect$$rtexit$$00000002           0x0806008a   Section        0  rtexit2.o(.ARM.Collect$$rtexit$$00000002)
    .ARM.Collect$$rtexit$$00000003           0x0806008a   Section        4  rtexit2.o(.ARM.Collect$$rtexit$$00000003)
    .ARM.Collect$$rtexit$$00000004           0x0806008e   Section        6  rtexit2.o(.ARM.Collect$$rtexit$$00000004)
    .text                                    0x08060094   Section        0  exit.o(.text)
    .text                                    0x080600a6   Section        2  use_no_semi.o(.text)
    .text                                    0x080600a8   Section        0  indicate_semi.o(.text)
    .text                                    0x080600a8   Section        0  sys_exit.o(.text)
    i.DrvMain                                0x080600b4   Section        0  bled_drv.o(i.DrvMain)
    i.bled_drv_close                         0x080600d8   Section        0  bled_drv.o(i.bled_drv_close)
    bled_drv_close                           0x080600d9   Thumb Code    18  bled_drv.o(i.bled_drv_close)
    i.bled_drv_ctrl                          0x080600ea   Section        0  bled_drv.o(i.bled_drv_ctrl)
    bled_drv_ctrl                            0x080600eb   Thumb Code    72  bled_drv.o(i.bled_drv_ctrl)
    i.bled_drv_open                          0x08060134   Section        0  bled_drv.o(i.bled_drv_open)
    bled_drv_open                            0x08060135   Thumb Code    90  bled_drv.o(i.bled_drv_open)
    i.bled_drv_read                          0x0806019c   Section        0  bled_drv.o(i.bled_drv_read)
    bled_drv_read                            0x0806019d   Thumb Code    36  bled_drv.o(i.bled_drv_read)
    i.bled_drv_write                         0x080601c0   Section        0  bled_drv.o(i.bled_drv_write)
    bled_drv_write                           0x080601c1   Thumb Code    72  bled_drv.o(i.bled_drv_write)
    i.bled_set                               0x08060208   Section        0  bled_drv.o(i.bled_set)
    bled_set                                 0x08060209   Thumb Code    20  bled_drv.o(i.bled_set)
    i.main                                   0x08060220   Section        0  svcrt_drv_main.o(i.main)
    i.svcrt_drv_register                     0x08060228   Section        0  svcrt_driver_bridge.o(i.svcrt_drv_register)
    i.svcrt_task_wait                        0x08060242   Section        0  svcrt_drv_oslib.o(i.svcrt_task_wait)
    x$fpl$fpinit                             0x0806024e   Section       10  fpinit.o(x$fpl$fpinit)
    $v0                                      0x0806024e   Number         0  fpinit.o(x$fpl$fpinit)
    .data                                    0x2001a000   Section       28  bled_drv.o(.data)
    bled_obj                                 0x2001a000   Data           8  bled_drv.o(.data)
    bled_drv                                 0x2001a008   Data          20  bled_drv.o(.data)

    Global Symbols

    Symbol Name                              Value     Ov Type        Size  Object(Section)

    BuildAttributes$$THM_ISAv4$E$P$D$K$B$S$7EM$VFPi3$EXTD16$VFPS$VFMA$PE$A:L22UL41UL21$X:L11$S22US41US21$IEEE1$IW$USESV6$~STKCKD$USESV7$~SHL$OSPACE$ROPI$EBA8$UX$STANDARDLIB$REQ8$PRES8$EABIv2 0x00000000   Number         0  anon$$obj.o ABSOLUTE
    __ARM_use_no_argv                        0x00000000   Number         0  svcrt_drv_main.o ABSOLUTE
    Image$$ZI$$Limit                          - Undefined Weak Reference
    __ARM_exceptions_init                     - Undefined Weak Reference
    __alloca_initialize                       - Undefined Weak Reference
    __arm_fini_                               - Undefined Weak Reference
    __arm_preinit_                            - Undefined Weak Reference
    __cpp_initialize__aeabi_                  - Undefined Weak Reference
    __cxa_finalize                            - Undefined Weak Reference
    __rt_locale                               - Undefined Weak Reference
    __sigvec_lookup                           - Undefined Weak Reference
    _atexit_init                              - Undefined Weak Reference
    _call_atexit_fns                          - Undefined Weak Reference
    _clock_init                               - Undefined Weak Reference
    _fp_trap_init                             - Undefined Weak Reference
    _fp_trap_shutdown                         - Undefined Weak Reference
    _get_lc_collate                           - Undefined Weak Reference
    _get_lc_ctype                             - Undefined Weak Reference
    _get_lc_monetary                          - Undefined Weak Reference
    _get_lc_numeric                           - Undefined Weak Reference
    _get_lc_time                              - Undefined Weak Reference
    _getenv_init                              - Undefined Weak Reference
    _handle_redirection                       - Undefined Weak Reference
    _init_alloc                               - Undefined Weak Reference
    _init_user_alloc                          - Undefined Weak Reference
    _initio                                   - Undefined Weak Reference
    _rand_init                                - Undefined Weak Reference
    _signal_finish                            - Undefined Weak Reference
    _signal_init                              - Undefined Weak Reference
    _terminate_alloc                          - Undefined Weak Reference
    _terminate_user_alloc                     - Undefined Weak Reference
    _terminateio                              - Undefined Weak Reference
    DRVSTART                                 0x08060001   Thumb Code    10  svcrt_drv_start.o(RESET)
    __main                                   0x08060011   Thumb Code     8  __main.o(!!!main)
    __scatterload                            0x08060019   Thumb Code     0  __scatter.o(!!!scatter)
    __scatterload_rt2                        0x08060019   Thumb Code    44  __scatter.o(!!!scatter)
    __scatterload_rt2_thumb_only             0x08060019   Thumb Code     0  __scatter.o(!!!scatter)
    __scatterload_null                       0x08060027   Thumb Code     0  __scatter.o(!!!scatter)
    __scatterload_copy                       0x0806004d   Thumb Code    26  __scatter_copy.o(!!handler_copy)
    __rt_lib_init                            0x08060067   Thumb Code     0  libinit.o(.ARM.Collect$$libinit$$00000000)
    __rt_lib_init_fp_1                       0x08060069   Thumb Code     0  libinit2.o(.ARM.Collect$$libinit$$00000001)
    __rt_lib_init_alloca_1                   0x0806006d   Thumb Code     0  libinit2.o(.ARM.Collect$$libinit$$0000002E)
    __rt_lib_init_argv_1                     0x0806006d   Thumb Code     0  libinit2.o(.ARM.Collect$$libinit$$0000002C)
    __rt_lib_init_atexit_1                   0x0806006d   Thumb Code     0  libinit2.o(.ARM.Collect$$libinit$$0000001B)
    __rt_lib_init_clock_1                    0x0806006d   Thumb Code     0  libinit2.o(.ARM.Collect$$libinit$$00000021)
    __rt_lib_init_cpp_1                      0x0806006d   Thumb Code     0  libinit2.o(.ARM.Collect$$libinit$$00000032)
    __rt_lib_init_exceptions_1               0x0806006d   Thumb Code     0  libinit2.o(.ARM.Collect$$libinit$$00000030)
    __rt_lib_init_fp_trap_1                  0x0806006d   Thumb Code     0  libinit2.o(.ARM.Collect$$libinit$$0000001F)
    __rt_lib_init_getenv_1                   0x0806006d   Thumb Code     0  libinit2.o(.ARM.Collect$$libinit$$00000023)
    __rt_lib_init_heap_1                     0x0806006d   Thumb Code     0  libinit2.o(.ARM.Collect$$libinit$$0000000A)
    __rt_lib_init_lc_collate_1               0x0806006d   Thumb Code     0  libinit2.o(.ARM.Collect$$libinit$$00000011)
    __rt_lib_init_lc_ctype_1                 0x0806006d   Thumb Code     0  libinit2.o(.ARM.Collect$$libinit$$00000013)
    __rt_lib_init_lc_monetary_1              0x0806006d   Thumb Code     0  libinit2.o(.ARM.Collect$$libinit$$00000015)
    __rt_lib_init_lc_numeric_1               0x0806006d   Thumb Code     0  libinit2.o(.ARM.Collect$$libinit$$00000017)
    __rt_lib_init_lc_time_1                  0x0806006d   Thumb Code     0  libinit2.o(.ARM.Collect$$libinit$$00000019)
    __rt_lib_init_preinit_1                  0x0806006d   Thumb Code     0  libinit2.o(.ARM.Collect$$libinit$$00000004)
    __rt_lib_init_rand_1                     0x0806006d   Thumb Code     0  libinit2.o(.ARM.Collect$$libinit$$0000000E)
    __rt_lib_init_return                     0x0806006d   Thumb Code     0  libinit2.o(.ARM.Collect$$libinit$$00000033)
    __rt_lib_init_signal_1                   0x0806006d   Thumb Code     0  libinit2.o(.ARM.Collect$$libinit$$0000001D)
    __rt_lib_init_stdio_1                    0x0806006d   Thumb Code     0  libinit2.o(.ARM.Collect$$libinit$$00000025)
    __rt_lib_init_user_alloc_1               0x0806006d   Thumb Code     0  libinit2.o(.ARM.Collect$$libinit$$0000000C)
    __rt_lib_shutdown                        0x0806006f   Thumb Code     0  libshutdown.o(.ARM.Collect$$libshutdown$$00000000)
    __rt_lib_shutdown_cpp_1                  0x08060071   Thumb Code     0  libshutdown2.o(.ARM.Collect$$libshutdown$$00000004)
    __rt_lib_shutdown_fini_1                 0x08060071   Thumb Code     0  libshutdown2.o(.ARM.Collect$$libshutdown$$00000002)
    __rt_lib_shutdown_fp_trap_1              0x08060071   Thumb Code     0  libshutdown2.o(.ARM.Collect$$libshutdown$$00000009)
    __rt_lib_shutdown_heap_1                 0x08060071   Thumb Code     0  libshutdown2.o(.ARM.Collect$$libshutdown$$00000011)
    __rt_lib_shutdown_return                 0x08060071   Thumb Code     0  libshutdown2.o(.ARM.Collect$$libshutdown$$00000012)
    __rt_lib_shutdown_signal_1               0x08060071   Thumb Code     0  libshutdown2.o(.ARM.Collect$$libshutdown$$0000000C)
    __rt_lib_shutdown_stdio_1                0x08060071   Thumb Code     0  libshutdown2.o(.ARM.Collect$$libshutdown$$00000006)
    __rt_lib_shutdown_user_alloc_1           0x08060071   Thumb Code     0  libshutdown2.o(.ARM.Collect$$libshutdown$$0000000E)
    __rt_entry                               0x08060073   Thumb Code     0  __rtentry.o(.ARM.Collect$$rtentry$$00000000)
    __rt_entry_presh_1                       0x08060073   Thumb Code     0  __rtentry2.o(.ARM.Collect$$rtentry$$00000002)
    __rt_entry_sh                            0x08060073   Thumb Code     0  __rtentry7.o(.ARM.Collect$$rtentry$$00000007)
    __rt_entry_li                            0x08060077   Thumb Code     0  __rtentry2.o(.ARM.Collect$$rtentry$$0000000A)
    __rt_entry_postsh_1                      0x08060077   Thumb Code     0  __rtentry2.o(.ARM.Collect$$rtentry$$00000009)
    __rt_entry_main                          0x0806007b   Thumb Code     0  __rtentry2.o(.ARM.Collect$$rtentry$$0000000D)
    __rt_entry_postli_1                      0x0806007b   Thumb Code     0  __rtentry2.o(.ARM.Collect$$rtentry$$0000000C)
    __rt_exit                                0x08060089   Thumb Code     0  rtexit.o(.ARM.Collect$$rtexit$$00000000)
    __rt_exit_ls                             0x0806008b   Thumb Code     0  rtexit2.o(.ARM.Collect$$rtexit$$00000003)
    __rt_exit_prels_1                        0x0806008b   Thumb Code     0  rtexit2.o(.ARM.Collect$$rtexit$$00000002)
    __rt_exit_exit                           0x0806008f   Thumb Code     0  rtexit2.o(.ARM.Collect$$rtexit$$00000004)
    exit                                     0x08060095   Thumb Code    18  exit.o(.text)
    __I$use$semihosting                      0x080600a7   Thumb Code     0  use_no_semi.o(.text)
    __use_no_semihosting_swi                 0x080600a7   Thumb Code     2  use_no_semi.o(.text)
    __semihosting_library_function           0x080600a9   Thumb Code     0  indicate_semi.o(.text)
    _sys_exit                                0x080600a9   Thumb Code     8  sys_exit.o(.text)
    DrvMain                                  0x080600b5   Thumb Code    22  bled_drv.o(i.DrvMain)
    main                                     0x08060221   Thumb Code     8  svcrt_drv_main.o(i.main)
    svcrt_drv_register                       0x08060229   Thumb Code    26  svcrt_driver_bridge.o(i.svcrt_drv_register)
    svcrt_task_wait                          0x08060243   Thumb Code    12  svcrt_drv_oslib.o(i.svcrt_task_wait)
    _fp_init                                 0x0806024f   Thumb Code    10  fpinit.o(x$fpl$fpinit)
    __fplib_config_fpu_vfp                   0x08060257   Thumb Code     0  fpinit.o(x$fpl$fpinit)
    __fplib_config_pureend_doubles           0x08060257   Thumb Code     0  fpinit.o(x$fpl$fpinit)
    Region$$Table$$Base                      0x08060258   Number         0  anon$$obj.o(Region$$Table)
    Region$$Table$$Limit                     0x08060268   Number         0  anon$$obj.o(Region$$Table)
    Image$$ARM_LIB_STACK$$ZI$$Limit          0x2001c000   Number         0  anon$$obj.o ABSOLUTE



==============================================================================

Memory Map of the image

  Image Entry point : 0x08060011

  Load Region LR_DRV (Base: 0x08060000, Size: 0x00000284, Max: 0x00020000, ABSOLUTE)

    Execution Region ER_DRV (Exec base: 0x08060000, Load base: 0x08060000, Size: 0x00000268, Max: 0x00020000, ABSOLUTE)

    Exec Addr    Load Addr    Size         Type   Attr      Idx    E Section Name        Object

    0x08060000   0x08060000   0x00000010   Code   RO          144    RESET               svcrt_drv_start.o
    0x08060010   0x08060010   0x00000008   Code   RO          151  * !!!main             c_w.l(__main.o)
    0x08060018   0x08060018   0x00000034   Code   RO          317    !!!scatter          c_w.l(__scatter.o)
    0x0806004c   0x0806004c   0x0000001a   Code   RO          319    !!handler_copy      c_w.l(__scatter_copy.o)
    0x08060066   0x08060066   0x00000002   Code   RO          183    .ARM.Collect$$libinit$$00000000  c_w.l(libinit.o)
    0x08060068   0x08060068   0x00000004   Code   RO          191    .ARM.Collect$$libinit$$00000001  c_w.l(libinit2.o)
    0x0806006c   0x0806006c   0x00000000   Code   RO          194    .ARM.Collect$$libinit$$00000004  c_w.l(libinit2.o)
    0x0806006c   0x0806006c   0x00000000   Code   RO          197    .ARM.Collect$$libinit$$0000000A  c_w.l(libinit2.o)
    0x0806006c   0x0806006c   0x00000000   Code   RO          199    .ARM.Collect$$libinit$$0000000C  c_w.l(libinit2.o)
    0x0806006c   0x0806006c   0x00000000   Code   RO          201    .ARM.Collect$$libinit$$0000000E  c_w.l(libinit2.o)
    0x0806006c   0x0806006c   0x00000000   Code   RO          204    .ARM.Collect$$libinit$$00000011  c_w.l(libinit2.o)
    0x0806006c   0x0806006c   0x00000000   Code   RO          206    .ARM.Collect$$libinit$$00000013  c_w.l(libinit2.o)
    0x0806006c   0x0806006c   0x00000000   Code   RO          208    .ARM.Collect$$libinit$$00000015  c_w.l(libinit2.o)
    0x0806006c   0x0806006c   0x00000000   Code   RO          210    .ARM.Collect$$libinit$$00000017  c_w.l(libinit2.o)
    0x0806006c   0x0806006c   0x00000000   Code   RO          212    .ARM.Collect$$libinit$$00000019  c_w.l(libinit2.o)
    0x0806006c   0x0806006c   0x00000000   Code   RO          214    .ARM.Collect$$libinit$$0000001B  c_w.l(libinit2.o)
    0x0806006c   0x0806006c   0x00000000   Code   RO          216    .ARM.Collect$$libinit$$0000001D  c_w.l(libinit2.o)
    0x0806006c   0x0806006c   0x00000000   Code   RO          218    .ARM.Collect$$libinit$$0000001F  c_w.l(libinit2.o)
    0x0806006c   0x0806006c   0x00000000   Code   RO          220    .ARM.Collect$$libinit$$00000021  c_w.l(libinit2.o)
    0x0806006c   0x0806006c   0x00000000   Code   RO          222    .ARM.Collect$$libinit$$00000023  c_w.l(libinit2.o)
    0x0806006c   0x0806006c   0x00000000   Code   RO          224    .ARM.Collect$$libinit$$00000025  c_w.l(libinit2.o)
    0x0806006c   0x0806006c   0x00000000   Code   RO          228    .ARM.Collect$$libinit$$0000002C  c_w.l(libinit2.o)
    0x0806006c   0x0806006c   0x00000000   Code   RO          230    .ARM.Collect$$libinit$$0000002E  c_w.l(libinit2.o)
    0x0806006c   0x0806006c   0x00000000   Code   RO          232    .ARM.Collect$$libinit$$00000030  c_w.l(libinit2.o)
    0x0806006c   0x0806006c   0x00000000   Code   RO          234    .ARM.Collect$$libinit$$00000032  c_w.l(libinit2.o)
    0x0806006c   0x0806006c   0x00000002   Code   RO          235    .ARM.Collect$$libinit$$00000033  c_w.l(libinit2.o)
    0x0806006e   0x0806006e   0x00000002   Code   RO          258    .ARM.Collect$$libshutdown$$00000000  c_w.l(libshutdown.o)
    0x08060070   0x08060070   0x00000000   Code   RO          268    .ARM.Collect$$libshutdown$$00000002  c_w.l(libshutdown2.o)
    0x08060070   0x08060070   0x00000000   Code   RO          270    .ARM.Collect$$libshutdown$$00000004  c_w.l(libshutdown2.o)
    0x08060070   0x08060070   0x00000000   Code   RO          272    .ARM.Collect$$libshutdown$$00000006  c_w.l(libshutdown2.o)
    0x08060070   0x08060070   0x00000000   Code   RO          275    .ARM.Collect$$libshutdown$$00000009  c_w.l(libshutdown2.o)
    0x08060070   0x08060070   0x00000000   Code   RO          278    .ARM.Collect$$libshutdown$$0000000C  c_w.l(libshutdown2.o)
    0x08060070   0x08060070   0x00000000   Code   RO          280    .ARM.Collect$$libshutdown$$0000000E  c_w.l(libshutdown2.o)
    0x08060070   0x08060070   0x00000000   Code   RO          283    .ARM.Collect$$libshutdown$$00000011  c_w.l(libshutdown2.o)
    0x08060070   0x08060070   0x00000002   Code   RO          284    .ARM.Collect$$libshutdown$$00000012  c_w.l(libshutdown2.o)
    0x08060072   0x08060072   0x00000000   Code   RO          153    .ARM.Collect$$rtentry$$00000000  c_w.l(__rtentry.o)
    0x08060072   0x08060072   0x00000000   Code   RO          155    .ARM.Collect$$rtentry$$00000002  c_w.l(__rtentry2.o)
    0x08060072   0x08060072   0x00000004   Code   RO          169    .ARM.Collect$$rtentry$$00000007  c_w.l(__rtentry7.o)
    0x08060076   0x08060076   0x00000000   Code   RO          157    .ARM.Collect$$rtentry$$00000009  c_w.l(__rtentry2.o)
    0x08060076   0x08060076   0x00000004   Code   RO          158    .ARM.Collect$$rtentry$$0000000A  c_w.l(__rtentry2.o)
    0x0806007a   0x0806007a   0x00000000   Code   RO          160    .ARM.Collect$$rtentry$$0000000C  c_w.l(__rtentry2.o)
    0x0806007a   0x0806007a   0x00000008   Code   RO          161    .ARM.Collect$$rtentry$$0000000D  c_w.l(__rtentry2.o)
    0x08060082   0x08060082   0x00000002   PAD
    0x08060084   0x08060084   0x00000004   Code   RO          170    .ARM.Collect$$rtentry$$00002718  c_w.l(__rtentry7.o)
    0x08060088   0x08060088   0x00000002   Code   RO          189    .ARM.Collect$$rtexit$$00000000  c_w.l(rtexit.o)
    0x0806008a   0x0806008a   0x00000000   Code   RO          240    .ARM.Collect$$rtexit$$00000002  c_w.l(rtexit2.o)
    0x0806008a   0x0806008a   0x00000004   Code   RO          241    .ARM.Collect$$rtexit$$00000003  c_w.l(rtexit2.o)
    0x0806008e   0x0806008e   0x00000006   Code   RO          242    .ARM.Collect$$rtexit$$00000004  c_w.l(rtexit2.o)
    0x08060094   0x08060094   0x00000012   Code   RO          176    .text               c_w.l(exit.o)
    0x080600a6   0x080600a6   0x00000002   Code   RO          236    .text               c_w.l(use_no_semi.o)
    0x080600a8   0x080600a8   0x00000000   Code   RO          238    .text               c_w.l(indicate_semi.o)
    0x080600a8   0x080600a8   0x0000000c   Code   RO          250    .text               c_w.l(sys_exit.o)
    0x080600b4   0x080600b4   0x00000024   Code   RO            2    i.DrvMain           bled_drv.o
    0x080600d8   0x080600d8   0x00000012   Code   RO            3    i.bled_drv_close    bled_drv.o
    0x080600ea   0x080600ea   0x00000048   Code   RO            4    i.bled_drv_ctrl     bled_drv.o
    0x08060132   0x08060132   0x00000002   PAD
    0x08060134   0x08060134   0x00000068   Code   RO            5    i.bled_drv_open     bled_drv.o
    0x0806019c   0x0806019c   0x00000024   Code   RO            6    i.bled_drv_read     bled_drv.o
    0x080601c0   0x080601c0   0x00000048   Code   RO            7    i.bled_drv_write    bled_drv.o
    0x08060208   0x08060208   0x00000018   Code   RO            8    i.bled_set          bled_drv.o
    0x08060220   0x08060220   0x00000008   Code   RO           55    i.main              svcrt_drv_main.o
    0x08060228   0x08060228   0x0000001a   Code   RO           73    i.svcrt_drv_register  svcrt_driver_bridge.o
    0x08060242   0x08060242   0x0000000c   Code   RO          101    i.svcrt_task_wait   svcrt_drv_oslib.o
    0x0806024e   0x0806024e   0x0000000a   Code   RO          248    x$fpl$fpinit        fz_wm.l(fpinit.o)
    0x08060258   0x08060258   0x00000010   Data   RO          315    Region$$Table       anon$$obj.o


    Execution Region RW_DRV (Exec base: 0x2001a000, Load base: 0x08060268, Size: 0x0000001c, Max: 0x00001800, ABSOLUTE)

    Exec Addr    Load Addr    Size         Type   Attr      Idx    E Section Name        Object

    0x2001a000   0x08060268   0x0000001c   Data   RW            9    .data               bled_drv.o


    Execution Region ARM_LIB_STACK (Exec base: 0x2001b800, Load base: 0x08060284, Size: 0x00000800, Max: 0x00000800, ABSOLUTE)

    Exec Addr    Load Addr    Size         Type   Attr      Idx    E Section Name        Object

    0x2001b800        -       0x00000800   Zero   RW            1    ARM_LIB_STACK.bss   anon$$obj.o


==============================================================================

Image component sizes


      Code (inc. data)   RO Data    RW Data    ZI Data      Debug   Object Name

       362         32          0         28          0       8258   bled_drv.o
        26          0          0          0          0       1241   svcrt_driver_bridge.o
         8          0          0          0          0        563   svcrt_drv_main.o
        12          0          0          0          0        626   svcrt_drv_oslib.o
        16          6          0          0          0        496   svcrt_drv_start.o

    ----------------------------------------------------------------------
       426         38         16         28       2048      11184   Object Totals
         0          0         16          0       2048          0   (incl. Generated)
         2          0          0          0          0          0   (incl. Padding)

    ----------------------------------------------------------------------

      Code (inc. data)   RO Data    RW Data    ZI Data      Debug   Library Member Name

         8          0          0          0          0         68   __main.o
         0          0          0          0          0          0   __rtentry.o
        12          0          0          0          0          0   __rtentry2.o
         8          4          0          0          0          0   __rtentry7.o
        52          8          0          0          0          0   __scatter.o
        26          0          0          0          0          0   __scatter_copy.o
        18          0          0          0          0         80   exit.o
         0          0          0          0          0          0   indicate_semi.o
         2          0          0          0          0          0   libinit.o
         6          0          0          0          0          0   libinit2.o
         2          0          0          0          0          0   libshutdown.o
         2          0          0          0          0          0   libshutdown2.o
         2          0          0          0          0          0   rtexit.o
        10          0          0          0          0          0   rtexit2.o
        12          4          0          0          0         68   sys_exit.o
         2          0          0          0          0         68   use_no_semi.o
        10          0          0          0          0        116   fpinit.o

    ----------------------------------------------------------------------
       174         16          0          0          0        400   Library Totals
         2          0          0          0          0          0   (incl. Padding)

    ----------------------------------------------------------------------

      Code (inc. data)   RO Data    RW Data    ZI Data      Debug   Library Name

       162         16          0          0          0        284   c_w.l
        10          0          0          0          0        116   fz_wm.l

    ----------------------------------------------------------------------
       174         16          0          0          0        400   Library Totals

    ----------------------------------------------------------------------

==============================================================================


      Code (inc. data)   RO Data    RW Data    ZI Data      Debug   

       600         54         16         28       2048      10616   Grand Totals
       600         54         16         28       2048      10616   ELF Image Totals
       600         54         16         28          0          0   ROM Totals

==============================================================================

    Total RO  Size (Code + RO Data)                  616 (   0.60kB)
    Total RW  Size (RW Data + ZI Data)              2076 (   2.03kB)
    Total ROM Size (Code + RO Data + RW Data)        644 (   0.63kB)

==============================================================================

