


ARM Macro Assembler    Page 1 


    1 00000000         
    2 00000000                 AREA             |.text|, CODE, READONLY
    3 00000000         
    4 00000000         PendSV_Handler
                               PROC
    5 00000000                 EXPORT           PendSV_Handler
    6 00000000                 IMPORT           svcrt_sched_is_switching
    7 00000000                 IMPORT           svcrt_sched_activate
    8 00000000 B501            PUSH             {R0,LR}
    9 00000002         
   10 00000002 4A0E            LDR              R2, = svcrt_sched_is_switching
   11 00000004 4790            BLX              R2
   12 00000006 F110 0F00       CMN              R0,#0
   13 0000000A D40D            BMI              endpend
   14 0000000C         
   15 0000000C F3EF 8109       MRS              R1,PSP
   16 00000010         
   17 00000010                 IF               :DEF:SVCRT_USE_FPU
   18 00000010 ED21 8A10       VSTMDB           R1!,{S16-S31}
   19 00000014                 ENDIF
   20 00000014         
   21 00000014 E921 0FF0       STMDB            R1!,{R4-R11}
   22 00000018         
   23 00000018 4A09            LDR              R2,=svcrt_sched_activate
   24 0000001A 4790            BLX              R2
   25 0000001C         
   26 0000001C E8B0 0FF0       LDMIA            R0!,{R4-R11}
   27 00000020         
   28 00000020                 IF               :DEF:SVCRT_USE_FPU
   29 00000020 ECB0 8A10       VLDMIA           R0!,{S16-S31}
   30 00000024                 ENDIF
   31 00000024         
   32 00000024 F380 8809       MSR              PSP,R0
   33 00000028         
   34 00000028         endpend
   35 00000028 BD01            POP              {R0,PC}
   36 0000002A                 ENDP
   37 0000002A         
   38 0000002A         SVC_Handler
                               PROC
   39 0000002A                 EXPORT           SVC_Handler
   40 0000002A                 IMPORT           SVC_Server
   41 0000002A F01E 0F04       TST              LR, #4
   42 0000002E BF0C            ITE              EQ
   43 00000030 F3EF 8008       MRSEQ            R0,MSP
   44 00000034 F3EF 8009       MRSNE            R0,PSP
   45 00000038 F7FF BFFE       B                SVC_Server
   46 0000003C                 ENDP
   47 0000003C                 END
              00000000 
              00000000 
Command Line: --debug --xref --diag_suppress=9931 --cpu=Cortex-M4.fp.sp --apcs=
interwork --depend=svcrtos_test\context_rvds.d -osvcrtos_test\context_rvds.o -I
.\RTE\_SVCRTOS_TEST -IE:\mdk5\pack\ARM\CMSIS\5.8.0\CMSIS\Core\Include -IE:\mdk5
\pack\Keil\STM32F4xx_DFP\2.17.0\Drivers\CMSIS\Device\ST\STM32F4xx\Include --pre
define="__UVISION_VERSION SETA 535" --predefine="_RTE_ SETA 1" --predefine="STM
32F427xx SETA 1" --predefine="_RTE_ SETA 1" --predefine="SVCRT_USE_FPU SETA 1" 
--list=context_rvds.lst ..\..\..\..\..\board\stm32f427\context_rvds.S



ARM Macro Assembler    Page 1 Alphabetic symbol ordering
Relocatable symbols

.text 00000000

Symbol: .text
   Definitions
      At line 2 in file ..\..\..\..\..\board\stm32f427\context_rvds.S
   Uses
      None
Comment: .text unused
PendSV_Handler 00000000

Symbol: PendSV_Handler
   Definitions
      At line 4 in file ..\..\..\..\..\board\stm32f427\context_rvds.S
   Uses
      At line 5 in file ..\..\..\..\..\board\stm32f427\context_rvds.S
Comment: PendSV_Handler used once
SVC_Handler 0000002A

Symbol: SVC_Handler
   Definitions
      At line 38 in file ..\..\..\..\..\board\stm32f427\context_rvds.S
   Uses
      At line 39 in file ..\..\..\..\..\board\stm32f427\context_rvds.S
Comment: SVC_Handler used once
endpend 00000028

Symbol: endpend
   Definitions
      At line 34 in file ..\..\..\..\..\board\stm32f427\context_rvds.S
   Uses
      At line 13 in file ..\..\..\..\..\board\stm32f427\context_rvds.S
Comment: endpend used once
4 symbols



ARM Macro Assembler    Page 1 Alphabetic symbol ordering
External symbols

SVC_Server 00000000

Symbol: SVC_Server
   Definitions
      At line 40 in file ..\..\..\..\..\board\stm32f427\context_rvds.S
   Uses
      At line 45 in file ..\..\..\..\..\board\stm32f427\context_rvds.S
Comment: SVC_Server used once
svcrt_sched_activate 00000000

Symbol: svcrt_sched_activate
   Definitions
      At line 7 in file ..\..\..\..\..\board\stm32f427\context_rvds.S
   Uses
      At line 23 in file ..\..\..\..\..\board\stm32f427\context_rvds.S
Comment: svcrt_sched_activate used once
svcrt_sched_is_switching 00000000

Symbol: svcrt_sched_is_switching
   Definitions
      At line 6 in file ..\..\..\..\..\board\stm32f427\context_rvds.S
   Uses
      At line 10 in file ..\..\..\..\..\board\stm32f427\context_rvds.S
Comment: svcrt_sched_is_switching used once
3 symbols
344 symbols in table
