


ARM Macro Assembler    Page 1 


    1 00000000         
    2 00000000                 AREA             |.text|, CODE, READONLY
    3 00000000         
    4 00000000         ;-------------------------------------------------------
                       -------
    5 00000000         ; PendSV_Handler - Cortex-M4 ???????????§Ý?
    6 00000000         ; ?? SVCRT_USE_FPU=1 ?????????/??? FPU ???????????? S16-
                       S31??
    7 00000000         ; ?????? EXC_RETURN(LR) ???????????? FPU ???????
    8 00000000         ;-------------------------------------------------------
                       -------
    9 00000000         PendSV_Handler
                               PROC
   10 00000000                 EXPORT           PendSV_Handler
   11 00000000                 IMPORT           svcrt_sched_is_switching
   12 00000000                 IMPORT           svcrt_sched_activate
   13 00000000         
   14 00000000 B501            PUSH             {R0, LR}
   15 00000002         
   16 00000002 4A11            LDR              R2, =svcrt_sched_is_switching
   17 00000004 4790            BLX              R2
   18 00000006 F110 0F00       CMN              R0, #0
   19 0000000A D413            BMI              endpend
   20 0000000C         
   21 0000000C F3EF 8109       MRS              R1, PSP
   22 00000010         
   23 00000010                 IF               {FPU} != "SoftVFP"
   24 00000010         ; ?????????????? FPU??EXC_RETURN bit4=0???????? S16-S31
   25 00000010 F01E 0F10       TST              LR, #0x10
   26 00000014 BF08            IT               EQ
   27 00000016 ED21 8A10       VSTMDBEQ         R1!, {S16-S31}
   28 0000001A                 ENDIF
   29 0000001A         
   30 0000001A E921 4FF0       STMDB            R1!, {R4-R11, LR}
   31 0000001E         
   32 0000001E 4A0B            LDR              R2, =svcrt_sched_activate
   33 00000020 4790            BLX              R2
   34 00000022         
   35 00000022 E8B0 4FF0       LDMIA            R0!, {R4-R11, LR}
   36 00000026         
   37 00000026                 IF               {FPU} != "SoftVFP"
   38 00000026 F01E 0F10       TST              LR, #0x10
   39 0000002A BF08            IT               EQ
   40 0000002C ECB0 8A10       VLDMIAEQ         R0!, {S16-S31}
   41 00000030                 ENDIF
   42 00000030         
   43 00000030 F380 8809       MSR              PSP, R0
   44 00000034         
   45 00000034         endpend
   46 00000034 BD01            POP              {R0, PC}
   47 00000036                 ENDP
   48 00000036         
   49 00000036         
   50 00000036         ;-------------------------------------------------------
                       -------
   51 00000036         ; SVC_Handler - ????????????
   52 00000036         ;-------------------------------------------------------
                       -------
   53 00000036         SVC_Handler



ARM Macro Assembler    Page 2 


                               PROC
   54 00000036                 EXPORT           SVC_Handler
   55 00000036                 IMPORT           SVC_Server
   56 00000036         
   57 00000036 F01E 0F04       TST              LR, #4
   58 0000003A BF0C            ITE              EQ
   59 0000003C F3EF 8008       MRSEQ            R0, MSP
   60 00000040 F3EF 8009       MRSNE            R0, PSP
   61 00000044 F7FF BFFE       B                SVC_Server
   62 00000048                 ENDP
   63 00000048         
   64 00000048                 END
              00000000 
              00000000 
Command Line: --debug --xref --diag_suppress=9931 --cpu=Cortex-M4.fp.sp --apcs=
interwork --depend=svcrtos_test\svcrt_context.d -osvcrtos_test\svcrt_context.o 
-I.\RTE\_SVCRTOS_TEST -ID:\Users\xw\AppData\Local\Arm\Packs\ARM\CMSIS\6.1.0\CMS
IS\Core\Include -ID:\Users\xw\AppData\Local\Arm\Packs\Keil\STM32F4xx_DFP\2.15.0
\Drivers\CMSIS\Device\ST\STM32F4xx\Include --predefine="__UVISION_VERSION SETA 
541" --predefine="STM32F427xx SETA 1" --predefine="_RTE_ SETA 1" --list=svcrt_c
ontext.lst ..\..\..\..\..\kernelsrc\port\arm\cortex-m4\svcrt_context.S



ARM Macro Assembler    Page 1 Alphabetic symbol ordering
Relocatable symbols

.text 00000000

Symbol: .text
   Definitions
      At line 2 in file ..\..\..\..\..\kernelsrc\port\arm\cortex-m4\svcrt_conte
xt.S
   Uses
      None
Comment: .text unused
PendSV_Handler 00000000

Symbol: PendSV_Handler
   Definitions
      At line 9 in file ..\..\..\..\..\kernelsrc\port\arm\cortex-m4\svcrt_conte
xt.S
   Uses
      At line 10 in file ..\..\..\..\..\kernelsrc\port\arm\cortex-m4\svcrt_cont
ext.S
Comment: PendSV_Handler used once
SVC_Handler 00000036

Symbol: SVC_Handler
   Definitions
      At line 53 in file ..\..\..\..\..\kernelsrc\port\arm\cortex-m4\svcrt_cont
ext.S
   Uses
      At line 54 in file ..\..\..\..\..\kernelsrc\port\arm\cortex-m4\svcrt_cont
ext.S
Comment: SVC_Handler used once
endpend 00000034

Symbol: endpend
   Definitions
      At line 45 in file ..\..\..\..\..\kernelsrc\port\arm\cortex-m4\svcrt_cont
ext.S
   Uses
      At line 19 in file ..\..\..\..\..\kernelsrc\port\arm\cortex-m4\svcrt_cont
ext.S
Comment: endpend used once
4 symbols



ARM Macro Assembler    Page 1 Alphabetic symbol ordering
External symbols

SVC_Server 00000000

Symbol: SVC_Server
   Definitions
      At line 55 in file ..\..\..\..\..\kernelsrc\port\arm\cortex-m4\svcrt_cont
ext.S
   Uses
      At line 61 in file ..\..\..\..\..\kernelsrc\port\arm\cortex-m4\svcrt_cont
ext.S
Comment: SVC_Server used once
svcrt_sched_activate 00000000

Symbol: svcrt_sched_activate
   Definitions
      At line 12 in file ..\..\..\..\..\kernelsrc\port\arm\cortex-m4\svcrt_cont
ext.S
   Uses
      At line 32 in file ..\..\..\..\..\kernelsrc\port\arm\cortex-m4\svcrt_cont
ext.S
Comment: svcrt_sched_activate used once
svcrt_sched_is_switching 00000000

Symbol: svcrt_sched_is_switching
   Definitions
      At line 11 in file ..\..\..\..\..\kernelsrc\port\arm\cortex-m4\svcrt_cont
ext.S
   Uses
      At line 16 in file ..\..\..\..\..\kernelsrc\port\arm\cortex-m4\svcrt_cont
ext.S
Comment: svcrt_sched_is_switching used once
3 symbols
343 symbols in table
