


ARM Macro Assembler    Page 1 


    1 00000000         
    2 00000000                 AREA             |.text|, CODE, READONLY
    3 00000000         
    4 00000000         ;-------------------------------------------------------
                       -------
    5 00000000         ; PendSV_Handler - Cortex-M4 任务上下文切换
    6 00000000         ;-------------------------------------------------------
                       -------
    7 00000000         PendSV_Handler
                               PROC
    8 00000000                 EXPORT           PendSV_Handler
    9 00000000                 IMPORT           svcrt_sched_is_switching
   10 00000000                 IMPORT           svcrt_sched_activate
   11 00000000         
   12 00000000 B501            PUSH             {R0, LR}
   13 00000002         
   14 00000002 4A0C            LDR              R2, =svcrt_sched_is_switching
   15 00000004 4790            BLX              R2
   16 00000006 F110 0F00       CMN              R0, #0
   17 0000000A D409            BMI              endpend
   18 0000000C         
   19 0000000C F3EF 8109       MRS              R1, PSP
   20 00000010 E921 0FF0       STMDB            R1!, {R4-R11}
   21 00000014         
   22 00000014 4A08            LDR              R2, =svcrt_sched_activate
   23 00000016 4790            BLX              R2
   24 00000018         
   25 00000018 E8B0 0FF0       LDMIA            R0!, {R4-R11}
   26 0000001C F380 8809       MSR              PSP, R0
   27 00000020         
   28 00000020         endpend
   29 00000020 BD01            POP              {R0, PC}
   30 00000022                 ENDP
   31 00000022         
   32 00000022         
   33 00000022         ;-------------------------------------------------------
                       -------
   34 00000022         ; SVC_Handler - 系统服务调用入口
   35 00000022         ;-------------------------------------------------------
                       -------
   36 00000022         SVC_Handler
                               PROC
   37 00000022                 EXPORT           SVC_Handler
   38 00000022                 IMPORT           SVC_Server
   39 00000022         
   40 00000022 F01E 0F04       TST              LR, #4
   41 00000026 BF0C            ITE              EQ
   42 00000028 F3EF 8008       MRSEQ            R0, MSP
   43 0000002C F3EF 8009       MRSNE            R0, PSP
   44 00000030 F7FF BFFE       B                SVC_Server
   45 00000034                 ENDP
   46 00000034         
   47 00000034                 END
              00000000 
              00000000 
Command Line: --debug --xref --diag_suppress=9931 --cpu=Cortex-M4.fp.sp --apcs=
interwork --depend=svcrtos_test\svcrt_context.d -osvcrtos_test\svcrt_context.o 
-I.\RTE\_SVCRTOS_TEST -IE:\mdk5\pack\ARM\CMSIS\5.8.0\CMSIS\Core\Include -IE:\md
k5\pack\Keil\STM32F4xx_DFP\2.17.0\Drivers\CMSIS\Device\ST\STM32F4xx\Include --p



ARM Macro Assembler    Page 2 


redefine="__UVISION_VERSION SETA 535" --predefine="_RTE_ SETA 1" --predefine="S
TM32F427xx SETA 1" --predefine="_RTE_ SETA 1" --list=svcrt_context.lst ..\kerne
lsrc\port\arm\cortex-m4\svcrt_context.S



ARM Macro Assembler    Page 1 Alphabetic symbol ordering
Relocatable symbols

.text 00000000

Symbol: .text
   Definitions
      At line 2 in file ..\kernelsrc\port\arm\cortex-m4\svcrt_context.S
   Uses
      None
Comment: .text unused
PendSV_Handler 00000000

Symbol: PendSV_Handler
   Definitions
      At line 7 in file ..\kernelsrc\port\arm\cortex-m4\svcrt_context.S
   Uses
      At line 8 in file ..\kernelsrc\port\arm\cortex-m4\svcrt_context.S
Comment: PendSV_Handler used once
SVC_Handler 00000022

Symbol: SVC_Handler
   Definitions
      At line 36 in file ..\kernelsrc\port\arm\cortex-m4\svcrt_context.S
   Uses
      At line 37 in file ..\kernelsrc\port\arm\cortex-m4\svcrt_context.S
Comment: SVC_Handler used once
endpend 00000020

Symbol: endpend
   Definitions
      At line 28 in file ..\kernelsrc\port\arm\cortex-m4\svcrt_context.S
   Uses
      At line 17 in file ..\kernelsrc\port\arm\cortex-m4\svcrt_context.S
Comment: endpend used once
4 symbols



ARM Macro Assembler    Page 1 Alphabetic symbol ordering
External symbols

SVC_Server 00000000

Symbol: SVC_Server
   Definitions
      At line 38 in file ..\kernelsrc\port\arm\cortex-m4\svcrt_context.S
   Uses
      At line 44 in file ..\kernelsrc\port\arm\cortex-m4\svcrt_context.S
Comment: SVC_Server used once
svcrt_sched_activate 00000000

Symbol: svcrt_sched_activate
   Definitions
      At line 10 in file ..\kernelsrc\port\arm\cortex-m4\svcrt_context.S
   Uses
      At line 22 in file ..\kernelsrc\port\arm\cortex-m4\svcrt_context.S
Comment: svcrt_sched_activate used once
svcrt_sched_is_switching 00000000

Symbol: svcrt_sched_is_switching
   Definitions
      At line 9 in file ..\kernelsrc\port\arm\cortex-m4\svcrt_context.S
   Uses
      At line 14 in file ..\kernelsrc\port\arm\cortex-m4\svcrt_context.S
Comment: svcrt_sched_is_switching used once
3 symbols
343 symbols in table
